DEFINED_CRT_ORG_CODE            = $0001 ; const, local, , cpc_crt0, , C:/Users/r4373259/AppData/Local/Temp/zcc00002EE823AE4/zcc_opt.def:3
CRT_ORG_CODE                    = $0400 ; const, local, , cpc_crt0, , C:/Users/r4373259/AppData/Local/Temp/zcc00002EE823AE4/zcc_opt.def:4
start                           = $0400 ; addr, local, , cpc_crt0, , crt.asm:7
T_WIDTH                         = $0020 ; const, local, , tilemap_conf_asm, , tilemap_conf.asm:66
T_HEIGHT                        = $0018 ; const, local, , tilemap_conf_asm, , tilemap_conf.asm:67
vpClipStruct                    = $1128 ; addr, local, , mk1_c, code_compiler, definitions.h:4
fsClipStruct                    = $112C ; addr, local, , mk1_c, code_compiler, definitions.h:4
i_1                             = $47ED ; addr, local, , mk1_c, rodata_compiler, mk1.c::main::0::128:118
HLshr6_A                        = $1148 ; addr, local, , mk1_c, code_compiler, mtasmlib.h:6
Ashl16_HL                       = $1153 ; addr, local, , mk1_c, code_compiler, mtasmlib.h:6
withSign                        = $115F ; addr, local, , mk1_c, code_compiler, mtasmlib.h:6
depack                          = $1167 ; addr, local, , mk1_c, code_compiler, aplib.h:11
apbranch1                       = $116A ; addr, local, , mk1_c, code_compiler, aplib.h:11
aploop0                         = $116C ; addr, local, , mk1_c, code_compiler, aplib.h:11
ap_getbit                       = $11EE ; addr, local, , mk1_c, code_compiler, aplib.h:11
aploop                          = $116F ; addr, local, , mk1_c, code_compiler, aplib.h:11
apbranch2                       = $11AD ; addr, local, , mk1_c, code_compiler, aplib.h:11
apbranch3                       = $1199 ; addr, local, , mk1_c, code_compiler, aplib.h:11
apget4bits                      = $1182 ; addr, local, , mk1_c, code_compiler, aplib.h:11
apbranch4                       = $1190 ; addr, local, , mk1_c, code_compiler, aplib.h:11
apwritebyte                     = $118C ; addr, local, , mk1_c, code_compiler, aplib.h:11
ap_finishup2                    = $11DB ; addr, local, , mk1_c, code_compiler, aplib.h:11
ap_getgamma                     = $11FA ; addr, local, , mk1_c, code_compiler, aplib.h:11
ap_r0_gamma                     = $11E2 ; addr, local, , mk1_c, code_compiler, aplib.h:11
apskip2                         = $11CC ; addr, local, , mk1_c, code_compiler, aplib.h:11
apskip3                         = $11D5 ; addr, local, , mk1_c, code_compiler, aplib.h:11
ap_finishup                     = $11D8 ; addr, local, , mk1_c, code_compiler, aplib.h:11
ap_getgammaloop                 = $11FD ; addr, local, , mk1_c, code_compiler, aplib.h:11
bo_l1                           = $146C ; addr, local, , mk1_c, code_compiler, pantallas.h::blackout::0::1:32
_font                           = $148F ; addr, local, , mk1_c, code_compiler, assets/tileset.h::show_buffer_and_tiles::0::3:5
_tspatterns                     = $188F ; addr, local, , mk1_c, code_compiler, assets/tileset.h::show_buffer_and_tiles::0::3:5
_attr_2                         = $297F ; addr, local, , mk1_c, code_compiler, printer.h::attr::0::3:6
_attr_1                         = $2987 ; addr, local, , mk1_c, code_compiler, printer.h::attr::0::3:6
_attr_1b                        = $2991 ; addr, local, , mk1_c, code_compiler, printer.h::attr::0::3:6
_map_attr                       = $C600 ; const, local, , mk1_c, code_compiler, mk1.c::main::0::128:118
_attr_end                       = $29A4 ; addr, local, , mk1_c, code_compiler, printer.h::attr::0::3:6
qtile_do                        = $29AF ; addr, local, , mk1_c, code_compiler, printer.h::qtile::0::4:61
_map_buff                       = $C696 ; const, local, , mk1_c, code_compiler, mk1.c::main::0::128:118
_draw_decorations_loop          = $2A44 ; addr, local, , mk1_c, code_compiler, printer.h::draw_decorations::0::11:491
print_str_loop                  = $2AF7 ; addr, local, , mk1_c, code_compiler, printer.h::print_str::0::15:663
print_str_inv                   = $2B09 ; addr, local, , mk1_c, code_compiler, printer.h::print_str::0::15:663
i_16                            = $2B28 ; addr, local, , mk1_c, code_compiler, printer.h::clear_sprites::0::16:717
i_14                            = $2B23 ; addr, local, , mk1_c, code_compiler, printer.h::clear_sprites::0::16:717
i_15                            = $2B49 ; addr, local, , mk1_c, code_compiler, printer.h::clear_sprites::0::16:717
_sp_sw                          = $E600 ; const, local, , mk1_c, code_compiler, mk1.c::main::0::128:118
i_17                            = $2B4F ; addr, local, , mk1_c, code_compiler, printer.h::pal_set::0::18:727
i_18                            = $2B77 ; addr, local, , mk1_c, code_compiler, printer.h::pal_set::0::18:727
i_19                            = $2BAD ; addr, local, , mk1_c, code_compiler, engine/update.h::cpc_UpdateNow::0::19:9
_cpc_screen_update_inv_loop     = $2B84 ; addr, local, , mk1_c, code_compiler, engine/update.h::cpc_UpdateNow::0::19:9
_cpc_screen_update_inv_ret      = $2BA6 ; addr, local, , mk1_c, code_compiler, engine/update.h::cpc_UpdateNow::0::19:9
_cpc_screen_update_upd_buffer   = $2BAD ; addr, local, , mk1_c, code_compiler, engine/update.h::cpc_UpdateNow::0::19:9
i_20                            = $2BE4 ; addr, local, , mk1_c, code_compiler, engine/update.h::cpc_UpdateNow::0::19:9
_cpc_screen_update_upd_loop     = $2BBC ; addr, local, , mk1_c, code_compiler, engine/update.h::cpc_UpdateNow::0::19:9
_cpc_screen_update_upd_ret      = $2BDF ; addr, local, , mk1_c, code_compiler, engine/update.h::cpc_UpdateNow::0::19:9
_cpc_screen_update_done         = $2BE4 ; addr, local, , mk1_c, code_compiler, engine/update.h::cpc_UpdateNow::0::19:9
_cm_two_points_at1_reset        = $2C2B ; addr, local, , mk1_c, code_compiler, engine/general.h::cm_two_points::0::23:63
_cm_two_points_at1_do           = $2C2E ; addr, local, , mk1_c, code_compiler, engine/general.h::cm_two_points::0::23:63
_cm_two_points_at1_done         = $2C48 ; addr, local, , mk1_c, code_compiler, engine/general.h::cm_two_points::0::23:63
_cm_two_points_at2_reset        = $2C59 ; addr, local, , mk1_c, code_compiler, engine/general.h::cm_two_points::0::23:63
_cm_two_points_at2_do           = $2C5C ; addr, local, , mk1_c, code_compiler, engine/general.h::cm_two_points::0::23:63
_cm_two_points_at2_done         = $2C76 ; addr, local, , mk1_c, code_compiler, engine/general.h::cm_two_points::0::23:63
rand16                          = $2C7A ; addr, local, , mk1_c, code_compiler, engine/general.h::rand::0::24:138
nextrand                        = $2C96 ; addr, local, , mk1_c, code_compiler, engine/general.h::rand::0::24:138
i_21                            = $2CB4 ; addr, local, , mk1_c, code_compiler, engine/general.h::abs::0::25:182
i_22                            = $2CB9 ; addr, local, , mk1_c, code_compiler, engine/general.h::abs::0::25:182
i_23                            = $2D7F ; addr, local, , mk1_c, code_compiler, engine.h::addsign::0::29:20
i_24                            = $2D87 ; addr, local, , mk1_c, code_compiler, engine.h::addsign::0::29:20
i_25                            = $2D88 ; addr, local, , mk1_c, code_compiler, engine.h::espera_activa::0::30:28
i_26                            = $2D90 ; addr, local, , mk1_c, code_compiler, engine.h::espera_activa::0::30:28
i_29                            = $2D90 ; addr, local, , mk1_c, code_compiler, engine.h::espera_activa::0::30:28
i_28                            = $2DA8 ; addr, local, , mk1_c, code_compiler, engine.h::espera_activa::0::30:28
i_30                            = $2D9E ; addr, local, , mk1_c, code_compiler, engine.h::espera_activa::0::30:28
i_27                            = $2D9E ; addr, local, , mk1_c, code_compiler, engine.h::espera_activa::0::30:28
i_33                            = $2DDE ; addr, local, , mk1_c, code_compiler, engine.h::draw_scr_background::0::33:352
i_31                            = $2DD7 ; addr, local, , mk1_c, code_compiler, engine.h::draw_scr_background::0::33:352
i_32                            = $2E44 ; addr, local, , mk1_c, code_compiler, engine.h::draw_scr_background::3::35:474
_draw_scr_packed_existing       = $2E05 ; addr, local, , mk1_c, code_compiler, engine.h::draw_scr_background::0::33:352
_draw_scr_packed_new            = $2DF0 ; addr, local, , mk1_c, code_compiler, engine.h::draw_scr_background::0::33:352
_draw_scr_packed_done           = $2E0A ; addr, local, , mk1_c, code_compiler, engine.h::draw_scr_background::0::33:352
_advance_worm_no_inc_y          = $2E3E ; addr, local, , mk1_c, code_compiler, engine.h::draw_scr_background::3::35:474
_hotspots_setup_done            = $2EC1 ; addr, local, , mk1_c, code_compiler, engine.h::draw_scr::1::36:669
_hotspots_setup_do              = $2E87 ; addr, local, , mk1_c, code_compiler, engine.h::draw_scr::1::36:553
_hotspots_setup_set             = $2EB9 ; addr, local, , mk1_c, code_compiler, engine.h::draw_scr::1::36:553
_hotspots_setup_set_refill      = $2EB8 ; addr, local, , mk1_c, code_compiler, engine.h::draw_scr::1::36:553
_mons_col_sc_x_lineal           = $2ECC ; addr, local, , mk1_c, code_compiler, engine.h::mons_col_sc_x::0::36:768
_mons_col_sc_x_compare          = $2ED2 ; addr, local, , mk1_c, code_compiler, engine.h::mons_col_sc_x::0::36:768
_mons_col_sc_x_horz_positive    = $2EDF ; addr, local, , mk1_c, code_compiler, engine.h::mons_col_sc_x::0::36:768
_mons_col_sc_x_horz_negative_zero = $2EDC ; addr, local, , mk1_c, code_compiler, engine.h::mons_col_sc_x::0::36:768
_mons_col_sc_x_horz_set         = $2EE0 ; addr, local, , mk1_c, code_compiler, engine.h::mons_col_sc_x::0::36:768
i_34                            = $2F34 ; addr, local, , mk1_c, code_compiler, engine.h::mons_col_sc_x::0::36:768
i_35                            = $2F37 ; addr, local, , mk1_c, code_compiler, engine.h::mons_col_sc_x::0::36:768
_mons_col_sc_y_lineal           = $2F3A ; addr, local, , mk1_c, code_compiler, engine.h::mons_col_sc_y::0::37:849
_mons_col_sc_y_compare          = $2F40 ; addr, local, , mk1_c, code_compiler, engine.h::mons_col_sc_y::0::37:849
_mons_col_sc_y_vert_positive    = $2F4D ; addr, local, , mk1_c, code_compiler, engine.h::mons_col_sc_y::0::37:849
_mons_col_sc_y_vert_negative_zero = $2F4A ; addr, local, , mk1_c, code_compiler, engine.h::mons_col_sc_y::0::37:849
_mons_col_sc_y_vert_set         = $2F4E ; addr, local, , mk1_c, code_compiler, engine.h::mons_col_sc_y::0::37:849
i_36                            = $2F92 ; addr, local, , mk1_c, code_compiler, engine.h::mons_col_sc_y::0::37:849
i_37                            = $2F95 ; addr, local, , mk1_c, code_compiler, engine.h::mons_col_sc_y::0::37:849
i_39                            = $305D ; addr, local, , mk1_c, code_compiler, engine/player.h::player_move::0::40:247
i_40                            = $3060 ; addr, local, , mk1_c, code_compiler, engine/player.h::player_move::0::40:247
i_38                            = $30B6 ; addr, local, , mk1_c, code_compiler, engine/player.h::player_move::0::40:247
i_41                            = $3094 ; addr, local, , mk1_c, code_compiler, engine/player.h::player_move::0::40:247
i_42                            = $30B6 ; addr, local, , mk1_c, code_compiler, engine/player.h::player_move::0::40:247
i_43                            = $30B6 ; addr, local, , mk1_c, code_compiler, engine/player.h::player_move::0::40:247
i_44                            = $30B6 ; addr, local, , mk1_c, code_compiler, engine/player.h::player_move::0::40:247
i_45                            = $30B6 ; addr, local, , mk1_c, code_compiler, engine/player.h::player_move::0::40:247
i_46                            = $30DD ; addr, local, , mk1_c, code_compiler, engine/player.h::player_move::3::46:340
i_47                            = $30DD ; addr, local, , mk1_c, code_compiler, engine/player.h::player_move::3::46:340
i_48                            = $3106 ; addr, local, , mk1_c, code_compiler, engine/player.h::player_move::3::47:346
i_49                            = $3106 ; addr, local, , mk1_c, code_compiler, engine/player.h::player_move::3::47:346
i_50                            = $311C ; addr, local, , mk1_c, code_compiler, engine/player.h::player_move::1::47:372
i_51                            = $312F ; addr, local, , mk1_c, code_compiler, engine/player.h::player_move::1::47:372
i_52                            = $319E ; addr, local, , mk1_c, code_compiler, engine/player.h::player_move::3::49:410
i_54                            = $3177 ; addr, local, , mk1_c, code_compiler, engine/player.h::player_move::1::47:372
i_53                            = $319E ; addr, local, , mk1_c, code_compiler, engine/player.h::player_move::3::49:410
i_56                            = $31EF ; addr, local, , mk1_c, code_compiler, engine/player.h::player_move::3::51:487
i_58                            = $31C8 ; addr, local, , mk1_c, code_compiler, engine/player.h::player_move::3::49:410
i_57                            = $31EF ; addr, local, , mk1_c, code_compiler, engine/player.h::player_move::3::51:487
evil_tile_check_vert_done       = $3208 ; addr, local, , mk1_c, code_compiler, engine/player.h::player_move::3::51:487
i_61                            = $323A ; addr, local, , mk1_c, code_compiler, engine/player.h::player_move::3::51:487
i_62                            = $323D ; addr, local, , mk1_c, code_compiler, engine/player.h::player_move::3::51:487
i_60                            = $3273 ; addr, local, , mk1_c, code_compiler, engine/player.h::player_move::3::51:487
decelerate_right                = $3262 ; addr, local, , mk1_c, code_compiler, engine/player.h::player_move::3::51:487
decelerate_left                 = $3252 ; addr, local, , mk1_c, code_compiler, engine/player.h::player_move::3::51:487
h_acceleration_set              = $325D ; addr, local, , mk1_c, code_compiler, engine/player.h::player_move::3::51:487
h_acceleration_done             = $32BD ; addr, local, , mk1_c, code_compiler, engine/player.h::player_move::2::54:802
h_decelerate_done               = $3273 ; addr, local, , mk1_c, code_compiler, engine/player.h::player_move::3::51:487
i_63                            = $3298 ; addr, local, , mk1_c, code_compiler, engine/player.h::player_move::2::53:763
accelerate_left_done            = $3298 ; addr, local, , mk1_c, code_compiler, engine/player.h::player_move::2::53:763
i_64                            = $32BD ; addr, local, , mk1_c, code_compiler, engine/player.h::player_move::2::54:802
accelerate_right_done           = $32BD ; addr, local, , mk1_c, code_compiler, engine/player.h::player_move::2::54:802
i_65                            = $32D3 ; addr, local, , mk1_c, code_compiler, engine/player.h::player_move::1::54:846
i_66                            = $32E6 ; addr, local, , mk1_c, code_compiler, engine/player.h::player_move::1::54:846
i_67                            = $3364 ; addr, local, , mk1_c, code_compiler, engine/player.h::player_move::3::56:886
i_69                            = $332D ; addr, local, , mk1_c, code_compiler, engine/player.h::player_move::1::54:846
i_68                            = $3355 ; addr, local, , mk1_c, code_compiler, engine/player.h::player_move::3::56:886
i_71                            = $3364 ; addr, local, , mk1_c, code_compiler, engine/player.h::player_move::3::56:886
i_72                            = $33C4 ; addr, local, , mk1_c, code_compiler, engine/player.h::player_move::3::59:961
i_74                            = $338E ; addr, local, , mk1_c, code_compiler, engine/player.h::player_move::3::56:886
i_73                            = $33B5 ; addr, local, , mk1_c, code_compiler, engine/player.h::player_move::3::59:961
i_76                            = $33C4 ; addr, local, , mk1_c, code_compiler, engine/player.h::player_move::3::59:961
genital_decide_facing           = $33C4 ; addr, local, , mk1_c, code_compiler, engine/player.h::player_move::3::59:961
genital_decide_facing_v         = $33D0 ; addr, local, , mk1_c, code_compiler, engine/player.h::player_move::3::59:961
genital_decide_facing_h         = $33CB ; addr, local, , mk1_c, code_compiler, engine/player.h::player_move::3::59:961
genital_decide_facing_done      = $33DA ; addr, local, , mk1_c, code_compiler, engine/player.h::player_move::3::59:961
i_77                            = $342A ; addr, local, , mk1_c, code_compiler, engine/player.h::player_move::1::62:1108
i_78                            = $342A ; addr, local, , mk1_c, code_compiler, ./my/ci/player_center_checks.h::player_move::1::60:0
i_79                            = $343B ; addr, local, , mk1_c, code_compiler, engine/player.h::player_move::2::63:1112
i_80                            = $3440 ; addr, local, , mk1_c, code_compiler, engine/player.h::player_move::2::63:1112
i_81                            = $3483 ; addr, local, , mk1_c, code_compiler, engine/player.h::player_move::2::63:1112
p_int_up_no                     = $3480 ; addr, local, , mk1_c, code_compiler, engine/player.h::player_move::2::63:1112
i_82                            = $3543 ; addr, local, , mk1_c, code_compiler, engine/player.h::player_move::2::63:1112
i_83                            = $34C6 ; addr, local, , mk1_c, code_compiler, engine/player.h::player_move::2::63:1112
p_int_down_no                   = $34C3 ; addr, local, , mk1_c, code_compiler, engine/player.h::player_move::2::63:1112
i_84                            = $3543 ; addr, local, , mk1_c, code_compiler, engine/player.h::player_move::2::63:1112
i_85                            = $3506 ; addr, local, , mk1_c, code_compiler, engine/player.h::player_move::2::63:1112
p_int_left_no                   = $3503 ; addr, local, , mk1_c, code_compiler, engine/player.h::player_move::2::63:1112
i_86                            = $3543 ; addr, local, , mk1_c, code_compiler, engine/player.h::player_move::2::63:1112
i_87                            = $3543 ; addr, local, , mk1_c, code_compiler, engine/player.h::player_move::2::63:1112
p_int_right_no                  = $3543 ; addr, local, , mk1_c, code_compiler, engine/player.h::player_move::2::63:1112
i_88                            = $3569 ; addr, local, , mk1_c, code_compiler, engine/player.h::player_move::2::63:1112
i_89                            = $3588 ; addr, local, , mk1_c, code_compiler, engine/player.h::player_move::2::63:1112
i_90                            = $3588 ; addr, local, , mk1_c, code_compiler, engine/player.h::player_move::2::63:1112
i_91                            = $359D ; addr, local, , mk1_c, code_compiler, engine/player.h::player_move::2::63:1112
i_92                            = $359D ; addr, local, , mk1_c, code_compiler, engine/player.h::player_move::2::63:1112
i_94                            = $35AC ; addr, local, , mk1_c, code_compiler, engine/player.h::player_move::2::63:1112
i_95                            = $35AF ; addr, local, , mk1_c, code_compiler, engine/player.h::player_move::2::63:1112
i_93                            = $35D6 ; addr, local, , mk1_c, code_compiler, engine/player.h::player_move::2::63:1112
i_96                            = $35D6 ; addr, local, , mk1_c, code_compiler, engine/player.h::player_move::2::63:1112
_player_spr_setup               = $35F2 ; addr, local, , mk1_c, code_compiler, engine/player.h::player_move::2::63:1112
_player_spr_setup_done          = $361F ; addr, local, , mk1_c, code_compiler, engine/player.h::player_move::2::63:1112
i_97                            = $3641 ; addr, local, , mk1_c, code_compiler, engine/player.h::player_deplete::0::74:1488
i_98                            = $3644 ; addr, local, , mk1_c, code_compiler, engine/player.h::player_deplete::0::74:1488
calc_baddies_pointer            = $366C ; addr, local, , mk1_c, code_compiler, engine/enengine.h::player_kill::0::76:6
i_101                           = $3694 ; addr, local, , mk1_c, code_compiler, engine/enengine.h::enems_load::0::76:79
i_99                            = $368D ; addr, local, , mk1_c, code_compiler, engine/enengine.h::enems_load::0::76:79
i_100                           = $384A ; addr, local, , mk1_c, code_compiler, engine/enengine.h::enems_load::3::83:231
_en_an_frame                    = $D603 ; const, local, , mk1_c, code_compiler, mk1.c::main::0::128:118
_en_an_state                    = $D60C ; const, local, , mk1_c, code_compiler, mk1.c::main::0::128:118
_en_an_count                    = $D606 ; const, local, , mk1_c, code_compiler, mk1.c::main::0::128:118
_en_an_next_frame               = $D63C ; const, local, , mk1_c, code_compiler, mk1.c::main::0::128:118
i_102                           = $3753 ; addr, local, , mk1_c, code_compiler, engine/enengine.h::enems_load::5::80:202
i_105                           = $36FF ; addr, local, , mk1_c, code_compiler, engine/enengine.h::enems_load::3::78:122
i_106                           = $3717 ; addr, local, , mk1_c, code_compiler, engine/enengine.h::enems_load::3::78:122
i_107                           = $3717 ; addr, local, , mk1_c, code_compiler, engine/enengine.h::enems_load::3::78:122
i_108                           = $3717 ; addr, local, , mk1_c, code_compiler, engine/enengine.h::enems_load::3::78:122
i_109                           = $3717 ; addr, local, , mk1_c, code_compiler, engine/enengine.h::enems_load::3::78:122
i_110                           = $3745 ; addr, local, , mk1_c, code_compiler, engine/enengine.h::enems_load::5::80:202
_en_an_base_frame               = $D600 ; const, local, , mk1_c, code_compiler, mk1.c::main::0::128:118
i_104                           = $375E ; addr, local, , mk1_c, code_compiler, engine/enengine.h::enems_load::5::80:202
i_111                           = $375E ; addr, local, , mk1_c, code_compiler, engine/enengine.h::enems_load::5::80:202
i_112                           = $3834 ; addr, local, , mk1_c, code_compiler, engine/enengine.h::enems_load::5::80:202
redefine_sp_sw                  = $377C ; addr, local, , mk1_c, code_compiler, engine/enengine.h::enems_load::5::80:202
i_113                           = $3847 ; addr, local, , mk1_c, code_compiler, engine/enengine.h::enems_load::5::80:202
enems_kill_noflag               = $3857 ; addr, local, , mk1_c, code_compiler, engine/enengine.h::enems_kill::0::83:235
i_116                           = $3878 ; addr, local, , mk1_c, code_compiler, engine/enengine.h::enems_move::0::84:265
i_114                           = $3873 ; addr, local, , mk1_c, code_compiler, engine/enengine.h::enems_move::0::84:265
i_115                           = $3A62 ; addr, local, , mk1_c, code_compiler, engine/enengine.h::enems_move::4::91:787
_en_dying                       = $38C8 ; addr, local, , mk1_c, code_compiler, engine/enengine.h::enems_move::0::84:265
_en_dying_done                  = $38F3 ; addr, local, , mk1_c, code_compiler, engine/enengine.h::enems_move::0::84:265
_en_dying_dead                  = $38DE ; addr, local, , mk1_c, code_compiler, engine/enengine.h::enems_move::0::84:265
i_119                           = $38F8 ; addr, local, , mk1_c, code_compiler, engine/enengine.h::enems_move::3::86:416
i_120                           = $3910 ; addr, local, , mk1_c, code_compiler, engine/enengine.h::enems_move::3::86:416
i_121                           = $3910 ; addr, local, , mk1_c, code_compiler, engine/enengine.h::enems_move::3::86:416
i_122                           = $3910 ; addr, local, , mk1_c, code_compiler, engine/enengine.h::enems_move::3::86:416
i_123                           = $3910 ; addr, local, , mk1_c, code_compiler, engine/enengine.h::enems_move::3::86:416
i_118                           = $3966 ; addr, local, , mk1_c, code_compiler, engine/enengine.h::enems_move::4::87:444
_enems_lm_change_axis_x         = $3934 ; addr, local, , mk1_c, code_compiler, ./engine/enem_mods/enem_type_lineal.h::enems_move::4::87:0
_enems_lm_change_axis_x_done    = $393C ; addr, local, , mk1_c, code_compiler, ./engine/enem_mods/enem_type_lineal.h::enems_move::4::87:0
_enems_lm_change_axis_y         = $395B ; addr, local, , mk1_c, code_compiler, ./engine/enem_mods/enem_type_lineal.h::enems_move::4::87:0
_enems_lm_change_axis_y_done    = $3963 ; addr, local, , mk1_c, code_compiler, ./engine/enem_mods/enem_type_lineal.h::enems_move::4::87:0
enems_just_moved                = $3966 ; addr, local, , mk1_c, code_compiler, engine/enengine.h::enems_move::4::87:444
i_124                           = $39DA ; addr, local, , mk1_c, code_compiler, engine/enengine.h::enems_move::4::91:787
_enems_move_update_frame_done   = $39AC ; addr, local, , mk1_c, code_compiler, engine/enengine.h::enems_move::4::87:444
i_126                           = $39DA ; addr, local, , mk1_c, code_compiler, engine/enengine.h::enems_move::5::89:545
i_125                           = $39DA ; addr, local, , mk1_c, code_compiler, engine/enengine.h::enems_move::7::91:602
i_127_i_126                     = $39CE ; addr, local, , mk1_c, code_compiler, engine/enengine.h::enems_move::5::89:545
i_128                           = $39DA ; addr, local, , mk1_c, code_compiler, engine/enengine.h::enems_move::7::91:602
_enem_spr_setup                 = $39DA ; addr, local, , mk1_c, code_compiler, engine/enengine.h::enems_move::4::91:787
_en_an_sprid                    = $D609 ; const, local, , mk1_c, code_compiler, mk1.c::main::0::128:118
_set_current_frame              = $3A1A ; addr, local, , mk1_c, code_compiler, engine/enengine.h::enems_move::4::91:787
_enem_spr_setup_done            = $3A2F ; addr, local, , mk1_c, code_compiler, engine/enengine.h::enems_move::4::91:787
init_hotspots_loop              = $3A6D ; addr, local, , mk1_c, code_compiler, engine/hotspots.h::hotspots_init::0::91:7
i_129                           = $3A89 ; addr, local, , mk1_c, code_compiler, engine/hotspots.h::hotspots_do::0::92:30
i_130                           = $3B57 ; addr, local, , mk1_c, code_compiler, engine/hotspots.h::hotspots_do::3::95:117
i_133                           = $3AB8 ; addr, local, , mk1_c, code_compiler, engine/hotspots.h::hotspots_do::0::92:30
i_134                           = $3ACB ; addr, local, , mk1_c, code_compiler, engine/hotspots.h::hotspots_do::0::92:30
i_135                           = $3ADB ; addr, local, , mk1_c, code_compiler, engine/hotspots.h::hotspots_do::0::92:30
i_136                           = $3AE9 ; addr, local, , mk1_c, code_compiler, engine/hotspots.h::hotspots_do::0::92:30
i_132                           = $3B06 ; addr, local, , mk1_c, code_compiler, engine/hotspots.h::hotspots_do::3::95:117
i_137                           = $3AFD ; addr, local, , mk1_c, code_compiler, engine/hotspots.h::hotspots_do::0::92:30
i_138                           = $3B57 ; addr, local, , mk1_c, code_compiler, engine/hotspots.h::hotspots_do::3::95:117
EFECTO0                         = $3B58 ; addr, local, , mk1_c, code_compiler, my/wyz/efectos.h::hotspots_do::0::96:29
EFECTO1                         = $3BB3 ; addr, local, , mk1_c, code_compiler, my/wyz/efectos.h::hotspots_do::0::96:29
EFECTO2                         = $3BB4 ; addr, local, , mk1_c, code_compiler, my/wyz/efectos.h::hotspots_do::0::96:29
EFECTO3                         = $3BB5 ; addr, local, , mk1_c, code_compiler, my/wyz/efectos.h::hotspots_do::0::96:29
EFECTO4                         = $3BE6 ; addr, local, , mk1_c, code_compiler, my/wyz/efectos.h::hotspots_do::0::96:29
EFECTO5                         = $3BE7 ; addr, local, , mk1_c, code_compiler, my/wyz/efectos.h::hotspots_do::0::96:29
EFECTO6                         = $3BFD ; addr, local, , mk1_c, code_compiler, my/wyz/efectos.h::hotspots_do::0::96:29
EFECTO7                         = $3BFE ; addr, local, , mk1_c, code_compiler, my/wyz/efectos.h::hotspots_do::0::96:29
EFECTO8                         = $3BFF ; addr, local, , mk1_c, code_compiler, my/wyz/efectos.h::hotspots_do::0::96:29
EFECTO9                         = $3C00 ; addr, local, , mk1_c, code_compiler, my/wyz/efectos.h::hotspots_do::0::96:29
EFECTO10                        = $3C01 ; addr, local, , mk1_c, code_compiler, my/wyz/efectos.h::hotspots_do::0::96:29
EFECTO11                        = $3C02 ; addr, local, , mk1_c, code_compiler, my/wyz/efectos.h::hotspots_do::0::96:29
EFECTO12                        = $3C03 ; addr, local, , mk1_c, code_compiler, my/wyz/efectos.h::hotspots_do::0::96:29
EFECTO13                        = $3C28 ; addr, local, , mk1_c, code_compiler, my/wyz/efectos.h::hotspots_do::0::96:29
EFECTO14                        = $3C4D ; addr, local, , mk1_c, code_compiler, my/wyz/efectos.h::hotspots_do::0::96:29
TABLA_PAUTAS                    = $3C6C ; addr, local, , mk1_c, code_compiler, my/wyz/instrumentos.h::hotspots_do::0::96:7
PAUTA_0                         = $3C70 ; addr, local, , mk1_c, code_compiler, my/wyz/instrumentos.h::hotspots_do::0::96:7
TABLA_SONIDOS                   = $3C6E ; addr, local, , mk1_c, code_compiler, my/wyz/instrumentos.h::hotspots_do::0::96:7
_00_title_mus_bin               = $3C79 ; addr, local, , mk1_c, code_compiler, my/wyz/songs.h::hotspots_do::0::96:6
_01_ingame_mus_bin              = $3CCB ; addr, local, , mk1_c, code_compiler, my/wyz/songs.h::hotspots_do::0::96:6
WYZPLAYER_INIT                  = $3D1E ; addr, local, , mk1_c, code_compiler, wyz_player.h::wyz_stop_sound::0::100:51
CARGA_CANCION                   = $3E82 ; addr, local, , mk1_c, code_compiler, wyz_player.h::wyz_stop_sound::0::100:51
INICIA_EFECTO                   = $3D5E ; addr, local, , mk1_c, code_compiler, wyz_player.h::wyz_stop_sound::0::100:51
PLAYER_OFF                      = $3E5F ; addr, local, , mk1_c, code_compiler, wyz_player.h::wyz_stop_sound::0::100:51
CANAL_A                         = $4298 ; addr, local, , mk1_c, code_compiler, wyz_player.h::wyz_stop_sound::0::100:51
CANAL_B                         = $429A ; addr, local, , mk1_c, code_compiler, wyz_player.h::wyz_stop_sound::0::100:51
CANAL_C                         = $429C ; addr, local, , mk1_c, code_compiler, wyz_player.h::wyz_stop_sound::0::100:51
CANAL_P                         = $42C6 ; addr, local, , mk1_c, code_compiler, wyz_player.h::wyz_stop_sound::0::100:51
INICIO                          = $3D37 ; addr, local, , mk1_c, code_compiler, wyz_player.h::wyz_stop_sound::0::100:51
WYZ_PLAYER_ISR                  = $3D37 ; addr, local, , mk1_c, code_compiler, wyz_player.h::wyz_stop_sound::0::100:51
ROUT                            = $3E23 ; addr, local, , mk1_c, code_compiler, wyz_player.h::wyz_stop_sound::0::100:51
PSG_REG                         = $42DD ; addr, local, , mk1_c, code_compiler, wyz_player.h::wyz_stop_sound::0::100:51
PSG_REG_SEC                     = $42ED ; addr, local, , mk1_c, code_compiler, wyz_player.h::wyz_stop_sound::0::100:51
REPRODUCE_SONIDO                = $3D79 ; addr, local, , mk1_c, code_compiler, wyz_player.h::wyz_stop_sound::0::100:51
PLAY                            = $3FBB ; addr, local, , mk1_c, code_compiler, wyz_player.h::wyz_stop_sound::0::100:51
REPRODUCE_EFECTO                = $3D98 ; addr, local, , mk1_c, code_compiler, wyz_player.h::wyz_stop_sound::0::100:51
INICIA_SONIDO                   = $3D4E ; addr, local, , mk1_c, code_compiler, wyz_player.h::wyz_stop_sound::0::100:51
EXT_WORD                        = $426A ; addr, local, , mk1_c, code_compiler, wyz_player.h::wyz_stop_sound::0::100:51
PUNTERO_SONIDO                  = $42D7 ; addr, local, , mk1_c, code_compiler, wyz_player.h::wyz_stop_sound::0::100:51
INTERR                          = $428E ; addr, local, , mk1_c, code_compiler, wyz_player.h::wyz_stop_sound::0::100:51
TABLA_EFECTOS                   = $437D ; addr, local, , mk1_c, code_compiler, wyz_player.h::wyz_stop_sound::0::100:51
PUNTERO_EFECTO                  = $42B6 ; addr, local, , mk1_c, code_compiler, wyz_player.h::wyz_stop_sound::0::100:51
TABLA_DATOS_CANAL_SFX           = $4273 ; addr, local, , mk1_c, code_compiler, wyz_player.h::wyz_stop_sound::0::100:51
EFECTO_REGS                     = $42D9 ; addr, local, , mk1_c, code_compiler, wyz_player.h::wyz_stop_sound::0::100:51
SONIDO_REGS                     = $42DB ; addr, local, , mk1_c, code_compiler, wyz_player.h::wyz_stop_sound::0::100:51
REPRODUCE_SONIDO_O_EFECTO       = $3DB7 ; addr, local, , mk1_c, code_compiler, wyz_player.h::wyz_stop_sound::0::100:51
REPRODUCE_SONIDO_LIMPIA_BIT     = $3D92 ; addr, local, , mk1_c, code_compiler, wyz_player.h::wyz_stop_sound::0::100:51
REPRODUCE_EFECTO_LIMPIA_BIT     = $3DB1 ; addr, local, , mk1_c, code_compiler, wyz_player.h::wyz_stop_sound::0::100:51
FIN_SONIDO                      = $3E13 ; addr, local, , mk1_c, code_compiler, wyz_player.h::wyz_stop_sound::0::100:51
NO_ENVOLVENTES_SONIDO           = $3DF9 ; addr, local, , mk1_c, code_compiler, wyz_player.h::wyz_stop_sound::0::100:51
NO_RUIDO                        = $3E06 ; addr, local, , mk1_c, code_compiler, wyz_player.h::wyz_stop_sound::0::100:51
SI_RUIDO                        = $3E0C ; addr, local, , mk1_c, code_compiler, wyz_player.h::wyz_stop_sound::0::100:51
ENVOLVENTE_BACK                 = $42FE ; addr, local, , mk1_c, code_compiler, wyz_player.h::wyz_stop_sound::0::100:51
FIN_NOPLAYER                    = $3E1C ; addr, local, , mk1_c, code_compiler, wyz_player.h::wyz_stop_sound::0::100:51
NO_BACKUP_ENVOLVENTE            = $3E2D ; addr, local, , mk1_c, code_compiler, wyz_player.h::wyz_stop_sound::0::100:51
LOUT                            = $3E30 ; addr, local, , mk1_c, code_compiler, wyz_player.h::wyz_stop_sound::0::100:51
WRITEPSGHL                      = $3E48 ; addr, local, , mk1_c, code_compiler, wyz_player.h::wyz_stop_sound::0::100:51
CLEAR_PSG_BUFFER                = $3E63 ; addr, local, , mk1_c, code_compiler, wyz_player.h::wyz_stop_sound::0::100:51
SONG                            = $428F ; addr, local, , mk1_c, code_compiler, wyz_player.h::wyz_stop_sound::0::100:51
DECODE_SONG                     = $3E8B ; addr, local, , mk1_c, code_compiler, wyz_player.h::wyz_stop_sound::0::100:51
TABLA_SONG                      = $437B ; addr, local, , mk1_c, code_compiler, wyz_player.h::wyz_stop_sound::0::100:51
TEMPO                           = $4290 ; addr, local, , mk1_c, code_compiler, wyz_player.h::wyz_stop_sound::0::100:51
TTEMPO                          = $4291 ; addr, local, , mk1_c, code_compiler, wyz_player.h::wyz_stop_sound::0::100:51
NPTJP0                          = $3EA7 ; addr, local, , mk1_c, code_compiler, wyz_player.h::wyz_stop_sound::0::100:51
PUNTERO_P_DECA                  = $42AA ; addr, local, , mk1_c, code_compiler, wyz_player.h::wyz_stop_sound::0::100:51
PUNTERO_L_DECA                  = $42BE ; addr, local, , mk1_c, code_compiler, wyz_player.h::wyz_stop_sound::0::100:51
BGICMODBC1                      = $3F38 ; addr, local, , mk1_c, code_compiler, wyz_player.h::wyz_stop_sound::0::100:51
PUNTERO_P_DECB                  = $42AC ; addr, local, , mk1_c, code_compiler, wyz_player.h::wyz_stop_sound::0::100:51
PUNTERO_L_DECB                  = $42C0 ; addr, local, , mk1_c, code_compiler, wyz_player.h::wyz_stop_sound::0::100:51
PUNTERO_P_DECC                  = $42AE ; addr, local, , mk1_c, code_compiler, wyz_player.h::wyz_stop_sound::0::100:51
PUNTERO_L_DECC                  = $42C2 ; addr, local, , mk1_c, code_compiler, wyz_player.h::wyz_stop_sound::0::100:51
PUNTERO_P_DECP                  = $42C8 ; addr, local, , mk1_c, code_compiler, wyz_player.h::wyz_stop_sound::0::100:51
PUNTERO_L_DECP                  = $42CC ; addr, local, , mk1_c, code_compiler, wyz_player.h::wyz_stop_sound::0::100:51
INIT_DECODER                    = $3EF3 ; addr, local, , mk1_c, code_compiler, wyz_player.h::wyz_stop_sound::0::100:51
PUNTERO_A                       = $4292 ; addr, local, , mk1_c, code_compiler, wyz_player.h::wyz_stop_sound::0::100:51
DECODE_CANAL                    = $3F52 ; addr, local, , mk1_c, code_compiler, wyz_player.h::wyz_stop_sound::0::100:51
PUNTERO_DECA                    = $42B0 ; addr, local, , mk1_c, code_compiler, wyz_player.h::wyz_stop_sound::0::100:51
PUNTERO_B                       = $4294 ; addr, local, , mk1_c, code_compiler, wyz_player.h::wyz_stop_sound::0::100:51
PUNTERO_DECB                    = $42B2 ; addr, local, , mk1_c, code_compiler, wyz_player.h::wyz_stop_sound::0::100:51
PUNTERO_C                       = $4296 ; addr, local, , mk1_c, code_compiler, wyz_player.h::wyz_stop_sound::0::100:51
PUNTERO_DECC                    = $42B4 ; addr, local, , mk1_c, code_compiler, wyz_player.h::wyz_stop_sound::0::100:51
PUNTERO_P                       = $42C4 ; addr, local, , mk1_c, code_compiler, wyz_player.h::wyz_stop_sound::0::100:51
PUNTERO_DECP                    = $42CA ; addr, local, , mk1_c, code_compiler, wyz_player.h::wyz_stop_sound::0::100:51
BGICMODBC2                      = $3F3A ; addr, local, , mk1_c, code_compiler, wyz_player.h::wyz_stop_sound::0::100:51
FIN_DEC_CANAL                   = $3FA3 ; addr, local, , mk1_c, code_compiler, wyz_player.h::wyz_stop_sound::0::100:51
GETLEN                          = $3FA8 ; addr, local, , mk1_c, code_compiler, wyz_player.h::wyz_stop_sound::0::100:51
NO_SILENCIO                     = $3F61 ; addr, local, , mk1_c, code_compiler, wyz_player.h::wyz_stop_sound::0::100:51
NO_MODIFICA                     = $3F98 ; addr, local, , mk1_c, code_compiler, wyz_player.h::wyz_stop_sound::0::100:51
NO_PUNTILLO                     = $3F6B ; addr, local, , mk1_c, code_compiler, wyz_player.h::wyz_stop_sound::0::100:51
NO_INSTRUMENTO                  = $3F7E ; addr, local, , mk1_c, code_compiler, wyz_player.h::wyz_stop_sound::0::100:51
NO_ENVOLVENTE                   = $3F8B ; addr, local, , mk1_c, code_compiler, wyz_player.h::wyz_stop_sound::0::100:51
DCBC0                           = $3FB5 ; addr, local, , mk1_c, code_compiler, wyz_player.h::wyz_stop_sound::0::100:51
PAUTAS                          = $3FFE ; addr, local, , mk1_c, code_compiler, wyz_player.h::wyz_stop_sound::0::100:51
LOCALIZA_NOTA                   = $4028 ; addr, local, , mk1_c, code_compiler, wyz_player.h::wyz_stop_sound::0::100:51
LOCALIZA_EFECTO                 = $4123 ; addr, local, , mk1_c, code_compiler, wyz_player.h::wyz_stop_sound::0::100:51
PUNTERO_P_A                     = $429E ; addr, local, , mk1_c, code_compiler, wyz_player.h::wyz_stop_sound::0::100:51
PAUTA                           = $416A ; addr, local, , mk1_c, code_compiler, wyz_player.h::wyz_stop_sound::0::100:51
PUNTERO_P_B                     = $42A0 ; addr, local, , mk1_c, code_compiler, wyz_player.h::wyz_stop_sound::0::100:51
PUNTERO_P_C                     = $42A2 ; addr, local, , mk1_c, code_compiler, wyz_player.h::wyz_stop_sound::0::100:51
LNJP0                           = $409F ; addr, local, , mk1_c, code_compiler, wyz_player.h::wyz_stop_sound::0::100:51
COMANDOS                        = $4035 ; addr, local, , mk1_c, code_compiler, wyz_player.h::wyz_stop_sound::0::100:51
COM_EFECTO                      = $407A ; addr, local, , mk1_c, code_compiler, wyz_player.h::wyz_stop_sound::0::100:51
NO_DEC_TEMPO                    = $4047 ; addr, local, , mk1_c, code_compiler, wyz_player.h::wyz_stop_sound::0::100:51
NO_INC_TEMPO                    = $404C ; addr, local, , mk1_c, code_compiler, wyz_player.h::wyz_stop_sound::0::100:51
VOL_INST_A                      = $42B9 ; addr, local, , mk1_c, code_compiler, wyz_player.h::wyz_stop_sound::0::100:51
PUNTERO_P_A0                    = $42A4 ; addr, local, , mk1_c, code_compiler, wyz_player.h::wyz_stop_sound::0::100:51
COM_ENVOLVENTE                  = $408A ; addr, local, , mk1_c, code_compiler, wyz_player.h::wyz_stop_sound::0::100:51
ENVOLVENTE                      = $42FD ; addr, local, , mk1_c, code_compiler, wyz_player.h::wyz_stop_sound::0::100:51
NO_FIN_CANAL_A                  = $40E2 ; addr, local, , mk1_c, code_compiler, wyz_player.h::wyz_stop_sound::0::100:51
FIN_CANAL_A                     = $40C9 ; addr, local, , mk1_c, code_compiler, wyz_player.h::wyz_stop_sound::0::100:51
FIN_NOTA_A                      = $40A9 ; addr, local, , mk1_c, code_compiler, wyz_player.h::wyz_stop_sound::0::100:51
FCA_CONT                        = $40D4 ; addr, local, , mk1_c, code_compiler, wyz_player.h::wyz_stop_sound::0::100:51
FIN_RUTINA                      = $4122 ; addr, local, , mk1_c, code_compiler, wyz_player.h::wyz_stop_sound::0::100:51
NO_SILENCIO_A                   = $4110 ; addr, local, , mk1_c, code_compiler, wyz_player.h::wyz_stop_sound::0::100:51
SILENCIO_ENVOLVENTE             = $40FD ; addr, local, , mk1_c, code_compiler, wyz_player.h::wyz_stop_sound::0::100:51
REG_NOTA_A                      = $42B8 ; addr, local, , mk1_c, code_compiler, wyz_player.h::wyz_stop_sound::0::100:51
NOTA                            = $420A ; addr, local, , mk1_c, code_compiler, wyz_player.h::wyz_stop_sound::0::100:51
LEJP0                           = $413A ; addr, local, , mk1_c, code_compiler, wyz_player.h::wyz_stop_sound::0::100:51
NO_FIN_CANAL_P                  = $4163 ; addr, local, , mk1_c, code_compiler, wyz_player.h::wyz_stop_sound::0::100:51
FIN_CANAL_P                     = $415B ; addr, local, , mk1_c, code_compiler, wyz_player.h::wyz_stop_sound::0::100:51
FIN_NOTA_P                      = $4143 ; addr, local, , mk1_c, code_compiler, wyz_player.h::wyz_stop_sound::0::100:51
PCAJP4                          = $4176 ; addr, local, , mk1_c, code_compiler, wyz_player.h::wyz_stop_sound::0::100:51
PCAJP0                          = $418A ; addr, local, , mk1_c, code_compiler, wyz_player.h::wyz_stop_sound::0::100:51
PCAJP1                          = $41A1 ; addr, local, , mk1_c, code_compiler, wyz_player.h::wyz_stop_sound::0::100:51
PCAJP2                          = $41B6 ; addr, local, , mk1_c, code_compiler, wyz_player.h::wyz_stop_sound::0::100:51
PCAJP6                          = $41E8 ; addr, local, , mk1_c, code_compiler, wyz_player.h::wyz_stop_sound::0::100:51
ORNMJP1                         = $41F4 ; addr, local, , mk1_c, code_compiler, wyz_player.h::wyz_stop_sound::0::100:51
ORNNEG                          = $41D6 ; addr, local, , mk1_c, code_compiler, wyz_player.h::wyz_stop_sound::0::100:51
PCAJP3                          = $41D8 ; addr, local, , mk1_c, code_compiler, wyz_player.h::wyz_stop_sound::0::100:51
TABLA_NOTAS                     = $4212 ; addr, local, , mk1_c, code_compiler, wyz_player.h::wyz_stop_sound::0::100:51
PCAJP5                          = $41FC ; addr, local, , mk1_c, code_compiler, wyz_player.h::wyz_stop_sound::0::100:51
PCAJP7                          = $4206 ; addr, local, , mk1_c, code_compiler, wyz_player.h::wyz_stop_sound::0::100:51
EVOLVENTES                      = $421F ; addr, local, , mk1_c, code_compiler, wyz_player.h::wyz_stop_sound::0::100:51
DATOS_NOTAS                     = $42FF ; addr, local, , mk1_c, code_compiler, wyz_player.h::wyz_stop_sound::0::100:51
FRECUENCIA_OFF                  = $4239 ; addr, local, , mk1_c, code_compiler, wyz_player.h::wyz_stop_sound::0::100:51
CONT_ENV                        = $4242 ; addr, local, , mk1_c, code_compiler, wyz_player.h::wyz_stop_sound::0::100:51
CRTBC0                          = $424C ; addr, local, , mk1_c, code_compiler, wyz_player.h::wyz_stop_sound::0::100:51
SELECT_CANAL_A                  = $4279 ; addr, local, , mk1_c, code_compiler, wyz_player.h::wyz_stop_sound::0::100:51
SELECT_CANAL_B                  = $4280 ; addr, local, , mk1_c, code_compiler, wyz_player.h::wyz_stop_sound::0::100:51
SELECT_CANAL_C                  = $4287 ; addr, local, , mk1_c, code_compiler, wyz_player.h::wyz_stop_sound::0::100:51
PUNTERO_P_B0                    = $42A6 ; addr, local, , mk1_c, code_compiler, wyz_player.h::wyz_stop_sound::0::100:51
PUNTERO_P_C0                    = $42A8 ; addr, local, , mk1_c, code_compiler, wyz_player.h::wyz_stop_sound::0::100:51
REG_NOTA_B                      = $42BA ; addr, local, , mk1_c, code_compiler, wyz_player.h::wyz_stop_sound::0::100:51
VOL_INST_B                      = $42BB ; addr, local, , mk1_c, code_compiler, wyz_player.h::wyz_stop_sound::0::100:51
REG_NOTA_C                      = $42BC ; addr, local, , mk1_c, code_compiler, wyz_player.h::wyz_stop_sound::0::100:51
VOL_INST_C                      = $42BD ; addr, local, , mk1_c, code_compiler, wyz_player.h::wyz_stop_sound::0::100:51
SFX_L                           = $42CE ; addr, local, , mk1_c, code_compiler, wyz_player.h::wyz_stop_sound::0::100:51
SFX_H                           = $42D0 ; addr, local, , mk1_c, code_compiler, wyz_player.h::wyz_stop_sound::0::100:51
SFX_V                           = $42D2 ; addr, local, , mk1_c, code_compiler, wyz_player.h::wyz_stop_sound::0::100:51
SFX_MIX                         = $42D4 ; addr, local, , mk1_c, code_compiler, wyz_player.h::wyz_stop_sound::0::100:51
N_SONIDO                        = $42D6 ; addr, local, , mk1_c, code_compiler, wyz_player.h::wyz_stop_sound::0::100:51
i_139                           = $43B7 ; addr, local, , mk1_c, code_compiler, my/title_screen.h::title_screen::0::100:6
i_141                           = $43CF ; addr, local, , mk1_c, code_compiler, my/title_screen.h::title_screen::0::100:6
i_140                           = $43E8 ; addr, local, , mk1_c, code_compiler, my/title_screen.h::title_screen::0::100:6
i_142                           = $43B7 ; addr, local, , mk1_c, code_compiler, my/title_screen.h::title_screen::0::100:6
_copy_keys_to_extern            = $43EB ; addr, local, , mk1_c, code_compiler, my/title_screen.h::title_screen::0::100:6
i_143                           = $4425 ; addr, local, , mk1_c, code_compiler, mainloop/hud.h::draw_hud::0::104:6
_isr                            = $4445 ; addr, local, , mk1_c, code_compiler, mainloop.h::main::0::107:7
isr_done                        = $4475 ; addr, local, , mk1_c, code_compiler, mainloop.h::main::0::107:7
isr_c1                          = $4473 ; addr, local, , mk1_c, code_compiler, mainloop.h::main::0::107:7
_skip_player                    = $446D ; addr, local, , mk1_c, code_compiler, mainloop.h::main::0::107:7
isr_c2                          = $4474 ; addr, local, , mk1_c, code_compiler, mainloop.h::main::0::107:7
i_146                           = $450A ; addr, local, , mk1_c, code_compiler, mainloop.h::main::0::107:7
i_144                           = $4505 ; addr, local, , mk1_c, code_compiler, mainloop.h::main::0::107:7
i_145                           = $4549 ; addr, local, , mk1_c, code_compiler, mainloop.h::main::0::107:7
i_149                           = $4557 ; addr, local, , mk1_c, code_compiler, mainloop.h::main::0::107:7
i_147                           = $4550 ; addr, local, , mk1_c, code_compiler, mainloop.h::main::0::107:7
i_148                           = $4597 ; addr, local, , mk1_c, code_compiler, mainloop.h::main::0::107:7
_spr_on                         = $E648 ; const, local, , mk1_c, code_compiler, mk1.c::main::0::128:118
i_150                           = $4598 ; addr, local, , mk1_c, code_compiler, mainloop.h::main::1::110:178
_game_loop_init                 = $45B5 ; addr, local, , mk1_c, code_compiler, mainloop/game_loop.h::main::3::112:0
i_152                           = $45F4 ; addr, local, , mk1_c, code_compiler, mainloop/game_loop.h::main::3::112:54
i_153                           = $47BA ; addr, local, , mk1_c, code_compiler, mainloop/game_loop.h::main::4::126:340
_game_loop_do                   = $45FC ; addr, local, , mk1_c, code_compiler, mainloop/game_loop.h::main::3::112:54
i_154                           = $461D ; addr, local, , mk1_c, code_compiler, mainloop/game_loop.h::main::5::114:108
i_155                           = $464A ; addr, local, , mk1_c, code_compiler, mainloop/game_loop.h::main::5::114:108
i_156                           = $4665 ; addr, local, , mk1_c, code_compiler, mainloop/game_loop.h::main::5::114:108
i_157                           = $4665 ; addr, local, , mk1_c, code_compiler, mainloop/game_loop.h::main::5::114:108
i_158                           = $468A ; addr, local, , mk1_c, code_compiler, mainloop/game_loop.h::main::6::118:239
i_159                           = $4683 ; addr, local, , mk1_c, code_compiler, mainloop/game_loop.h::main::6::118:239
i_160                           = $468A ; addr, local, , mk1_c, code_compiler, mainloop/game_loop.h::main::6::118:239
i_161                           = $46C6 ; addr, local, , mk1_c, code_compiler, mainloop/game_loop.h::main::6::118:239
i_162                           = $4695 ; addr, local, , mk1_c, code_compiler, mainloop/game_loop.h::main::6::118:239
i_163                           = $46A0 ; addr, local, , mk1_c, code_compiler, mainloop/game_loop.h::main::6::118:239
i_164                           = $46AA ; addr, local, , mk1_c, code_compiler, mainloop/game_loop.h::main::6::118:239
i_165                           = $46B6 ; addr, local, , mk1_c, code_compiler, mainloop/game_loop.h::main::6::118:239
i_166                           = $46B6 ; addr, local, , mk1_c, code_compiler, mainloop/game_loop.h::main::6::118:239
i_167                           = $46C1 ; addr, local, , mk1_c, code_compiler, mainloop/game_loop.h::main::6::118:239
i_168                           = $46D8 ; addr, local, , mk1_c, code_compiler, ./mainloop/flick_screen.h::main::4::120:0
i_170                           = $46F9 ; addr, local, , mk1_c, code_compiler, ./mainloop/flick_screen.h::main::4::120:0
i_169                           = $46F9 ; addr, local, , mk1_c, code_compiler, ./mainloop/flick_screen.h::main::4::120:0
i_171_i_170                     = $46E7 ; addr, local, , mk1_c, code_compiler, ./mainloop/flick_screen.h::main::4::120:0
i_173                           = $4721 ; addr, local, , mk1_c, code_compiler, ./mainloop/flick_screen.h::main::4::120:0
i_172                           = $4721 ; addr, local, , mk1_c, code_compiler, ./mainloop/flick_screen.h::main::4::120:0
i_174_i_173                     = $470E ; addr, local, , mk1_c, code_compiler, ./mainloop/flick_screen.h::main::4::120:0
i_176                           = $4752 ; addr, local, , mk1_c, code_compiler, ./mainloop/flick_screen.h::main::4::120:0
i_175                           = $4752 ; addr, local, , mk1_c, code_compiler, ./mainloop/flick_screen.h::main::4::120:0
i_177_i_176                     = $473C ; addr, local, , mk1_c, code_compiler, ./mainloop/flick_screen.h::main::4::120:0
i_179                           = $479B ; addr, local, , mk1_c, code_compiler, ./mainloop/flick_screen.h::main::4::120:0
i_178                           = $479B ; addr, local, , mk1_c, code_compiler, mainloop/game_loop.h::main::4::125:303
i_180_i_179                     = $476B ; addr, local, , mk1_c, code_compiler, ./mainloop/flick_screen.h::main::4::120:0
i_181                           = $479B ; addr, local, , mk1_c, code_compiler, ./mainloop/flick_screen.h::main::4::120:0
i_182                           = $479B ; addr, local, , mk1_c, code_compiler, ./mainloop/flick_screen.h::main::4::120:0
i_184                           = $47AB ; addr, local, , mk1_c, code_compiler, mainloop/game_loop.h::main::4::125:303
i_183                           = $45F4 ; addr, local, , mk1_c, code_compiler, mainloop/game_loop.h::main::4::126:340
i_186                           = $47CB ; addr, local, , mk1_c, code_compiler, mainloop.h::main::3::126:239
i_187                           = $47CE ; addr, local, , mk1_c, code_compiler, mainloop.h::main::4::128:277
i_151                           = $47DC ; addr, local, , mk1_c, code_compiler, mainloop.h::main::2::128:284
soloCopia                       = $0593 ; addr, local, , cpc_ShowTileMap, , cpc_ShowTileMap.asm:37
contador_tiles                  = $05E5 ; addr, local, , cpc_ShowTileMap, , cpc_ShowTileMap.asm:109
contador_tiles2                 = $05E6 ; addr, local, , cpc_ShowTileMap, , cpc_ShowTileMap.asm:111
transferir_pantalla_a_superbuffer = $05A0 ; addr, local, , cpc_ShowTileMap, , cpc_ShowTileMap.asm:50
cpc_PutSp                       = $05FC ; addr, local, , cpc_ShowTileMap, , cpc_ShowTileMap.asm:142
bucle_dibujado_fondo            = $05A7 ; addr, local, , cpc_ShowTileMap, , cpc_ShowTileMap.asm:57
transferir_map_sbuffer          = $05E8 ; addr, local, , cpc_ShowTileMap, , cpc_ShowTileMap.asm:114
incremento2                     = $05D8 ; addr, local, , cpc_ShowTileMap, , cpc_ShowTileMap.asm:100
loop_alto_map_sbuffer           = $05EE ; addr, local, , cpc_ShowTileMap, , cpc_ShowTileMap.asm:120
loop_ancho_map_sbuffer          = $05EE ; addr, local, , cpc_ShowTileMap, , cpc_ShowTileMap.asm:121
loop_alto_2                     = $05FE ; addr, local, , cpc_ShowTileMap, , cpc_ShowTileMap.asm:147
sig_linea_2                     = $0615 ; addr, local, , cpc_ShowTileMap, , cpc_ShowTileMap.asm:184
PASARPORDETRAS                  = $0001 ; const, local, , cpc_UpdScr, , CPCconfig.def:8
_tiles_tocados_ptr              = $064A ; addr, local, , cpc_UpdScr, , cpc_UpdScr.asm:56
main_loop                       = $0635 ; addr, local, , cpc_UpdScr, , cpc_UpdScr.asm:38
process_touched_byte            = $064C ; addr, local, , cpc_UpdScr, , cpc_UpdScr.asm:59
bit0_skip                       = $065D ; addr, local, , cpc_UpdScr, , cpc_UpdScr.asm:71
ucopyTile                       = $06A7 ; addr, local, , cpc_UpdScr, , cpc_UpdScr.asm:134
bit1_skip                       = $0667 ; addr, local, , cpc_UpdScr, , cpc_UpdScr.asm:79
bit2_skip                       = $0671 ; addr, local, , cpc_UpdScr, , cpc_UpdScr.asm:87
bit3_skip                       = $067B ; addr, local, , cpc_UpdScr, , cpc_UpdScr.asm:95
bit4_skip                       = $0685 ; addr, local, , cpc_UpdScr, , cpc_UpdScr.asm:103
bit5_skip                       = $068F ; addr, local, , cpc_UpdScr, , cpc_UpdScr.asm:111
bit6_skip                       = $0699 ; addr, local, , cpc_UpdScr, , cpc_UpdScr.asm:119
bit7_skip                       = $06A3 ; addr, local, , cpc_UpdScr, , cpc_UpdScr.asm:127
skeep                           = $0700 ; addr, local, , cpc_UpdScr, , cpc_UpdScr.asm:242
transferir_map_sbuffer_grey     = $06C3 ; addr, local, , cpc_UpdScr, , cpc_UpdScr.asm:169
PASARPORDETRAS                  = $0001 ; const, local, , cpc_ShowTouchedTiles, , CPCconfig.def:8
bucle_cpc_ShowTouchedTiles      = $0710 ; addr, local, , cpc_ShowTouchedTiles, , cpc_ShowTouchedTiles.asm:46
process                         = $0721 ; addr, local, , cpc_ShowTouchedTiles, , cpc_ShowTouchedTiles.asm:65
skipall                         = $074D ; addr, local, , cpc_ShowTouchedTiles, , cpc_ShowTouchedTiles.asm:99
checkbit                        = $0759 ; addr, local, , cpc_ShowTouchedTiles, , cpc_ShowTouchedTiles.asm:113
noincd                          = $0755 ; addr, local, , cpc_ShowTouchedTiles, , cpc_ShowTouchedTiles.asm:107
checkbit_done                   = $0810 ; addr, local, , cpc_ShowTouchedTiles, , cpc_ShowTouchedTiles.asm:373
copyTile                        = $075C ; addr, local, , cpc_ShowTouchedTiles, , cpc_ShowTouchedTiles.asm:116
posicionar_superbuffer          = $075E ; addr, local, , cpc_ShowTouchedTiles, , cpc_ShowTouchedTiles.asm:122
posicionar_pantalla             = $0767 ; addr, local, , cpc_ShowTouchedTiles, , cpc_ShowTouchedTiles.asm:135
transf_bloque_sb_pantalla       = $0775 ; addr, local, , cpc_ShowTouchedTiles, , cpc_ShowTouchedTiles.asm:151
copycell                        = $07D2 ; addr, local, , cpc_ShowTouchedTiles, , cpc_ShowTouchedTiles.asm:275
copybgtile                      = $0786 ; addr, local, , cpc_ShowTouchedTiles, , cpc_ShowTouchedTiles.asm:168
copycell_done                   = $080E ; addr, local, , cpc_ShowTouchedTiles, , cpc_ShowTouchedTiles.asm:368
do_update                       = $082E ; addr, local, , cpc_PutSpTileMap4x8, , cpc_PutSpTileMap4x8.asm:49
origin_next_row                 = $084E ; addr, local, , cpc_PutSpTileMap4x8, , cpc_PutSpTileMap4x8.asm:79
fin                             = $0860 ; addr, local, , cpc_PutSpTileMap4x8, , cpc_PutSpTileMap4x8.asm:96
do_update                       = $087B ; addr, local, , cpc_PutSpTileMap8x16Px, , cpc_PutSpTileMap8x16Px.asm:50
origin_next_row                 = $08A0 ; addr, local, , cpc_PutSpTileMap8x16Px, , cpc_PutSpTileMap8x16Px.asm:85
origin_last_row                 = $08B3 ; addr, local, , cpc_PutSpTileMap8x16Px, , cpc_PutSpTileMap8x16Px.asm:105
fin                             = $08CA ; addr, local, , cpc_PutSpTileMap8x16Px, , cpc_PutSpTileMap8x16Px.asm:130
pulsado                         = $08E2 ; addr, local, , cpc_TestKey, , cpc_TestKey.asm:34
bucle_deteccion_tecla           = $090B ; addr, local, , cpc_AnyKeyPressed, , cpc_AnyKeyPressed.asm:13
tecla_pulsada                   = $091E ; addr, local, , cpc_AnyKeyPressed, , cpc_AnyKeyPressed.asm:25
CHURRERA_CLIPPING               = $0001 ; const, local, , cpc_UpdTileTable, , CPCconfig.def:16
pasa_bloque_a_sbuffer           = $0978 ; addr, local, , cpc_PutTrSp4x8TileMap2b, , cpc_PutTrSp4x8TileMap2b.asm:30
transferir_sprite               = $0978 ; addr, local, , cpc_PutTrSp4x8TileMap2b, , cpc_PutTrSp4x8TileMap2b.asm:32
sp_buffer_mask                  = $098F ; addr, local, , cpc_PutTrSp4x8TileMap2b, , cpc_PutTrSp4x8TileMap2b.asm:52
loop_alto_map_sbuffer           = $0995 ; addr, local, , cpc_PutTrSp4x8TileMap2b, , cpc_PutTrSp4x8TileMap2b.asm:58
pasa_bloque_a_sbuffer           = $09C0 ; addr, local, , cpc_PutTrSp8x16TileMap2bPx, , cpc_PutTrSp8x16TileMap2bPx.asm:33
transferir_sprite               = $09C0 ; addr, local, , cpc_PutTrSp8x16TileMap2bPx, , cpc_PutTrSp8x16TileMap2bPx.asm:35
sp_buffer_mask                  = $09D7 ; addr, local, , cpc_PutTrSp8x16TileMap2bPx, , cpc_PutTrSp8x16TileMap2bPx.asm:55
loop_alto_map_sbuffer_shifted   = $0A0E ; addr, local, , cpc_PutTrSp8x16TileMap2bPx, , cpc_PutTrSp8x16TileMap2bPx.asm:119
loop_alto_map_sbuffer           = $09E1 ; addr, local, , cpc_PutTrSp8x16TileMap2bPx, , cpc_PutTrSp8x16TileMap2bPx.asm:65
keymap0                         = $0A8C ; addr, local, , cpc_KeysData, , cpc_KeysData.asm:16
tecla_0                         = $0A96 ; addr, local, , cpc_KeysData, , cpc_KeysData.asm:18
tabla_teclas0                   = $0A98 ; addr, local, , cpc_KeysData, , cpc_KeysData.asm:20
noinc                           = $0ABE ; addr, local, , cpc_TblLookup, , cpc_TblLookup.asm:17
cpc_InvalidateRect_P            = $0AC8 ; addr, local, , cpc_InvalidateRect, , cpc_InvalidateRect.asm:42
noinc1                          = $0AEE ; addr, local, , cpc_InvalidateRect, , cpc_InvalidateRect.asm:86
invcollp                        = $0AF2 ; addr, local, , cpc_InvalidateRect, , cpc_InvalidateRect.asm:92
invfullchar                     = $0B05 ; addr, local, , cpc_InvalidateRect, , cpc_InvalidateRect.asm:109
noinc2                          = $0B01 ; addr, local, , cpc_InvalidateRect, , cpc_InvalidateRect.asm:103
invrowlp                        = $0B07 ; addr, local, , cpc_InvalidateRect, , cpc_InvalidateRect.asm:113
noinc3                          = $0B12 ; addr, local, , cpc_InvalidateRect, , cpc_InvalidateRect.asm:124
__CLIB_OPT_IMATH                = $0000 ; const, local, , l_divu_16_16x16, , ../config_private.inc:27
divide_zero                     = $496B ; addr, local, , l_small_divu_16_16x16, code_math, ../_DEVELOPMENT/math/integer/small/l_small_divu_16_16x16.asm:141
divisor_sixteen_bit             = $493D ; addr, local, , l_small_divu_16_16x16, code_math, ../_DEVELOPMENT/math/integer/small/l_small_divu_16_16x16.asm:50
loop_16_0                       = $4943 ; addr, local, , l_small_divu_16_16x16, code_math, ../_DEVELOPMENT/math/integer/small/l_small_divu_16_16x16.asm:60
loop_16_1                       = $494B ; addr, local, , l_small_divu_16_16x16, code_math, ../_DEVELOPMENT/math/integer/small/l_small_divu_16_16x16.asm:69
loop_8_0                        = $495D ; addr, local, , l_small_divu_16_16x16, code_math, ../_DEVELOPMENT/math/integer/small/l_small_divu_16_16x16.asm:118
loop_8_2                        = $4964 ; addr, local, , l_small_divu_16_16x16, code_math, ../_DEVELOPMENT/math/integer/small/l_small_divu_16_16x16.asm:127
loop_8_1                        = $4966 ; addr, local, , l_small_divu_16_16x16, code_math, ../_DEVELOPMENT/math/integer/small/l_small_divu_16_16x16.asm:132
l_sxt                           = $48D4 ; addr, local, , l_gchar, code_crt0_sccz80, sccz80/crt0_z80/l_gchar.asm:12
__CLIB_OPT_IMATH                = $0000 ; const, local, , l_mulu_16_16x16, , ../config_private.inc:27
eight_bit_1                     = $497E ; addr, local, , l_small_mul_16_16x16, code_math, ../_DEVELOPMENT/math/integer/small/l_small_mul_16_16x16.asm:40
eight_bit_0                     = $497D ; addr, local, , l_small_mul_16_16x16, code_math, ../_DEVELOPMENT/math/integer/small/l_small_mul_16_16x16.asm:36
rejoin                          = $4981 ; addr, local, , l_small_mul_16_16x16, code_math, ../_DEVELOPMENT/math/integer/small/l_small_mul_16_16x16.asm:57
loop_0                          = $4984 ; addr, local, , l_small_mul_16_16x16, code_math, ../_DEVELOPMENT/math/integer/small/l_small_mul_16_16x16.asm:61
loop_1                          = $498B ; addr, local, , l_small_mul_16_16x16, code_math, ../_DEVELOPMENT/math/integer/small/l_small_mul_16_16x16.asm:75
TileMapConf                     = $0406 ; addr, public, , tilemap_conf_asm, , tilemap_conf.asm:75
_nametable                      = $0100 ; const, public, , tilemap_conf_asm, , tilemap_conf.asm:60
pantalla_juego                  = $0100 ; const, public, , tilemap_conf_asm, , tilemap_conf.asm:61
tiles_tocados                   = $CE00 ; const, public, , tilemap_conf_asm, , tilemap_conf.asm:58
posiciones_pantalla             = $0406 ; addr, public, , tilemap_conf_asm, , tilemap_conf.asm:77
posiciones_super_buffer         = $0436 ; addr, public, , tilemap_conf_asm, , tilemap_conf.asm:106
posicion_inicial_area_visible   = $C000 ; const, public, , tilemap_conf_asm, , tilemap_conf.asm:63
posicion_inicial_superbuffer    = $9000 ; const, public, , tilemap_conf_asm, , tilemap_conf.asm:64
ancho_pantalla_bytes            = $0040 ; const, public, , tilemap_conf_asm, , tilemap_conf.asm:69
alto_pantalla_bytes             = $00C0 ; const, public, , tilemap_conf_asm, , tilemap_conf.asm:70
ancho_pantalla_bytes_visible    = $0040 ; const, public, , tilemap_conf_asm, , tilemap_conf.asm:71
mascara1                        = $0000 ; const, public, , tilemap_conf_asm, , tilemap_conf.asm:53
mascara2                        = $0000 ; const, public, , tilemap_conf_asm, , tilemap_conf.asm:54
behindtilemasks                 = $0466 ; addr, public, , tilemap_conf_asm, , tilemap_conf.asm:139
viewport_x                      = $0001 ; const, public, , mk1_c, code_compiler, autodefs.h:8
viewport_y                      = $0002 ; const, public, , mk1_c, code_compiler, autodefs.h:8
tiles                           = $148F ; addr, public, , mk1_c, code_compiler, assets/tileset.h::show_buffer_and_tiles::0::3:5
_def_keys                       = $0566 ; addr, public, , mk1_c, , my/config.h:256
_behs                           = $0B30 ; addr, public, , mk1_c, data_compiler, my/config.h:380
_enems_load                     = $367A ; addr, public, , mk1_c, code_compiler, engine/enengine.h::enems_load::0::76:79
_enems_kill                     = $384B ; addr, public, , mk1_c, code_compiler, engine/enengine.h::enems_kill::0::83:235
_enems_move                     = $385C ; addr, public, , mk1_c, code_compiler, engine/enengine.h::enems_move::0::84:265
_collide                        = $2BEB ; addr, public, , mk1_c, code_compiler, engine/general.h::collide::0::22:14
_cm_two_points                  = $2C1D ; addr, public, , mk1_c, code_compiler, engine/general.h::cm_two_points::0::23:63
_rand                           = $2C7A ; addr, public, , mk1_c, code_compiler, engine/general.h::rand::0::24:138
_abs                            = $2CA3 ; addr, public, , mk1_c, code_compiler, engine/general.h::abs::0::25:182
_hotspots_init                  = $3A63 ; addr, public, , mk1_c, code_compiler, engine/hotspots.h::hotspots_init::0::91:7
_hotspots_do                    = $3A72 ; addr, public, , mk1_c, code_compiler, engine/hotspots.h::hotspots_do::0::92:30
_player_init                    = $2F98 ; addr, public, , mk1_c, code_compiler, engine/player.h::player_init::0::38:13
_player_calc_bounding_box       = $3004 ; addr, public, , mk1_c, code_compiler, engine/player.h::player_calc_bounding_box::0::39:73
_player_move                    = $3045 ; addr, public, , mk1_c, code_compiler, engine/player.h::player_move::0::40:247
_player_deplete                 = $3620 ; addr, public, , mk1_c, code_compiler, engine/player.h::player_deplete::0::74:1488
_player_kill                    = $364B ; addr, public, , mk1_c, code_compiler, engine/player.h::player_kill::0::75:1492
_draw_hud                       = $43F7 ; addr, public, , mk1_c, code_compiler, mainloop/hud.h::draw_hud::0::104:6
_unpack                         = $120A ; addr, public, , mk1_c, code_compiler, aplib.h::unpack::0::0:155
_game_ending                    = $2CBA ; addr, public, , mk1_c, code_compiler, my/fixed_screens.h::game_ending::0::26:4
_game_over                      = $2CE2 ; addr, public, , mk1_c, code_compiler, my/fixed_screens.h::game_over::0::27:19
_pause_screen                   = $2D2C ; addr, public, , mk1_c, code_compiler, my/fixed_screens.h::pause_screen::0::28:40
_addsign                        = $2D6E ; addr, public, , mk1_c, code_compiler, engine.h::addsign::0::29:20
_espera_activa                  = $2D88 ; addr, public, , mk1_c, code_compiler, engine.h::espera_activa::0::30:28
_process_tile                   = $2DA9 ; addr, public, , mk1_c, code_compiler, engine.h::process_tile::0::32:85
_draw_scr_background            = $2DAA ; addr, public, , mk1_c, code_compiler, engine.h::draw_scr_background::0::33:352
_draw_scr                       = $2E45 ; addr, public, , mk1_c, code_compiler, engine.h::draw_scr::0::35:524
_mons_col_sc_x                  = $2ECC ; addr, public, , mk1_c, code_compiler, engine.h::mons_col_sc_x::0::36:768
_mons_col_sc_y                  = $2F3A ; addr, public, , mk1_c, code_compiler, engine.h::mons_col_sc_y::0::37:849
_blackout                       = $1463 ; addr, public, , mk1_c, code_compiler, pantallas.h::blackout::0::1:32
_attr                           = $2977 ; addr, public, , mk1_c, code_compiler, printer.h::attr::0::3:6
_qtile                          = $29A7 ; addr, public, , mk1_c, code_compiler, printer.h::qtile::0::4:61
_draw_coloured_tile             = $29DD ; addr, public, , mk1_c, code_compiler, printer.h::draw_coloured_tile::0::6:167
_invalidate_tile                = $29F8 ; addr, public, , mk1_c, code_compiler, printer.h::invalidate_tile::0::7:450
_invalidate_viewport            = $2A11 ; addr, public, , mk1_c, code_compiler, printer.h::invalidate_viewport::0::8:470
_draw_invalidate_coloured_tile_gamearea = $2A1D ; addr, public, , mk1_c, code_compiler, printer.h::draw_invalidate_coloured_tile_gamearea::0::9:482
_draw_coloured_tile_gamearea    = $2A24 ; addr, public, , mk1_c, code_compiler, printer.h::draw_coloured_tile_gamearea::0::10:487
_draw_decorations               = $2A41 ; addr, public, , mk1_c, code_compiler, printer.h::draw_decorations::0::11:491
_update_tile                    = $2A74 ; addr, public, , mk1_c, code_compiler, printer.h::update_tile::0::12:536
_print_number2                  = $2AA5 ; addr, public, , mk1_c, code_compiler, printer.h::print_number2::0::13:578
_draw_objs                      = $2AEC ; addr, public, , mk1_c, code_compiler, printer.h::draw_objs::0::14:600
_print_str                      = $2AED ; addr, public, , mk1_c, code_compiler, printer.h::print_str::0::15:663
_clear_sprites                  = $2B1C ; addr, public, , mk1_c, code_compiler, printer.h::clear_sprites::0::16:717
_cpc_UpdateNow                  = $2B78 ; addr, public, , mk1_c, code_compiler, engine/update.h::cpc_UpdateNow::0::19:9
_wyz_init                       = $3CDA ; addr, public, , mk1_c, code_compiler, wyz_player.h::wyz_init::0::96:9
_wyz_play_music                 = $3CE5 ; addr, public, , mk1_c, code_compiler, wyz_player.h::wyz_play_music::0::97:18
_wyz_play_sound                 = $3D0D ; addr, public, , mk1_c, code_compiler, wyz_player.h::wyz_play_sound::0::98:30
_wyz_stop_sound                 = $3D16 ; addr, public, , mk1_c, code_compiler, wyz_player.h::wyz_stop_sound::0::99:41
_pad0                           = $4814 ; addr, public, , mk1_c, bss_compiler, mk1.c::main::0::128:118
_enoffs                         = $4815 ; addr, public, , mk1_c, bss_compiler, mk1.c::main::0::128:118
_asm_number                     = $4817 ; addr, public, , mk1_c, bss_compiler, mk1.c::main::0::128:118
_asm_int                        = $4818 ; addr, public, , mk1_c, bss_compiler, mk1.c::main::0::128:118
_asm_int_2                      = $481A ; addr, public, , mk1_c, bss_compiler, mk1.c::main::0::128:118
_seed                           = $481C ; addr, public, , mk1_c, bss_compiler, mk1.c::main::0::128:118
_half_life                      = $481E ; addr, public, , mk1_c, bss_compiler, mk1.c::main::0::128:118
_p_x                            = $481F ; addr, public, , mk1_c, bss_compiler, mk1.c::main::0::128:118
_p_y                            = $4821 ; addr, public, , mk1_c, bss_compiler, mk1.c::main::0::128:118
_p_vx                           = $4823 ; addr, public, , mk1_c, bss_compiler, mk1.c::main::0::128:118
_p_vy                           = $4825 ; addr, public, , mk1_c, bss_compiler, mk1.c::main::0::128:118
_p_saltando                     = $4827 ; addr, public, , mk1_c, bss_compiler, mk1.c::main::0::128:118
_p_cont_salto                   = $4828 ; addr, public, , mk1_c, bss_compiler, mk1.c::main::0::128:118
_p_frame                        = $4829 ; addr, public, , mk1_c, bss_compiler, mk1.c::main::0::128:118
_p_subframe                     = $482A ; addr, public, , mk1_c, bss_compiler, mk1.c::main::0::128:118
_p_facing                       = $482B ; addr, public, , mk1_c, bss_compiler, mk1.c::main::0::128:118
_p_estado                       = $482C ; addr, public, , mk1_c, bss_compiler, mk1.c::main::0::128:118
_p_ct_estado                    = $482D ; addr, public, , mk1_c, bss_compiler, mk1.c::main::0::128:118
_p_gotten                       = $482E ; addr, public, , mk1_c, bss_compiler, mk1.c::main::0::128:118
_pregotten                      = $482F ; addr, public, , mk1_c, bss_compiler, mk1.c::main::0::128:118
_p_life                         = $4830 ; addr, public, , mk1_c, bss_compiler, mk1.c::main::0::128:118
_p_objs                         = $4831 ; addr, public, , mk1_c, bss_compiler, mk1.c::main::0::128:118
_p_keys                         = $4832 ; addr, public, , mk1_c, bss_compiler, mk1.c::main::0::128:118
_p_fuel                         = $4833 ; addr, public, , mk1_c, bss_compiler, mk1.c::main::0::128:118
_p_killed                       = $4834 ; addr, public, , mk1_c, bss_compiler, mk1.c::main::0::128:118
_p_disparando                   = $4835 ; addr, public, , mk1_c, bss_compiler, mk1.c::main::0::128:118
_p_facing_v                     = $4836 ; addr, public, , mk1_c, bss_compiler, mk1.c::main::0::128:118
_p_facing_h                     = $4837 ; addr, public, , mk1_c, bss_compiler, mk1.c::main::0::128:118
_p_ammo                         = $4838 ; addr, public, , mk1_c, bss_compiler, mk1.c::main::0::128:118
_p_killme                       = $4839 ; addr, public, , mk1_c, bss_compiler, mk1.c::main::0::128:118
_p_kill_amt                     = $483A ; addr, public, , mk1_c, bss_compiler, mk1.c::main::0::128:118
_p_tx                           = $483B ; addr, public, , mk1_c, bss_compiler, mk1.c::main::0::128:118
_p_ty                           = $483C ; addr, public, , mk1_c, bss_compiler, mk1.c::main::0::128:118
_ptgmx                          = $483D ; addr, public, , mk1_c, bss_compiler, mk1.c::main::0::128:118
_ptgmy                          = $483F ; addr, public, , mk1_c, bss_compiler, mk1.c::main::0::128:118
_spacer                         = $0B60 ; addr, public, , mk1_c, data_compiler, definitions.h:127
_enit                           = $4841 ; addr, public, , mk1_c, bss_compiler, mk1.c::main::0::128:118
_enspit                         = $4842 ; addr, public, , mk1_c, bss_compiler, mk1.c::main::0::128:118
__en_x                          = $4843 ; addr, public, , mk1_c, bss_compiler, mk1.c::main::0::128:118
__en_y                          = $4844 ; addr, public, , mk1_c, bss_compiler, mk1.c::main::0::128:118
__en_x1                         = $4845 ; addr, public, , mk1_c, bss_compiler, mk1.c::main::0::128:118
__en_y1                         = $4846 ; addr, public, , mk1_c, bss_compiler, mk1.c::main::0::128:118
__en_x2                         = $4847 ; addr, public, , mk1_c, bss_compiler, mk1.c::main::0::128:118
__en_y2                         = $4848 ; addr, public, , mk1_c, bss_compiler, mk1.c::main::0::128:118
__en_mx                         = $4849 ; addr, public, , mk1_c, bss_compiler, mk1.c::main::0::128:118
__en_my                         = $484A ; addr, public, , mk1_c, bss_compiler, mk1.c::main::0::128:118
__en_t                          = $484B ; addr, public, , mk1_c, bss_compiler, mk1.c::main::0::128:118
__en_life                       = $484C ; addr, public, , mk1_c, bss_compiler, mk1.c::main::0::128:118
__baddies_pointer               = $484D ; addr, public, , mk1_c, bss_compiler, mk1.c::main::0::128:118
_hotspot_x                      = $484F ; addr, public, , mk1_c, bss_compiler, mk1.c::main::0::128:118
_hotspot_y                      = $4850 ; addr, public, , mk1_c, bss_compiler, mk1.c::main::0::128:118
_hotspot_destroy                = $4851 ; addr, public, , mk1_c, bss_compiler, mk1.c::main::0::128:118
_orig_tile                      = $4852 ; addr, public, , mk1_c, bss_compiler, mk1.c::main::0::128:118
_flags                          = $4853 ; addr, public, , mk1_c, bss_compiler, mk1.c::main::0::128:118
_o_pant                         = $4873 ; addr, public, , mk1_c, bss_compiler, mk1.c::main::0::128:118
_n_pant                         = $4874 ; addr, public, , mk1_c, bss_compiler, mk1.c::main::0::128:118
_is_rendering                   = $4875 ; addr, public, , mk1_c, bss_compiler, mk1.c::main::0::128:118
_level                          = $4876 ; addr, public, , mk1_c, bss_compiler, mk1.c::main::0::128:118
_slevel                         = $4877 ; addr, public, , mk1_c, bss_compiler, mk1.c::main::0::128:118
_warp_to_level                  = $0B62 ; addr, public, , mk1_c, data_compiler, definitions.h:209
_maincounter                    = $4878 ; addr, public, , mk1_c, bss_compiler, mk1.c::main::0::128:118
_gpx                            = $4879 ; addr, public, , mk1_c, bss_compiler, mk1.c::main::0::128:118
_gpox                           = $487A ; addr, public, , mk1_c, bss_compiler, mk1.c::main::0::128:118
_gpy                            = $487B ; addr, public, , mk1_c, bss_compiler, mk1.c::main::0::128:118
_gpd                            = $487C ; addr, public, , mk1_c, bss_compiler, mk1.c::main::0::128:118
_gpc                            = $487D ; addr, public, , mk1_c, bss_compiler, mk1.c::main::0::128:118
_gpt                            = $487E ; addr, public, , mk1_c, bss_compiler, mk1.c::main::0::128:118
_gpxx                           = $487F ; addr, public, , mk1_c, bss_compiler, mk1.c::main::0::128:118
_gpyy                           = $4880 ; addr, public, , mk1_c, bss_compiler, mk1.c::main::0::128:118
_gpcx                           = $4881 ; addr, public, , mk1_c, bss_compiler, mk1.c::main::0::128:118
_gpcy                           = $4882 ; addr, public, , mk1_c, bss_compiler, mk1.c::main::0::128:118
_possee                         = $4883 ; addr, public, , mk1_c, bss_compiler, mk1.c::main::0::128:118
_hit_v                          = $4884 ; addr, public, , mk1_c, bss_compiler, mk1.c::main::0::128:118
_hit_h                          = $4885 ; addr, public, , mk1_c, bss_compiler, mk1.c::main::0::128:118
_hit                            = $4886 ; addr, public, , mk1_c, bss_compiler, mk1.c::main::0::128:118
_wall_h                         = $4887 ; addr, public, , mk1_c, bss_compiler, mk1.c::main::0::128:118
_wall_v                         = $4888 ; addr, public, , mk1_c, bss_compiler, mk1.c::main::0::128:118
_gpen_x                         = $4889 ; addr, public, , mk1_c, bss_compiler, mk1.c::main::0::128:118
_gpen_y                         = $488A ; addr, public, , mk1_c, bss_compiler, mk1.c::main::0::128:118
_gpen_cx                        = $488B ; addr, public, , mk1_c, bss_compiler, mk1.c::main::0::128:118
_gpen_cy                        = $488C ; addr, public, , mk1_c, bss_compiler, mk1.c::main::0::128:118
_gpaux                          = $488D ; addr, public, , mk1_c, bss_compiler, mk1.c::main::0::128:118
_tocado                         = $488E ; addr, public, , mk1_c, bss_compiler, mk1.c::main::0::128:118
_active                         = $488F ; addr, public, , mk1_c, bss_compiler, mk1.c::main::0::128:118
_gpit                           = $4890 ; addr, public, , mk1_c, bss_compiler, mk1.c::main::0::128:118
_gpjt                           = $4891 ; addr, public, , mk1_c, bss_compiler, mk1.c::main::0::128:118
_enoffsmasi                     = $4892 ; addr, public, , mk1_c, bss_compiler, mk1.c::main::0::128:118
_gpint                          = $4894 ; addr, public, , mk1_c, bss_compiler, mk1.c::main::0::128:118
_map_pointer                    = $4896 ; addr, public, , mk1_c, bss_compiler, mk1.c::main::0::128:118
_rdx                            = $4898 ; addr, public, , mk1_c, bss_compiler, mk1.c::main::0::128:118
_rdy                            = $4899 ; addr, public, , mk1_c, bss_compiler, mk1.c::main::0::128:118
_rda                            = $489A ; addr, public, , mk1_c, bss_compiler, mk1.c::main::0::128:118
_rdb                            = $489B ; addr, public, , mk1_c, bss_compiler, mk1.c::main::0::128:118
_rdc                            = $489C ; addr, public, , mk1_c, bss_compiler, mk1.c::main::0::128:118
_rdd                            = $489D ; addr, public, , mk1_c, bss_compiler, mk1.c::main::0::128:118
_rdn                            = $489E ; addr, public, , mk1_c, bss_compiler, mk1.c::main::0::128:118
_rdt                            = $489F ; addr, public, , mk1_c, bss_compiler, mk1.c::main::0::128:118
_itj                            = $48A0 ; addr, public, , mk1_c, bss_compiler, mk1.c::main::0::128:118
_objs_old                       = $48A2 ; addr, public, , mk1_c, bss_compiler, mk1.c::main::0::128:118
_keys_old                       = $48A3 ; addr, public, , mk1_c, bss_compiler, mk1.c::main::0::128:118
_life_old                       = $48A4 ; addr, public, , mk1_c, bss_compiler, mk1.c::main::0::128:118
_killed_old                     = $48A5 ; addr, public, , mk1_c, bss_compiler, mk1.c::main::0::128:118
_gen_pt                         = $48A6 ; addr, public, , mk1_c, bss_compiler, mk1.c::main::0::128:118
_playing                        = $48A8 ; addr, public, , mk1_c, bss_compiler, mk1.c::main::0::128:118
_success                        = $48A9 ; addr, public, , mk1_c, bss_compiler, mk1.c::main::0::128:118
__x                             = $48AA ; addr, public, , mk1_c, bss_compiler, mk1.c::main::0::128:118
__y                             = $48AB ; addr, public, , mk1_c, bss_compiler, mk1.c::main::0::128:118
__n                             = $48AC ; addr, public, , mk1_c, bss_compiler, mk1.c::main::0::128:118
__t                             = $48AD ; addr, public, , mk1_c, bss_compiler, mk1.c::main::0::128:118
_cx1                            = $48AE ; addr, public, , mk1_c, bss_compiler, mk1.c::main::0::128:118
_cy1                            = $48AF ; addr, public, , mk1_c, bss_compiler, mk1.c::main::0::128:118
_cx2                            = $48B0 ; addr, public, , mk1_c, bss_compiler, mk1.c::main::0::128:118
_cy2                            = $48B1 ; addr, public, , mk1_c, bss_compiler, mk1.c::main::0::128:118
_at1                            = $48B2 ; addr, public, , mk1_c, bss_compiler, mk1.c::main::0::128:118
_at2                            = $48B3 ; addr, public, , mk1_c, bss_compiler, mk1.c::main::0::128:118
_x0                             = $48B4 ; addr, public, , mk1_c, bss_compiler, mk1.c::main::0::128:118
_y0                             = $48B5 ; addr, public, , mk1_c, bss_compiler, mk1.c::main::0::128:118
_x1                             = $48B6 ; addr, public, , mk1_c, bss_compiler, mk1.c::main::0::128:118
_y1                             = $48B7 ; addr, public, , mk1_c, bss_compiler, mk1.c::main::0::128:118
_ptx1                           = $48B8 ; addr, public, , mk1_c, bss_compiler, mk1.c::main::0::128:118
_pty1                           = $48B9 ; addr, public, , mk1_c, bss_compiler, mk1.c::main::0::128:118
_ptx2                           = $48BA ; addr, public, , mk1_c, bss_compiler, mk1.c::main::0::128:118
_pty2                           = $48BB ; addr, public, , mk1_c, bss_compiler, mk1.c::main::0::128:118
_pty2b                          = $48BC ; addr, public, , mk1_c, bss_compiler, mk1.c::main::0::128:118
__gp_gen                        = $48BD ; addr, public, , mk1_c, bss_compiler, mk1.c::main::0::128:118
_def_keys_joy                   = $1130 ; addr, public, , mk1_c, code_compiler, definitions.h:327
_isr_player_on                  = $48BF ; addr, public, , mk1_c, bss_compiler, mk1.c::main::0::128:118
_t_seconds                      = $48C0 ; addr, public, , mk1_c, bss_compiler, mk1.c::main::0::128:118
_is_joystick                    = $48C2 ; addr, public, , mk1_c, bss_compiler, mk1.c::main::0::128:118
_ram_address                    = $48C3 ; addr, public, , mk1_c, bss_compiler, mk1.c::main::0::128:118
_ram_destination                = $48C5 ; addr, public, , mk1_c, bss_compiler, mk1.c::main::0::128:118
_s_title                        = $1225 ; addr, public, , mk1_c, code_compiler, pantallas.h::unpack::0::1:13
_s_marco                        = $1312 ; addr, public, , mk1_c, code_compiler, pantallas.h::unpack::0::1:13
_s_ending                       = $138C ; addr, public, , mk1_c, code_compiler, pantallas.h::unpack::0::1:25
_show_buffer_and_tiles          = $1482 ; addr, public, , mk1_c, code_compiler, pantallas.h::show_buffer_and_tiles::0::2:55
_my_inks                        = $47DD ; addr, public, , mk1_c, rodata_compiler, assets/pal.h::show_buffer_and_tiles::0::3:5
_mapa                           = $0B63 ; addr, public, , mk1_c, data_compiler, assets/mapa.h::show_buffer_and_tiles::0::3:5
_cerrojos                       = $48C7 ; addr, public, , mk1_c, bss_compiler, mk1.c::main::0::128:118
_tileset                        = $148F ; addr, public, , mk1_c, code_compiler, assets/tileset.h::show_buffer_and_tiles::0::3:5
_malotes                        = $0C8F ; addr, public, , mk1_c, data_compiler, assets/enems.h::show_buffer_and_tiles::0::3:17
_hotspots                       = $105B ; addr, public, , mk1_c, data_compiler, assets/enems.h::show_buffer_and_tiles::0::3:216
_sprites                        = $248F ; addr, public, , mk1_c, code_compiler, assets/sprites.h::show_buffer_and_tiles::0::3:10
_sprite_18_a                    = $288F ; addr, public, , mk1_c, code_compiler, assets/extrasprites.h::show_buffer_and_tiles::0::3:29
_sm_cox                         = $10C7 ; addr, public, , mk1_c, data_compiler, assets/spriteset_mappings.h::show_buffer_and_tiles::0::3:9
_sm_coy                         = $10D7 ; addr, public, , mk1_c, data_compiler, assets/spriteset_mappings.h::show_buffer_and_tiles::0::3:14
_sm_invfunc                     = $10E7 ; addr, public, , mk1_c, data_compiler, assets/spriteset_mappings.h::show_buffer_and_tiles::0::3:19
_sm_updfunc                     = $1107 ; addr, public, , mk1_c, data_compiler, assets/spriteset_mappings.h::show_buffer_and_tiles::0::3:26
_sm_sprptr                      = $28EF ; addr, public, , mk1_c, code_compiler, assets/spriteset_mappings.h::show_buffer_and_tiles::0::3:34
_trpixlutc                      = $290F ; addr, public, , mk1_c, code_compiler, assets/trpixlut.h::show_buffer_and_tiles::0::3:6
__tile_address                  = $29C5 ; addr, public, , mk1_c, code_compiler, printer.h::_tile_address::0::5:134
_utaux                          = $1127 ; addr, public, , mk1_c, data_compiler, printer.h::draw_decorations::0::12:535
_pal_set                        = $2B4A ; addr, public, , mk1_c, code_compiler, printer.h::pal_set::0::18:727
_wyz_songs                      = $3CD6 ; addr, public, , mk1_c, code_compiler, my/wyz/songs.h::hotspots_do::0::96:6
_title_screen                   = $439B ; addr, public, , mk1_c, code_compiler, my/title_screen.h::title_screen::0::100:6
_main                           = $4426 ; addr, public, , mk1_c, code_compiler, mainloop.h::main::0::107:7
cpc_ShowTileMap                 = $057E ; addr, public, , cpc_ShowTileMap, , cpc_ShowTileMap.asm:20
cpc_ResetTouchedTiles           = $0619 ; addr, public, , cpc_ResetTouchedTiles, , cpc_ResetTouchedTiles.asm:18
cpc_UpdScr                      = $0627 ; addr, public, , cpc_UpdScr, , cpc_UpdScr.asm:29
cpc_ShowTouchedTiles            = $0704 ; addr, public, , cpc_ShowTouchedTiles, , cpc_ShowTouchedTiles.asm:36
cpc_PutSpTileMap4x8             = $0814 ; addr, public, , cpc_PutSpTileMap4x8, , cpc_PutSpTileMap4x8.asm:25
cpc_PutSpTileMap8x16Px          = $0861 ; addr, public, , cpc_PutSpTileMap8x16Px, , cpc_PutSpTileMap8x16Px.asm:26
cpc_TestKey                     = $08CB ; addr, public, , cpc_TestKey, , cpc_TestKey.asm:14
cpc_TestKeyboard                = $08E5 ; addr, public, , cpc_TestKeyboard, , cpc_TestKeyboard.asm:3
cpc_AnyKeyPressed               = $0909 ; addr, public, , cpc_AnyKeyPressed, , cpc_AnyKeyPressed.asm:11
cpc_SetMode                     = $0923 ; addr, public, , cpc_SetMode, , cpc_SetMode.asm:8
cpc_SetColour                   = $092D ; addr, public, , cpc_SetColour, , cpc_SetColour.asm:8
cpc_UpdTileTable                = $094E ; addr, public, , cpc_UpdTileTable, , cpc_UpdTileTable.asm:54
cpc_UpdTileTableClp             = $0940 ; addr, public, , cpc_UpdTileTable, , cpc_UpdTileTable.asm:32
cpc_PutTrSp4x8TileMap2b         = $096D ; addr, public, , cpc_PutTrSp4x8TileMap2b, , cpc_PutTrSp4x8TileMap2b.asm:19
cpc_PutTrSp8x16TileMap2bPx      = $09B2 ; addr, public, , cpc_PutTrSp8x16TileMap2bPx, , cpc_PutTrSp8x16TileMap2bPx.asm:20
cpc_KeysData                    = $0A8C ; addr, public, , cpc_KeysData, , cpc_KeysData.asm:14
tabla_teclas                    = $0A98 ; addr, public, , cpc_KeysData, , cpc_KeysData.asm:40
keymap                          = $0A8C ; addr, public, , cpc_KeysData, , cpc_KeysData.asm:41
cpc_Bit2Mask                    = $0AB1 ; addr, public, , cpc_Bit2Mask, , cpc_Bit2Mask.asm:5
cpc_TblLookup                   = $0AB9 ; addr, public, , cpc_TblLookup, , cpc_TblLookup.asm:11
cpc_InvalidateRect              = $0AC0 ; addr, public, , cpc_InvalidateRect, , cpc_InvalidateRect.asm:29
cpc_bitright2mask               = $0B20 ; addr, public, , cpc_bitright2mask, , cpc_bitright2mask.asm:4
cpc_bitleft2mask                = $0B28 ; addr, public, , cpc_bitleft2mask, , cpc_bitleft2mask.asm:4
l_div_u                         = $4934 ; addr, public, , l_div_u, code_crt0_sccz80, sccz80/crt0_z80/l_div_u.asm:17
l_divu_16_16x16                 = $4935 ; addr, public, , l_divu_16_16x16, code_math, ../_DEVELOPMENT/math/integer/l_divu_16_16x16.asm:22
l0_divu_16_16x16                = $4939 ; addr, public, , l_divu_16_16x16, code_math, ../_DEVELOPMENT/math/integer/l_divu_16_16x16.asm:23
l_small_divu_16_16x16           = $4935 ; addr, public, , l_small_divu_16_16x16, code_math, ../_DEVELOPMENT/math/integer/small/l_small_divu_16_16x16.asm:17
l0_small_divu_16_16x16          = $4939 ; addr, public, , l_small_divu_16_16x16, code_math, ../_DEVELOPMENT/math/integer/small/l_small_divu_16_16x16.asm:42
l_small_divu_16_16x8            = $4955 ; addr, public, , l_small_divu_16_16x16, code_math, ../_DEVELOPMENT/math/integer/small/l_small_divu_16_16x16.asm:87
l0_small_divu_16_16x8           = $4959 ; addr, public, , l_small_divu_16_16x16, code_math, ../_DEVELOPMENT/math/integer/small/l_small_divu_16_16x16.asm:112
error_divide_by_zero_mc         = $4992 ; addr, public, , error_divide_by_zero_mc, code_error, ../_DEVELOPMENT/error/z80/error_divide_by_zero_mc.asm:12
error_edom_mc                   = $4992 ; addr, public, , error_edom_mc, code_error, ../_DEVELOPMENT/error/z80/error_edom_mc.asm:57
errno_mc                        = $4994 ; addr, public, , errno_mc, code_error, ../_DEVELOPMENT/error/z80/errno_mc.asm:21
_errno                          = $49A4 ; addr, public, , _errno, bss_error, ../_DEVELOPMENT/error/z80/_errno.asm:7
error_mc                        = $499F ; addr, public, , error_mc, code_error, ../_DEVELOPMENT/error/z80/error_mc.asm:11
l_eq                            = $48C9 ; addr, public, , l_eq, code_crt0_sccz80, sccz80/crt0_z80/l_eq.asm:17
l_gchar                         = $48D3 ; addr, public, , l_gchar, code_crt0_sccz80, sccz80/crt0_z80/l_gchar.asm:11
l_gint                          = $48D9 ; addr, public, , l_gint, code_crt0_sccz80, sccz80/crt0_z80/l_gint.asm:11
l_gintsp                        = $48DE ; addr, public, , l_gintsp, code_crt0_sccz80, sccz80/crt0_z80/l_gintsp.asm:7
l_gt                            = $48E6 ; addr, public, , l_gt, code_crt0_sccz80, sccz80/crt0_z80/l_gt.asm:15
l_compare_result                = $48F6 ; addr, public, , l_compare_result, code_crt0_sccz80, sccz80/crt0_z80/l_compare_result.asm:4
l_lneg                          = $48FC ; addr, public, , l_lneg, code_crt0_sccz80, sccz80/crt0_z80/l_lneg.asm:14
l_lt                            = $4905 ; addr, public, , l_lt, code_crt0_sccz80, sccz80/crt0_z80/l_lt.asm:15
l_mult                          = $496F ; addr, public, , l_mul, code_crt0_sccz80, sccz80/crt0_z80/l_mul.asm:12
l_mulu_16_16x16                 = $496F ; addr, public, , l_mulu_16_16x16, code_math, ../_DEVELOPMENT/math/integer/l_mulu_16_16x16.asm:36
l_small_mul_16_16x16            = $496F ; addr, public, , l_small_mul_16_16x16, code_math, ../_DEVELOPMENT/math/integer/small/l_small_mul_16_16x16.asm:10
l_small_mul_16_16x8             = $497E ; addr, public, , l_small_mul_16_16x16, code_math, ../_DEVELOPMENT/math/integer/small/l_small_mul_16_16x16.asm:42
l_ne                            = $4915 ; addr, public, , l_ne, code_crt0_sccz80, sccz80/crt0_z80/l_ne.asm:16
l_neg                           = $4920 ; addr, public, , l_neg, code_crt0_sccz80, sccz80/crt0_z80/l_neg.asm:13
l_pint                          = $4928 ; addr, public, , l_pint, code_crt0_sccz80, sccz80/crt0_z80/l_pint.asm:11
l_pint_pop                      = $492E ; addr, public, , l_pint_pop, code_crt0_sccz80, sccz80/crt0_z80/l_pint_pop.asm:12
__head                          = $0400 ; const, public, def, , ,
__tail                          = $49A6 ; const, public, def, , ,
__size                          = $45A6 ; const, public, def, , ,
__data_compiler_head            = $0B30 ; const, public, def, , ,
__data_compiler_tail            = $1128 ; const, public, def, , ,
__data_compiler_size            = $05F8 ; const, public, def, , ,
__code_compiler_head            = $1128 ; const, public, def, , ,
__code_compiler_tail            = $47DD ; const, public, def, , ,
__code_compiler_size            = $36B5 ; const, public, def, , ,
__rodata_compiler_head          = $47DD ; const, public, def, , ,
__rodata_compiler_tail          = $4814 ; const, public, def, , ,
__rodata_compiler_size          = $0037 ; const, public, def, , ,
__bss_compiler_head             = $4814 ; const, public, def, , ,
__bss_compiler_tail             = $48C9 ; const, public, def, , ,
__bss_compiler_size             = $00B5 ; const, public, def, , ,
__code_crt0_sccz80_head         = $48C9 ; const, public, def, , ,
__code_crt0_sccz80_tail         = $4934 ; const, public, def, , ,
__code_crt0_sccz80_size         = $006B ; const, public, def, , ,
__code_clib_head                = $4934 ; const, public, def, , ,
__code_clib_tail                = $4934 ; const, public, def, , ,
__code_clib_size                = $0000 ; const, public, def, , ,
__code_math_head                = $4934 ; const, public, def, , ,
__code_math_tail                = $498F ; const, public, def, , ,
__code_math_size                = $005B ; const, public, def, , ,
__code_error_head               = $498F ; const, public, def, , ,
__code_error_tail               = $49A4 ; const, public, def, , ,
__code_error_size               = $0015 ; const, public, def, , ,
__bss_clib_head                 = $49A4 ; const, public, def, , ,
__bss_clib_tail                 = $49A4 ; const, public, def, , ,
__bss_clib_size                 = $0000 ; const, public, def, , ,
__bss_error_head                = $49A4 ; const, public, def, , ,
__bss_error_tail                = $49A6 ; const, public, def, , ,
__bss_error_size                = $0002 ; const, public, def, , ,
