DEFINED_CRT_ORG_CODE            = $0001 ; const, local, , cpc_crt0, , C:/Users/r4373259/AppData/Local/Temp/zcc000020702A364/zcc_opt.def:3
CRT_ORG_CODE                    = $0400 ; const, local, , cpc_crt0, , C:/Users/r4373259/AppData/Local/Temp/zcc000020702A364/zcc_opt.def:4
start                           = $0400 ; addr, local, , cpc_crt0, , crt.asm:7
T_WIDTH                         = $0020 ; const, local, , tilemap_conf_asm, , tilemap_conf.asm:66
T_HEIGHT                        = $0018 ; const, local, , tilemap_conf_asm, , tilemap_conf.asm:67
vpClipStruct                    = $0D68 ; addr, local, , mk1_c, code_compiler, definitions.h:4
fsClipStruct                    = $0D6C ; addr, local, , mk1_c, code_compiler, definitions.h:4
i_1                             = $442D ; addr, local, , mk1_c, rodata_compiler, mk1.c::main::0::128:118
HLshr6_A                        = $0D88 ; addr, local, , mk1_c, code_compiler, mtasmlib.h:6
Ashl16_HL                       = $0D93 ; addr, local, , mk1_c, code_compiler, mtasmlib.h:6
withSign                        = $0D9F ; addr, local, , mk1_c, code_compiler, mtasmlib.h:6
depack                          = $0DA7 ; addr, local, , mk1_c, code_compiler, aplib.h:11
apbranch1                       = $0DAA ; addr, local, , mk1_c, code_compiler, aplib.h:11
aploop0                         = $0DAC ; addr, local, , mk1_c, code_compiler, aplib.h:11
ap_getbit                       = $0E2E ; addr, local, , mk1_c, code_compiler, aplib.h:11
aploop                          = $0DAF ; addr, local, , mk1_c, code_compiler, aplib.h:11
apbranch2                       = $0DED ; addr, local, , mk1_c, code_compiler, aplib.h:11
apbranch3                       = $0DD9 ; addr, local, , mk1_c, code_compiler, aplib.h:11
apget4bits                      = $0DC2 ; addr, local, , mk1_c, code_compiler, aplib.h:11
apbranch4                       = $0DD0 ; addr, local, , mk1_c, code_compiler, aplib.h:11
apwritebyte                     = $0DCC ; addr, local, , mk1_c, code_compiler, aplib.h:11
ap_finishup2                    = $0E1B ; addr, local, , mk1_c, code_compiler, aplib.h:11
ap_getgamma                     = $0E3A ; addr, local, , mk1_c, code_compiler, aplib.h:11
ap_r0_gamma                     = $0E22 ; addr, local, , mk1_c, code_compiler, aplib.h:11
apskip2                         = $0E0C ; addr, local, , mk1_c, code_compiler, aplib.h:11
apskip3                         = $0E15 ; addr, local, , mk1_c, code_compiler, aplib.h:11
ap_finishup                     = $0E18 ; addr, local, , mk1_c, code_compiler, aplib.h:11
ap_getgammaloop                 = $0E3D ; addr, local, , mk1_c, code_compiler, aplib.h:11
bo_l1                           = $10AC ; addr, local, , mk1_c, code_compiler, pantallas.h::blackout::0::1:32
_font                           = $10CF ; addr, local, , mk1_c, code_compiler, assets/tileset.h::show_buffer_and_tiles::0::3:5
_tspatterns                     = $14CF ; addr, local, , mk1_c, code_compiler, assets/tileset.h::show_buffer_and_tiles::0::3:5
_attr_2                         = $25BF ; addr, local, , mk1_c, code_compiler, printer.h::attr::0::3:6
_attr_1                         = $25C7 ; addr, local, , mk1_c, code_compiler, printer.h::attr::0::3:6
_attr_1b                        = $25D1 ; addr, local, , mk1_c, code_compiler, printer.h::attr::0::3:6
_map_attr                       = $C600 ; const, local, , mk1_c, code_compiler, mk1.c::main::0::128:118
_attr_end                       = $25E4 ; addr, local, , mk1_c, code_compiler, printer.h::attr::0::3:6
qtile_do                        = $25EF ; addr, local, , mk1_c, code_compiler, printer.h::qtile::0::4:61
_map_buff                       = $C696 ; const, local, , mk1_c, code_compiler, mk1.c::main::0::128:118
_draw_decorations_loop          = $2684 ; addr, local, , mk1_c, code_compiler, printer.h::draw_decorations::0::11:491
print_str_loop                  = $2737 ; addr, local, , mk1_c, code_compiler, printer.h::print_str::0::15:663
print_str_inv                   = $2749 ; addr, local, , mk1_c, code_compiler, printer.h::print_str::0::15:663
i_16                            = $2768 ; addr, local, , mk1_c, code_compiler, printer.h::clear_sprites::0::16:717
i_14                            = $2763 ; addr, local, , mk1_c, code_compiler, printer.h::clear_sprites::0::16:717
i_15                            = $2789 ; addr, local, , mk1_c, code_compiler, printer.h::clear_sprites::0::16:717
_sp_sw                          = $E600 ; const, local, , mk1_c, code_compiler, mk1.c::main::0::128:118
i_17                            = $278F ; addr, local, , mk1_c, code_compiler, printer.h::pal_set::0::18:727
i_18                            = $27B7 ; addr, local, , mk1_c, code_compiler, printer.h::pal_set::0::18:727
i_19                            = $27ED ; addr, local, , mk1_c, code_compiler, engine/update.h::cpc_UpdateNow::0::19:9
_cpc_screen_update_inv_loop     = $27C4 ; addr, local, , mk1_c, code_compiler, engine/update.h::cpc_UpdateNow::0::19:9
_cpc_screen_update_inv_ret      = $27E6 ; addr, local, , mk1_c, code_compiler, engine/update.h::cpc_UpdateNow::0::19:9
_cpc_screen_update_upd_buffer   = $27ED ; addr, local, , mk1_c, code_compiler, engine/update.h::cpc_UpdateNow::0::19:9
i_20                            = $2824 ; addr, local, , mk1_c, code_compiler, engine/update.h::cpc_UpdateNow::0::19:9
_cpc_screen_update_upd_loop     = $27FC ; addr, local, , mk1_c, code_compiler, engine/update.h::cpc_UpdateNow::0::19:9
_cpc_screen_update_upd_ret      = $281F ; addr, local, , mk1_c, code_compiler, engine/update.h::cpc_UpdateNow::0::19:9
_cpc_screen_update_done         = $2824 ; addr, local, , mk1_c, code_compiler, engine/update.h::cpc_UpdateNow::0::19:9
_cm_two_points_at1_reset        = $286B ; addr, local, , mk1_c, code_compiler, engine/general.h::cm_two_points::0::23:63
_cm_two_points_at1_do           = $286E ; addr, local, , mk1_c, code_compiler, engine/general.h::cm_two_points::0::23:63
_cm_two_points_at1_done         = $2888 ; addr, local, , mk1_c, code_compiler, engine/general.h::cm_two_points::0::23:63
_cm_two_points_at2_reset        = $2899 ; addr, local, , mk1_c, code_compiler, engine/general.h::cm_two_points::0::23:63
_cm_two_points_at2_do           = $289C ; addr, local, , mk1_c, code_compiler, engine/general.h::cm_two_points::0::23:63
_cm_two_points_at2_done         = $28B6 ; addr, local, , mk1_c, code_compiler, engine/general.h::cm_two_points::0::23:63
rand16                          = $28BA ; addr, local, , mk1_c, code_compiler, engine/general.h::rand::0::24:138
nextrand                        = $28D6 ; addr, local, , mk1_c, code_compiler, engine/general.h::rand::0::24:138
i_21                            = $28F4 ; addr, local, , mk1_c, code_compiler, engine/general.h::abs::0::25:182
i_22                            = $28F9 ; addr, local, , mk1_c, code_compiler, engine/general.h::abs::0::25:182
i_23                            = $29BF ; addr, local, , mk1_c, code_compiler, engine.h::addsign::0::29:20
i_24                            = $29C7 ; addr, local, , mk1_c, code_compiler, engine.h::addsign::0::29:20
i_25                            = $29C8 ; addr, local, , mk1_c, code_compiler, engine.h::espera_activa::0::30:28
i_26                            = $29D0 ; addr, local, , mk1_c, code_compiler, engine.h::espera_activa::0::30:28
i_29                            = $29D0 ; addr, local, , mk1_c, code_compiler, engine.h::espera_activa::0::30:28
i_28                            = $29E8 ; addr, local, , mk1_c, code_compiler, engine.h::espera_activa::0::30:28
i_30                            = $29DE ; addr, local, , mk1_c, code_compiler, engine.h::espera_activa::0::30:28
i_27                            = $29DE ; addr, local, , mk1_c, code_compiler, engine.h::espera_activa::0::30:28
i_33                            = $2A1E ; addr, local, , mk1_c, code_compiler, engine.h::draw_scr_background::0::33:352
i_31                            = $2A17 ; addr, local, , mk1_c, code_compiler, engine.h::draw_scr_background::0::33:352
i_32                            = $2A84 ; addr, local, , mk1_c, code_compiler, engine.h::draw_scr_background::3::35:474
_draw_scr_packed_existing       = $2A45 ; addr, local, , mk1_c, code_compiler, engine.h::draw_scr_background::0::33:352
_draw_scr_packed_new            = $2A30 ; addr, local, , mk1_c, code_compiler, engine.h::draw_scr_background::0::33:352
_draw_scr_packed_done           = $2A4A ; addr, local, , mk1_c, code_compiler, engine.h::draw_scr_background::0::33:352
_advance_worm_no_inc_y          = $2A7E ; addr, local, , mk1_c, code_compiler, engine.h::draw_scr_background::3::35:474
_hotspots_setup_done            = $2B01 ; addr, local, , mk1_c, code_compiler, engine.h::draw_scr::1::36:669
_hotspots_setup_do              = $2AC7 ; addr, local, , mk1_c, code_compiler, engine.h::draw_scr::1::36:553
_hotspots_setup_set             = $2AF9 ; addr, local, , mk1_c, code_compiler, engine.h::draw_scr::1::36:553
_hotspots_setup_set_refill      = $2AF8 ; addr, local, , mk1_c, code_compiler, engine.h::draw_scr::1::36:553
_mons_col_sc_x_lineal           = $2B0C ; addr, local, , mk1_c, code_compiler, engine.h::mons_col_sc_x::0::36:768
_mons_col_sc_x_compare          = $2B12 ; addr, local, , mk1_c, code_compiler, engine.h::mons_col_sc_x::0::36:768
_mons_col_sc_x_horz_positive    = $2B1F ; addr, local, , mk1_c, code_compiler, engine.h::mons_col_sc_x::0::36:768
_mons_col_sc_x_horz_negative_zero = $2B1C ; addr, local, , mk1_c, code_compiler, engine.h::mons_col_sc_x::0::36:768
_mons_col_sc_x_horz_set         = $2B20 ; addr, local, , mk1_c, code_compiler, engine.h::mons_col_sc_x::0::36:768
i_34                            = $2B74 ; addr, local, , mk1_c, code_compiler, engine.h::mons_col_sc_x::0::36:768
i_35                            = $2B77 ; addr, local, , mk1_c, code_compiler, engine.h::mons_col_sc_x::0::36:768
_mons_col_sc_y_lineal           = $2B7A ; addr, local, , mk1_c, code_compiler, engine.h::mons_col_sc_y::0::37:849
_mons_col_sc_y_compare          = $2B80 ; addr, local, , mk1_c, code_compiler, engine.h::mons_col_sc_y::0::37:849
_mons_col_sc_y_vert_positive    = $2B8D ; addr, local, , mk1_c, code_compiler, engine.h::mons_col_sc_y::0::37:849
_mons_col_sc_y_vert_negative_zero = $2B8A ; addr, local, , mk1_c, code_compiler, engine.h::mons_col_sc_y::0::37:849
_mons_col_sc_y_vert_set         = $2B8E ; addr, local, , mk1_c, code_compiler, engine.h::mons_col_sc_y::0::37:849
i_36                            = $2BD2 ; addr, local, , mk1_c, code_compiler, engine.h::mons_col_sc_y::0::37:849
i_37                            = $2BD5 ; addr, local, , mk1_c, code_compiler, engine.h::mons_col_sc_y::0::37:849
i_39                            = $2C9D ; addr, local, , mk1_c, code_compiler, engine/player.h::player_move::0::40:247
i_40                            = $2CA0 ; addr, local, , mk1_c, code_compiler, engine/player.h::player_move::0::40:247
i_38                            = $2CF6 ; addr, local, , mk1_c, code_compiler, engine/player.h::player_move::0::40:247
i_41                            = $2CD4 ; addr, local, , mk1_c, code_compiler, engine/player.h::player_move::0::40:247
i_42                            = $2CF6 ; addr, local, , mk1_c, code_compiler, engine/player.h::player_move::0::40:247
i_43                            = $2CF6 ; addr, local, , mk1_c, code_compiler, engine/player.h::player_move::0::40:247
i_44                            = $2CF6 ; addr, local, , mk1_c, code_compiler, engine/player.h::player_move::0::40:247
i_45                            = $2CF6 ; addr, local, , mk1_c, code_compiler, engine/player.h::player_move::0::40:247
i_46                            = $2D1D ; addr, local, , mk1_c, code_compiler, engine/player.h::player_move::3::46:340
i_47                            = $2D1D ; addr, local, , mk1_c, code_compiler, engine/player.h::player_move::3::46:340
i_48                            = $2D46 ; addr, local, , mk1_c, code_compiler, engine/player.h::player_move::3::47:346
i_49                            = $2D46 ; addr, local, , mk1_c, code_compiler, engine/player.h::player_move::3::47:346
i_50                            = $2D5C ; addr, local, , mk1_c, code_compiler, engine/player.h::player_move::1::47:372
i_51                            = $2D6F ; addr, local, , mk1_c, code_compiler, engine/player.h::player_move::1::47:372
i_52                            = $2DDE ; addr, local, , mk1_c, code_compiler, engine/player.h::player_move::3::49:410
i_54                            = $2DB7 ; addr, local, , mk1_c, code_compiler, engine/player.h::player_move::1::47:372
i_53                            = $2DDE ; addr, local, , mk1_c, code_compiler, engine/player.h::player_move::3::49:410
i_56                            = $2E2F ; addr, local, , mk1_c, code_compiler, engine/player.h::player_move::3::51:487
i_58                            = $2E08 ; addr, local, , mk1_c, code_compiler, engine/player.h::player_move::3::49:410
i_57                            = $2E2F ; addr, local, , mk1_c, code_compiler, engine/player.h::player_move::3::51:487
evil_tile_check_vert_done       = $2E48 ; addr, local, , mk1_c, code_compiler, engine/player.h::player_move::3::51:487
i_61                            = $2E7A ; addr, local, , mk1_c, code_compiler, engine/player.h::player_move::3::51:487
i_62                            = $2E7D ; addr, local, , mk1_c, code_compiler, engine/player.h::player_move::3::51:487
i_60                            = $2EB3 ; addr, local, , mk1_c, code_compiler, engine/player.h::player_move::3::51:487
decelerate_right                = $2EA2 ; addr, local, , mk1_c, code_compiler, engine/player.h::player_move::3::51:487
decelerate_left                 = $2E92 ; addr, local, , mk1_c, code_compiler, engine/player.h::player_move::3::51:487
h_acceleration_set              = $2E9D ; addr, local, , mk1_c, code_compiler, engine/player.h::player_move::3::51:487
h_acceleration_done             = $2EFD ; addr, local, , mk1_c, code_compiler, engine/player.h::player_move::2::54:802
h_decelerate_done               = $2EB3 ; addr, local, , mk1_c, code_compiler, engine/player.h::player_move::3::51:487
i_63                            = $2ED8 ; addr, local, , mk1_c, code_compiler, engine/player.h::player_move::2::53:763
accelerate_left_done            = $2ED8 ; addr, local, , mk1_c, code_compiler, engine/player.h::player_move::2::53:763
i_64                            = $2EFD ; addr, local, , mk1_c, code_compiler, engine/player.h::player_move::2::54:802
accelerate_right_done           = $2EFD ; addr, local, , mk1_c, code_compiler, engine/player.h::player_move::2::54:802
i_65                            = $2F13 ; addr, local, , mk1_c, code_compiler, engine/player.h::player_move::1::54:846
i_66                            = $2F26 ; addr, local, , mk1_c, code_compiler, engine/player.h::player_move::1::54:846
i_67                            = $2FA4 ; addr, local, , mk1_c, code_compiler, engine/player.h::player_move::3::56:886
i_69                            = $2F6D ; addr, local, , mk1_c, code_compiler, engine/player.h::player_move::1::54:846
i_68                            = $2F95 ; addr, local, , mk1_c, code_compiler, engine/player.h::player_move::3::56:886
i_71                            = $2FA4 ; addr, local, , mk1_c, code_compiler, engine/player.h::player_move::3::56:886
i_72                            = $3004 ; addr, local, , mk1_c, code_compiler, engine/player.h::player_move::3::59:961
i_74                            = $2FCE ; addr, local, , mk1_c, code_compiler, engine/player.h::player_move::3::56:886
i_73                            = $2FF5 ; addr, local, , mk1_c, code_compiler, engine/player.h::player_move::3::59:961
i_76                            = $3004 ; addr, local, , mk1_c, code_compiler, engine/player.h::player_move::3::59:961
genital_decide_facing           = $3004 ; addr, local, , mk1_c, code_compiler, engine/player.h::player_move::3::59:961
genital_decide_facing_v         = $3010 ; addr, local, , mk1_c, code_compiler, engine/player.h::player_move::3::59:961
genital_decide_facing_h         = $300B ; addr, local, , mk1_c, code_compiler, engine/player.h::player_move::3::59:961
genital_decide_facing_done      = $301A ; addr, local, , mk1_c, code_compiler, engine/player.h::player_move::3::59:961
i_77                            = $306A ; addr, local, , mk1_c, code_compiler, engine/player.h::player_move::1::62:1108
i_78                            = $306A ; addr, local, , mk1_c, code_compiler, ./my/ci/player_center_checks.h::player_move::1::60:0
i_79                            = $307B ; addr, local, , mk1_c, code_compiler, engine/player.h::player_move::2::63:1112
i_80                            = $3080 ; addr, local, , mk1_c, code_compiler, engine/player.h::player_move::2::63:1112
i_81                            = $30C3 ; addr, local, , mk1_c, code_compiler, engine/player.h::player_move::2::63:1112
p_int_up_no                     = $30C0 ; addr, local, , mk1_c, code_compiler, engine/player.h::player_move::2::63:1112
i_82                            = $3183 ; addr, local, , mk1_c, code_compiler, engine/player.h::player_move::2::63:1112
i_83                            = $3106 ; addr, local, , mk1_c, code_compiler, engine/player.h::player_move::2::63:1112
p_int_down_no                   = $3103 ; addr, local, , mk1_c, code_compiler, engine/player.h::player_move::2::63:1112
i_84                            = $3183 ; addr, local, , mk1_c, code_compiler, engine/player.h::player_move::2::63:1112
i_85                            = $3146 ; addr, local, , mk1_c, code_compiler, engine/player.h::player_move::2::63:1112
p_int_left_no                   = $3143 ; addr, local, , mk1_c, code_compiler, engine/player.h::player_move::2::63:1112
i_86                            = $3183 ; addr, local, , mk1_c, code_compiler, engine/player.h::player_move::2::63:1112
i_87                            = $3183 ; addr, local, , mk1_c, code_compiler, engine/player.h::player_move::2::63:1112
p_int_right_no                  = $3183 ; addr, local, , mk1_c, code_compiler, engine/player.h::player_move::2::63:1112
i_88                            = $31A9 ; addr, local, , mk1_c, code_compiler, engine/player.h::player_move::2::63:1112
i_89                            = $31C8 ; addr, local, , mk1_c, code_compiler, engine/player.h::player_move::2::63:1112
i_90                            = $31C8 ; addr, local, , mk1_c, code_compiler, engine/player.h::player_move::2::63:1112
i_91                            = $31DD ; addr, local, , mk1_c, code_compiler, engine/player.h::player_move::2::63:1112
i_92                            = $31DD ; addr, local, , mk1_c, code_compiler, engine/player.h::player_move::2::63:1112
i_94                            = $31EC ; addr, local, , mk1_c, code_compiler, engine/player.h::player_move::2::63:1112
i_95                            = $31EF ; addr, local, , mk1_c, code_compiler, engine/player.h::player_move::2::63:1112
i_93                            = $3216 ; addr, local, , mk1_c, code_compiler, engine/player.h::player_move::2::63:1112
i_96                            = $3216 ; addr, local, , mk1_c, code_compiler, engine/player.h::player_move::2::63:1112
_player_spr_setup               = $3232 ; addr, local, , mk1_c, code_compiler, engine/player.h::player_move::2::63:1112
_player_spr_setup_done          = $325F ; addr, local, , mk1_c, code_compiler, engine/player.h::player_move::2::63:1112
i_97                            = $3281 ; addr, local, , mk1_c, code_compiler, engine/player.h::player_deplete::0::74:1488
i_98                            = $3284 ; addr, local, , mk1_c, code_compiler, engine/player.h::player_deplete::0::74:1488
calc_baddies_pointer            = $32AC ; addr, local, , mk1_c, code_compiler, engine/enengine.h::player_kill::0::76:6
i_101                           = $32D4 ; addr, local, , mk1_c, code_compiler, engine/enengine.h::enems_load::0::76:79
i_99                            = $32CD ; addr, local, , mk1_c, code_compiler, engine/enengine.h::enems_load::0::76:79
i_100                           = $348A ; addr, local, , mk1_c, code_compiler, engine/enengine.h::enems_load::3::83:231
_en_an_frame                    = $D603 ; const, local, , mk1_c, code_compiler, mk1.c::main::0::128:118
_en_an_state                    = $D60C ; const, local, , mk1_c, code_compiler, mk1.c::main::0::128:118
_en_an_count                    = $D606 ; const, local, , mk1_c, code_compiler, mk1.c::main::0::128:118
_en_an_next_frame               = $D63C ; const, local, , mk1_c, code_compiler, mk1.c::main::0::128:118
i_102                           = $3393 ; addr, local, , mk1_c, code_compiler, engine/enengine.h::enems_load::5::80:202
i_105                           = $333F ; addr, local, , mk1_c, code_compiler, engine/enengine.h::enems_load::3::78:122
i_106                           = $3357 ; addr, local, , mk1_c, code_compiler, engine/enengine.h::enems_load::3::78:122
i_107                           = $3357 ; addr, local, , mk1_c, code_compiler, engine/enengine.h::enems_load::3::78:122
i_108                           = $3357 ; addr, local, , mk1_c, code_compiler, engine/enengine.h::enems_load::3::78:122
i_109                           = $3357 ; addr, local, , mk1_c, code_compiler, engine/enengine.h::enems_load::3::78:122
i_110                           = $3385 ; addr, local, , mk1_c, code_compiler, engine/enengine.h::enems_load::5::80:202
_en_an_base_frame               = $D600 ; const, local, , mk1_c, code_compiler, mk1.c::main::0::128:118
i_104                           = $339E ; addr, local, , mk1_c, code_compiler, engine/enengine.h::enems_load::5::80:202
i_111                           = $339E ; addr, local, , mk1_c, code_compiler, engine/enengine.h::enems_load::5::80:202
i_112                           = $3474 ; addr, local, , mk1_c, code_compiler, engine/enengine.h::enems_load::5::80:202
redefine_sp_sw                  = $33BC ; addr, local, , mk1_c, code_compiler, engine/enengine.h::enems_load::5::80:202
i_113                           = $3487 ; addr, local, , mk1_c, code_compiler, engine/enengine.h::enems_load::5::80:202
enems_kill_noflag               = $3497 ; addr, local, , mk1_c, code_compiler, engine/enengine.h::enems_kill::0::83:235
i_116                           = $34B8 ; addr, local, , mk1_c, code_compiler, engine/enengine.h::enems_move::0::84:265
i_114                           = $34B3 ; addr, local, , mk1_c, code_compiler, engine/enengine.h::enems_move::0::84:265
i_115                           = $36A2 ; addr, local, , mk1_c, code_compiler, engine/enengine.h::enems_move::4::91:787
_en_dying                       = $3508 ; addr, local, , mk1_c, code_compiler, engine/enengine.h::enems_move::0::84:265
_en_dying_done                  = $3533 ; addr, local, , mk1_c, code_compiler, engine/enengine.h::enems_move::0::84:265
_en_dying_dead                  = $351E ; addr, local, , mk1_c, code_compiler, engine/enengine.h::enems_move::0::84:265
i_119                           = $3538 ; addr, local, , mk1_c, code_compiler, engine/enengine.h::enems_move::3::86:416
i_120                           = $3550 ; addr, local, , mk1_c, code_compiler, engine/enengine.h::enems_move::3::86:416
i_121                           = $3550 ; addr, local, , mk1_c, code_compiler, engine/enengine.h::enems_move::3::86:416
i_122                           = $3550 ; addr, local, , mk1_c, code_compiler, engine/enengine.h::enems_move::3::86:416
i_123                           = $3550 ; addr, local, , mk1_c, code_compiler, engine/enengine.h::enems_move::3::86:416
i_118                           = $35A6 ; addr, local, , mk1_c, code_compiler, engine/enengine.h::enems_move::4::87:444
_enems_lm_change_axis_x         = $3574 ; addr, local, , mk1_c, code_compiler, ./engine/enem_mods/enem_type_lineal.h::enems_move::4::87:0
_enems_lm_change_axis_x_done    = $357C ; addr, local, , mk1_c, code_compiler, ./engine/enem_mods/enem_type_lineal.h::enems_move::4::87:0
_enems_lm_change_axis_y         = $359B ; addr, local, , mk1_c, code_compiler, ./engine/enem_mods/enem_type_lineal.h::enems_move::4::87:0
_enems_lm_change_axis_y_done    = $35A3 ; addr, local, , mk1_c, code_compiler, ./engine/enem_mods/enem_type_lineal.h::enems_move::4::87:0
enems_just_moved                = $35A6 ; addr, local, , mk1_c, code_compiler, engine/enengine.h::enems_move::4::87:444
i_124                           = $361A ; addr, local, , mk1_c, code_compiler, engine/enengine.h::enems_move::4::91:787
_enems_move_update_frame_done   = $35EC ; addr, local, , mk1_c, code_compiler, engine/enengine.h::enems_move::4::87:444
i_126                           = $361A ; addr, local, , mk1_c, code_compiler, engine/enengine.h::enems_move::5::89:545
i_125                           = $361A ; addr, local, , mk1_c, code_compiler, engine/enengine.h::enems_move::7::91:602
i_127_i_126                     = $360E ; addr, local, , mk1_c, code_compiler, engine/enengine.h::enems_move::5::89:545
i_128                           = $361A ; addr, local, , mk1_c, code_compiler, engine/enengine.h::enems_move::7::91:602
_enem_spr_setup                 = $361A ; addr, local, , mk1_c, code_compiler, engine/enengine.h::enems_move::4::91:787
_en_an_sprid                    = $D609 ; const, local, , mk1_c, code_compiler, mk1.c::main::0::128:118
_set_current_frame              = $365A ; addr, local, , mk1_c, code_compiler, engine/enengine.h::enems_move::4::91:787
_enem_spr_setup_done            = $366F ; addr, local, , mk1_c, code_compiler, engine/enengine.h::enems_move::4::91:787
init_hotspots_loop              = $36AD ; addr, local, , mk1_c, code_compiler, engine/hotspots.h::hotspots_init::0::91:7
i_129                           = $36C9 ; addr, local, , mk1_c, code_compiler, engine/hotspots.h::hotspots_do::0::92:30
i_130                           = $3797 ; addr, local, , mk1_c, code_compiler, engine/hotspots.h::hotspots_do::3::95:117
i_133                           = $36F8 ; addr, local, , mk1_c, code_compiler, engine/hotspots.h::hotspots_do::0::92:30
i_134                           = $370B ; addr, local, , mk1_c, code_compiler, engine/hotspots.h::hotspots_do::0::92:30
i_135                           = $371B ; addr, local, , mk1_c, code_compiler, engine/hotspots.h::hotspots_do::0::92:30
i_136                           = $3729 ; addr, local, , mk1_c, code_compiler, engine/hotspots.h::hotspots_do::0::92:30
i_132                           = $3746 ; addr, local, , mk1_c, code_compiler, engine/hotspots.h::hotspots_do::3::95:117
i_137                           = $373D ; addr, local, , mk1_c, code_compiler, engine/hotspots.h::hotspots_do::0::92:30
i_138                           = $3797 ; addr, local, , mk1_c, code_compiler, engine/hotspots.h::hotspots_do::3::95:117
EFECTO0                         = $3798 ; addr, local, , mk1_c, code_compiler, my/wyz/efectos.h::hotspots_do::0::96:29
EFECTO1                         = $37F3 ; addr, local, , mk1_c, code_compiler, my/wyz/efectos.h::hotspots_do::0::96:29
EFECTO2                         = $37F4 ; addr, local, , mk1_c, code_compiler, my/wyz/efectos.h::hotspots_do::0::96:29
EFECTO3                         = $37F5 ; addr, local, , mk1_c, code_compiler, my/wyz/efectos.h::hotspots_do::0::96:29
EFECTO4                         = $3826 ; addr, local, , mk1_c, code_compiler, my/wyz/efectos.h::hotspots_do::0::96:29
EFECTO5                         = $3827 ; addr, local, , mk1_c, code_compiler, my/wyz/efectos.h::hotspots_do::0::96:29
EFECTO6                         = $383D ; addr, local, , mk1_c, code_compiler, my/wyz/efectos.h::hotspots_do::0::96:29
EFECTO7                         = $383E ; addr, local, , mk1_c, code_compiler, my/wyz/efectos.h::hotspots_do::0::96:29
EFECTO8                         = $383F ; addr, local, , mk1_c, code_compiler, my/wyz/efectos.h::hotspots_do::0::96:29
EFECTO9                         = $3840 ; addr, local, , mk1_c, code_compiler, my/wyz/efectos.h::hotspots_do::0::96:29
EFECTO10                        = $3841 ; addr, local, , mk1_c, code_compiler, my/wyz/efectos.h::hotspots_do::0::96:29
EFECTO11                        = $3842 ; addr, local, , mk1_c, code_compiler, my/wyz/efectos.h::hotspots_do::0::96:29
EFECTO12                        = $3843 ; addr, local, , mk1_c, code_compiler, my/wyz/efectos.h::hotspots_do::0::96:29
EFECTO13                        = $3868 ; addr, local, , mk1_c, code_compiler, my/wyz/efectos.h::hotspots_do::0::96:29
EFECTO14                        = $388D ; addr, local, , mk1_c, code_compiler, my/wyz/efectos.h::hotspots_do::0::96:29
TABLA_PAUTAS                    = $38AC ; addr, local, , mk1_c, code_compiler, my/wyz/instrumentos.h::hotspots_do::0::96:7
PAUTA_0                         = $38B0 ; addr, local, , mk1_c, code_compiler, my/wyz/instrumentos.h::hotspots_do::0::96:7
TABLA_SONIDOS                   = $38AE ; addr, local, , mk1_c, code_compiler, my/wyz/instrumentos.h::hotspots_do::0::96:7
_00_title_mus_bin               = $38B9 ; addr, local, , mk1_c, code_compiler, my/wyz/songs.h::hotspots_do::0::96:6
_01_ingame_mus_bin              = $390B ; addr, local, , mk1_c, code_compiler, my/wyz/songs.h::hotspots_do::0::96:6
WYZPLAYER_INIT                  = $395E ; addr, local, , mk1_c, code_compiler, wyz_player.h::wyz_stop_sound::0::100:51
CARGA_CANCION                   = $3AC2 ; addr, local, , mk1_c, code_compiler, wyz_player.h::wyz_stop_sound::0::100:51
INICIA_EFECTO                   = $399E ; addr, local, , mk1_c, code_compiler, wyz_player.h::wyz_stop_sound::0::100:51
PLAYER_OFF                      = $3A9F ; addr, local, , mk1_c, code_compiler, wyz_player.h::wyz_stop_sound::0::100:51
CANAL_A                         = $3ED8 ; addr, local, , mk1_c, code_compiler, wyz_player.h::wyz_stop_sound::0::100:51
CANAL_B                         = $3EDA ; addr, local, , mk1_c, code_compiler, wyz_player.h::wyz_stop_sound::0::100:51
CANAL_C                         = $3EDC ; addr, local, , mk1_c, code_compiler, wyz_player.h::wyz_stop_sound::0::100:51
CANAL_P                         = $3F06 ; addr, local, , mk1_c, code_compiler, wyz_player.h::wyz_stop_sound::0::100:51
INICIO                          = $3977 ; addr, local, , mk1_c, code_compiler, wyz_player.h::wyz_stop_sound::0::100:51
WYZ_PLAYER_ISR                  = $3977 ; addr, local, , mk1_c, code_compiler, wyz_player.h::wyz_stop_sound::0::100:51
ROUT                            = $3A63 ; addr, local, , mk1_c, code_compiler, wyz_player.h::wyz_stop_sound::0::100:51
PSG_REG                         = $3F1D ; addr, local, , mk1_c, code_compiler, wyz_player.h::wyz_stop_sound::0::100:51
PSG_REG_SEC                     = $3F2D ; addr, local, , mk1_c, code_compiler, wyz_player.h::wyz_stop_sound::0::100:51
REPRODUCE_SONIDO                = $39B9 ; addr, local, , mk1_c, code_compiler, wyz_player.h::wyz_stop_sound::0::100:51
PLAY                            = $3BFB ; addr, local, , mk1_c, code_compiler, wyz_player.h::wyz_stop_sound::0::100:51
REPRODUCE_EFECTO                = $39D8 ; addr, local, , mk1_c, code_compiler, wyz_player.h::wyz_stop_sound::0::100:51
INICIA_SONIDO                   = $398E ; addr, local, , mk1_c, code_compiler, wyz_player.h::wyz_stop_sound::0::100:51
EXT_WORD                        = $3EAA ; addr, local, , mk1_c, code_compiler, wyz_player.h::wyz_stop_sound::0::100:51
PUNTERO_SONIDO                  = $3F17 ; addr, local, , mk1_c, code_compiler, wyz_player.h::wyz_stop_sound::0::100:51
INTERR                          = $3ECE ; addr, local, , mk1_c, code_compiler, wyz_player.h::wyz_stop_sound::0::100:51
TABLA_EFECTOS                   = $3FBD ; addr, local, , mk1_c, code_compiler, wyz_player.h::wyz_stop_sound::0::100:51
PUNTERO_EFECTO                  = $3EF6 ; addr, local, , mk1_c, code_compiler, wyz_player.h::wyz_stop_sound::0::100:51
TABLA_DATOS_CANAL_SFX           = $3EB3 ; addr, local, , mk1_c, code_compiler, wyz_player.h::wyz_stop_sound::0::100:51
EFECTO_REGS                     = $3F19 ; addr, local, , mk1_c, code_compiler, wyz_player.h::wyz_stop_sound::0::100:51
SONIDO_REGS                     = $3F1B ; addr, local, , mk1_c, code_compiler, wyz_player.h::wyz_stop_sound::0::100:51
REPRODUCE_SONIDO_O_EFECTO       = $39F7 ; addr, local, , mk1_c, code_compiler, wyz_player.h::wyz_stop_sound::0::100:51
REPRODUCE_SONIDO_LIMPIA_BIT     = $39D2 ; addr, local, , mk1_c, code_compiler, wyz_player.h::wyz_stop_sound::0::100:51
REPRODUCE_EFECTO_LIMPIA_BIT     = $39F1 ; addr, local, , mk1_c, code_compiler, wyz_player.h::wyz_stop_sound::0::100:51
FIN_SONIDO                      = $3A53 ; addr, local, , mk1_c, code_compiler, wyz_player.h::wyz_stop_sound::0::100:51
NO_ENVOLVENTES_SONIDO           = $3A39 ; addr, local, , mk1_c, code_compiler, wyz_player.h::wyz_stop_sound::0::100:51
NO_RUIDO                        = $3A46 ; addr, local, , mk1_c, code_compiler, wyz_player.h::wyz_stop_sound::0::100:51
SI_RUIDO                        = $3A4C ; addr, local, , mk1_c, code_compiler, wyz_player.h::wyz_stop_sound::0::100:51
ENVOLVENTE_BACK                 = $3F3E ; addr, local, , mk1_c, code_compiler, wyz_player.h::wyz_stop_sound::0::100:51
FIN_NOPLAYER                    = $3A5C ; addr, local, , mk1_c, code_compiler, wyz_player.h::wyz_stop_sound::0::100:51
NO_BACKUP_ENVOLVENTE            = $3A6D ; addr, local, , mk1_c, code_compiler, wyz_player.h::wyz_stop_sound::0::100:51
LOUT                            = $3A70 ; addr, local, , mk1_c, code_compiler, wyz_player.h::wyz_stop_sound::0::100:51
WRITEPSGHL                      = $3A88 ; addr, local, , mk1_c, code_compiler, wyz_player.h::wyz_stop_sound::0::100:51
CLEAR_PSG_BUFFER                = $3AA3 ; addr, local, , mk1_c, code_compiler, wyz_player.h::wyz_stop_sound::0::100:51
SONG                            = $3ECF ; addr, local, , mk1_c, code_compiler, wyz_player.h::wyz_stop_sound::0::100:51
DECODE_SONG                     = $3ACB ; addr, local, , mk1_c, code_compiler, wyz_player.h::wyz_stop_sound::0::100:51
TABLA_SONG                      = $3FBB ; addr, local, , mk1_c, code_compiler, wyz_player.h::wyz_stop_sound::0::100:51
TEMPO                           = $3ED0 ; addr, local, , mk1_c, code_compiler, wyz_player.h::wyz_stop_sound::0::100:51
TTEMPO                          = $3ED1 ; addr, local, , mk1_c, code_compiler, wyz_player.h::wyz_stop_sound::0::100:51
NPTJP0                          = $3AE7 ; addr, local, , mk1_c, code_compiler, wyz_player.h::wyz_stop_sound::0::100:51
PUNTERO_P_DECA                  = $3EEA ; addr, local, , mk1_c, code_compiler, wyz_player.h::wyz_stop_sound::0::100:51
PUNTERO_L_DECA                  = $3EFE ; addr, local, , mk1_c, code_compiler, wyz_player.h::wyz_stop_sound::0::100:51
BGICMODBC1                      = $3B78 ; addr, local, , mk1_c, code_compiler, wyz_player.h::wyz_stop_sound::0::100:51
PUNTERO_P_DECB                  = $3EEC ; addr, local, , mk1_c, code_compiler, wyz_player.h::wyz_stop_sound::0::100:51
PUNTERO_L_DECB                  = $3F00 ; addr, local, , mk1_c, code_compiler, wyz_player.h::wyz_stop_sound::0::100:51
PUNTERO_P_DECC                  = $3EEE ; addr, local, , mk1_c, code_compiler, wyz_player.h::wyz_stop_sound::0::100:51
PUNTERO_L_DECC                  = $3F02 ; addr, local, , mk1_c, code_compiler, wyz_player.h::wyz_stop_sound::0::100:51
PUNTERO_P_DECP                  = $3F08 ; addr, local, , mk1_c, code_compiler, wyz_player.h::wyz_stop_sound::0::100:51
PUNTERO_L_DECP                  = $3F0C ; addr, local, , mk1_c, code_compiler, wyz_player.h::wyz_stop_sound::0::100:51
INIT_DECODER                    = $3B33 ; addr, local, , mk1_c, code_compiler, wyz_player.h::wyz_stop_sound::0::100:51
PUNTERO_A                       = $3ED2 ; addr, local, , mk1_c, code_compiler, wyz_player.h::wyz_stop_sound::0::100:51
DECODE_CANAL                    = $3B92 ; addr, local, , mk1_c, code_compiler, wyz_player.h::wyz_stop_sound::0::100:51
PUNTERO_DECA                    = $3EF0 ; addr, local, , mk1_c, code_compiler, wyz_player.h::wyz_stop_sound::0::100:51
PUNTERO_B                       = $3ED4 ; addr, local, , mk1_c, code_compiler, wyz_player.h::wyz_stop_sound::0::100:51
PUNTERO_DECB                    = $3EF2 ; addr, local, , mk1_c, code_compiler, wyz_player.h::wyz_stop_sound::0::100:51
PUNTERO_C                       = $3ED6 ; addr, local, , mk1_c, code_compiler, wyz_player.h::wyz_stop_sound::0::100:51
PUNTERO_DECC                    = $3EF4 ; addr, local, , mk1_c, code_compiler, wyz_player.h::wyz_stop_sound::0::100:51
PUNTERO_P                       = $3F04 ; addr, local, , mk1_c, code_compiler, wyz_player.h::wyz_stop_sound::0::100:51
PUNTERO_DECP                    = $3F0A ; addr, local, , mk1_c, code_compiler, wyz_player.h::wyz_stop_sound::0::100:51
BGICMODBC2                      = $3B7A ; addr, local, , mk1_c, code_compiler, wyz_player.h::wyz_stop_sound::0::100:51
FIN_DEC_CANAL                   = $3BE3 ; addr, local, , mk1_c, code_compiler, wyz_player.h::wyz_stop_sound::0::100:51
GETLEN                          = $3BE8 ; addr, local, , mk1_c, code_compiler, wyz_player.h::wyz_stop_sound::0::100:51
NO_SILENCIO                     = $3BA1 ; addr, local, , mk1_c, code_compiler, wyz_player.h::wyz_stop_sound::0::100:51
NO_MODIFICA                     = $3BD8 ; addr, local, , mk1_c, code_compiler, wyz_player.h::wyz_stop_sound::0::100:51
NO_PUNTILLO                     = $3BAB ; addr, local, , mk1_c, code_compiler, wyz_player.h::wyz_stop_sound::0::100:51
NO_INSTRUMENTO                  = $3BBE ; addr, local, , mk1_c, code_compiler, wyz_player.h::wyz_stop_sound::0::100:51
NO_ENVOLVENTE                   = $3BCB ; addr, local, , mk1_c, code_compiler, wyz_player.h::wyz_stop_sound::0::100:51
DCBC0                           = $3BF5 ; addr, local, , mk1_c, code_compiler, wyz_player.h::wyz_stop_sound::0::100:51
PAUTAS                          = $3C3E ; addr, local, , mk1_c, code_compiler, wyz_player.h::wyz_stop_sound::0::100:51
LOCALIZA_NOTA                   = $3C68 ; addr, local, , mk1_c, code_compiler, wyz_player.h::wyz_stop_sound::0::100:51
LOCALIZA_EFECTO                 = $3D63 ; addr, local, , mk1_c, code_compiler, wyz_player.h::wyz_stop_sound::0::100:51
PUNTERO_P_A                     = $3EDE ; addr, local, , mk1_c, code_compiler, wyz_player.h::wyz_stop_sound::0::100:51
PAUTA                           = $3DAA ; addr, local, , mk1_c, code_compiler, wyz_player.h::wyz_stop_sound::0::100:51
PUNTERO_P_B                     = $3EE0 ; addr, local, , mk1_c, code_compiler, wyz_player.h::wyz_stop_sound::0::100:51
PUNTERO_P_C                     = $3EE2 ; addr, local, , mk1_c, code_compiler, wyz_player.h::wyz_stop_sound::0::100:51
LNJP0                           = $3CDF ; addr, local, , mk1_c, code_compiler, wyz_player.h::wyz_stop_sound::0::100:51
COMANDOS                        = $3C75 ; addr, local, , mk1_c, code_compiler, wyz_player.h::wyz_stop_sound::0::100:51
COM_EFECTO                      = $3CBA ; addr, local, , mk1_c, code_compiler, wyz_player.h::wyz_stop_sound::0::100:51
NO_DEC_TEMPO                    = $3C87 ; addr, local, , mk1_c, code_compiler, wyz_player.h::wyz_stop_sound::0::100:51
NO_INC_TEMPO                    = $3C8C ; addr, local, , mk1_c, code_compiler, wyz_player.h::wyz_stop_sound::0::100:51
VOL_INST_A                      = $3EF9 ; addr, local, , mk1_c, code_compiler, wyz_player.h::wyz_stop_sound::0::100:51
PUNTERO_P_A0                    = $3EE4 ; addr, local, , mk1_c, code_compiler, wyz_player.h::wyz_stop_sound::0::100:51
COM_ENVOLVENTE                  = $3CCA ; addr, local, , mk1_c, code_compiler, wyz_player.h::wyz_stop_sound::0::100:51
ENVOLVENTE                      = $3F3D ; addr, local, , mk1_c, code_compiler, wyz_player.h::wyz_stop_sound::0::100:51
NO_FIN_CANAL_A                  = $3D22 ; addr, local, , mk1_c, code_compiler, wyz_player.h::wyz_stop_sound::0::100:51
FIN_CANAL_A                     = $3D09 ; addr, local, , mk1_c, code_compiler, wyz_player.h::wyz_stop_sound::0::100:51
FIN_NOTA_A                      = $3CE9 ; addr, local, , mk1_c, code_compiler, wyz_player.h::wyz_stop_sound::0::100:51
FCA_CONT                        = $3D14 ; addr, local, , mk1_c, code_compiler, wyz_player.h::wyz_stop_sound::0::100:51
FIN_RUTINA                      = $3D62 ; addr, local, , mk1_c, code_compiler, wyz_player.h::wyz_stop_sound::0::100:51
NO_SILENCIO_A                   = $3D50 ; addr, local, , mk1_c, code_compiler, wyz_player.h::wyz_stop_sound::0::100:51
SILENCIO_ENVOLVENTE             = $3D3D ; addr, local, , mk1_c, code_compiler, wyz_player.h::wyz_stop_sound::0::100:51
REG_NOTA_A                      = $3EF8 ; addr, local, , mk1_c, code_compiler, wyz_player.h::wyz_stop_sound::0::100:51
NOTA                            = $3E4A ; addr, local, , mk1_c, code_compiler, wyz_player.h::wyz_stop_sound::0::100:51
LEJP0                           = $3D7A ; addr, local, , mk1_c, code_compiler, wyz_player.h::wyz_stop_sound::0::100:51
NO_FIN_CANAL_P                  = $3DA3 ; addr, local, , mk1_c, code_compiler, wyz_player.h::wyz_stop_sound::0::100:51
FIN_CANAL_P                     = $3D9B ; addr, local, , mk1_c, code_compiler, wyz_player.h::wyz_stop_sound::0::100:51
FIN_NOTA_P                      = $3D83 ; addr, local, , mk1_c, code_compiler, wyz_player.h::wyz_stop_sound::0::100:51
PCAJP4                          = $3DB6 ; addr, local, , mk1_c, code_compiler, wyz_player.h::wyz_stop_sound::0::100:51
PCAJP0                          = $3DCA ; addr, local, , mk1_c, code_compiler, wyz_player.h::wyz_stop_sound::0::100:51
PCAJP1                          = $3DE1 ; addr, local, , mk1_c, code_compiler, wyz_player.h::wyz_stop_sound::0::100:51
PCAJP2                          = $3DF6 ; addr, local, , mk1_c, code_compiler, wyz_player.h::wyz_stop_sound::0::100:51
PCAJP6                          = $3E28 ; addr, local, , mk1_c, code_compiler, wyz_player.h::wyz_stop_sound::0::100:51
ORNMJP1                         = $3E34 ; addr, local, , mk1_c, code_compiler, wyz_player.h::wyz_stop_sound::0::100:51
ORNNEG                          = $3E16 ; addr, local, , mk1_c, code_compiler, wyz_player.h::wyz_stop_sound::0::100:51
PCAJP3                          = $3E18 ; addr, local, , mk1_c, code_compiler, wyz_player.h::wyz_stop_sound::0::100:51
TABLA_NOTAS                     = $3E52 ; addr, local, , mk1_c, code_compiler, wyz_player.h::wyz_stop_sound::0::100:51
PCAJP5                          = $3E3C ; addr, local, , mk1_c, code_compiler, wyz_player.h::wyz_stop_sound::0::100:51
PCAJP7                          = $3E46 ; addr, local, , mk1_c, code_compiler, wyz_player.h::wyz_stop_sound::0::100:51
EVOLVENTES                      = $3E5F ; addr, local, , mk1_c, code_compiler, wyz_player.h::wyz_stop_sound::0::100:51
DATOS_NOTAS                     = $3F3F ; addr, local, , mk1_c, code_compiler, wyz_player.h::wyz_stop_sound::0::100:51
FRECUENCIA_OFF                  = $3E79 ; addr, local, , mk1_c, code_compiler, wyz_player.h::wyz_stop_sound::0::100:51
CONT_ENV                        = $3E82 ; addr, local, , mk1_c, code_compiler, wyz_player.h::wyz_stop_sound::0::100:51
CRTBC0                          = $3E8C ; addr, local, , mk1_c, code_compiler, wyz_player.h::wyz_stop_sound::0::100:51
SELECT_CANAL_A                  = $3EB9 ; addr, local, , mk1_c, code_compiler, wyz_player.h::wyz_stop_sound::0::100:51
SELECT_CANAL_B                  = $3EC0 ; addr, local, , mk1_c, code_compiler, wyz_player.h::wyz_stop_sound::0::100:51
SELECT_CANAL_C                  = $3EC7 ; addr, local, , mk1_c, code_compiler, wyz_player.h::wyz_stop_sound::0::100:51
PUNTERO_P_B0                    = $3EE6 ; addr, local, , mk1_c, code_compiler, wyz_player.h::wyz_stop_sound::0::100:51
PUNTERO_P_C0                    = $3EE8 ; addr, local, , mk1_c, code_compiler, wyz_player.h::wyz_stop_sound::0::100:51
REG_NOTA_B                      = $3EFA ; addr, local, , mk1_c, code_compiler, wyz_player.h::wyz_stop_sound::0::100:51
VOL_INST_B                      = $3EFB ; addr, local, , mk1_c, code_compiler, wyz_player.h::wyz_stop_sound::0::100:51
REG_NOTA_C                      = $3EFC ; addr, local, , mk1_c, code_compiler, wyz_player.h::wyz_stop_sound::0::100:51
VOL_INST_C                      = $3EFD ; addr, local, , mk1_c, code_compiler, wyz_player.h::wyz_stop_sound::0::100:51
SFX_L                           = $3F0E ; addr, local, , mk1_c, code_compiler, wyz_player.h::wyz_stop_sound::0::100:51
SFX_H                           = $3F10 ; addr, local, , mk1_c, code_compiler, wyz_player.h::wyz_stop_sound::0::100:51
SFX_V                           = $3F12 ; addr, local, , mk1_c, code_compiler, wyz_player.h::wyz_stop_sound::0::100:51
SFX_MIX                         = $3F14 ; addr, local, , mk1_c, code_compiler, wyz_player.h::wyz_stop_sound::0::100:51
N_SONIDO                        = $3F16 ; addr, local, , mk1_c, code_compiler, wyz_player.h::wyz_stop_sound::0::100:51
i_139                           = $3FF7 ; addr, local, , mk1_c, code_compiler, my/title_screen.h::title_screen::0::100:6
i_141                           = $400F ; addr, local, , mk1_c, code_compiler, my/title_screen.h::title_screen::0::100:6
i_140                           = $4028 ; addr, local, , mk1_c, code_compiler, my/title_screen.h::title_screen::0::100:6
i_142                           = $3FF7 ; addr, local, , mk1_c, code_compiler, my/title_screen.h::title_screen::0::100:6
_copy_keys_to_extern            = $402B ; addr, local, , mk1_c, code_compiler, my/title_screen.h::title_screen::0::100:6
i_143                           = $4065 ; addr, local, , mk1_c, code_compiler, mainloop/hud.h::draw_hud::0::104:6
_isr                            = $4085 ; addr, local, , mk1_c, code_compiler, mainloop.h::main::0::107:7
isr_done                        = $40B5 ; addr, local, , mk1_c, code_compiler, mainloop.h::main::0::107:7
isr_c1                          = $40B3 ; addr, local, , mk1_c, code_compiler, mainloop.h::main::0::107:7
_skip_player                    = $40AD ; addr, local, , mk1_c, code_compiler, mainloop.h::main::0::107:7
isr_c2                          = $40B4 ; addr, local, , mk1_c, code_compiler, mainloop.h::main::0::107:7
i_146                           = $414A ; addr, local, , mk1_c, code_compiler, mainloop.h::main::0::107:7
i_144                           = $4145 ; addr, local, , mk1_c, code_compiler, mainloop.h::main::0::107:7
i_145                           = $4189 ; addr, local, , mk1_c, code_compiler, mainloop.h::main::0::107:7
i_149                           = $4197 ; addr, local, , mk1_c, code_compiler, mainloop.h::main::0::107:7
i_147                           = $4190 ; addr, local, , mk1_c, code_compiler, mainloop.h::main::0::107:7
i_148                           = $41D7 ; addr, local, , mk1_c, code_compiler, mainloop.h::main::0::107:7
_spr_on                         = $E648 ; const, local, , mk1_c, code_compiler, mk1.c::main::0::128:118
i_150                           = $41D8 ; addr, local, , mk1_c, code_compiler, mainloop.h::main::1::110:178
_game_loop_init                 = $41F5 ; addr, local, , mk1_c, code_compiler, mainloop/game_loop.h::main::3::112:0
i_152                           = $4234 ; addr, local, , mk1_c, code_compiler, mainloop/game_loop.h::main::3::112:54
i_153                           = $43FA ; addr, local, , mk1_c, code_compiler, mainloop/game_loop.h::main::4::126:340
_game_loop_do                   = $423C ; addr, local, , mk1_c, code_compiler, mainloop/game_loop.h::main::3::112:54
i_154                           = $425D ; addr, local, , mk1_c, code_compiler, mainloop/game_loop.h::main::5::114:108
i_155                           = $428A ; addr, local, , mk1_c, code_compiler, mainloop/game_loop.h::main::5::114:108
i_156                           = $42A5 ; addr, local, , mk1_c, code_compiler, mainloop/game_loop.h::main::5::114:108
i_157                           = $42A5 ; addr, local, , mk1_c, code_compiler, mainloop/game_loop.h::main::5::114:108
i_158                           = $42CA ; addr, local, , mk1_c, code_compiler, mainloop/game_loop.h::main::6::118:239
i_159                           = $42C3 ; addr, local, , mk1_c, code_compiler, mainloop/game_loop.h::main::6::118:239
i_160                           = $42CA ; addr, local, , mk1_c, code_compiler, mainloop/game_loop.h::main::6::118:239
i_161                           = $4306 ; addr, local, , mk1_c, code_compiler, mainloop/game_loop.h::main::6::118:239
i_162                           = $42D5 ; addr, local, , mk1_c, code_compiler, mainloop/game_loop.h::main::6::118:239
i_163                           = $42E0 ; addr, local, , mk1_c, code_compiler, mainloop/game_loop.h::main::6::118:239
i_164                           = $42EA ; addr, local, , mk1_c, code_compiler, mainloop/game_loop.h::main::6::118:239
i_165                           = $42F6 ; addr, local, , mk1_c, code_compiler, mainloop/game_loop.h::main::6::118:239
i_166                           = $42F6 ; addr, local, , mk1_c, code_compiler, mainloop/game_loop.h::main::6::118:239
i_167                           = $4301 ; addr, local, , mk1_c, code_compiler, mainloop/game_loop.h::main::6::118:239
i_168                           = $4318 ; addr, local, , mk1_c, code_compiler, ./mainloop/flick_screen.h::main::4::120:0
i_170                           = $4339 ; addr, local, , mk1_c, code_compiler, ./mainloop/flick_screen.h::main::4::120:0
i_169                           = $4339 ; addr, local, , mk1_c, code_compiler, ./mainloop/flick_screen.h::main::4::120:0
i_171_i_170                     = $4327 ; addr, local, , mk1_c, code_compiler, ./mainloop/flick_screen.h::main::4::120:0
i_173                           = $4361 ; addr, local, , mk1_c, code_compiler, ./mainloop/flick_screen.h::main::4::120:0
i_172                           = $4361 ; addr, local, , mk1_c, code_compiler, ./mainloop/flick_screen.h::main::4::120:0
i_174_i_173                     = $434E ; addr, local, , mk1_c, code_compiler, ./mainloop/flick_screen.h::main::4::120:0
i_176                           = $4392 ; addr, local, , mk1_c, code_compiler, ./mainloop/flick_screen.h::main::4::120:0
i_175                           = $4392 ; addr, local, , mk1_c, code_compiler, ./mainloop/flick_screen.h::main::4::120:0
i_177_i_176                     = $437C ; addr, local, , mk1_c, code_compiler, ./mainloop/flick_screen.h::main::4::120:0
i_179                           = $43DB ; addr, local, , mk1_c, code_compiler, ./mainloop/flick_screen.h::main::4::120:0
i_178                           = $43DB ; addr, local, , mk1_c, code_compiler, mainloop/game_loop.h::main::4::125:303
i_180_i_179                     = $43AB ; addr, local, , mk1_c, code_compiler, ./mainloop/flick_screen.h::main::4::120:0
i_181                           = $43DB ; addr, local, , mk1_c, code_compiler, ./mainloop/flick_screen.h::main::4::120:0
i_182                           = $43DB ; addr, local, , mk1_c, code_compiler, ./mainloop/flick_screen.h::main::4::120:0
i_184                           = $43EB ; addr, local, , mk1_c, code_compiler, mainloop/game_loop.h::main::4::125:303
i_183                           = $4234 ; addr, local, , mk1_c, code_compiler, mainloop/game_loop.h::main::4::126:340
i_186                           = $440B ; addr, local, , mk1_c, code_compiler, mainloop.h::main::3::126:239
i_187                           = $440E ; addr, local, , mk1_c, code_compiler, mainloop.h::main::4::128:277
i_151                           = $441C ; addr, local, , mk1_c, code_compiler, mainloop.h::main::2::128:284
soloCopia                       = $0593 ; addr, local, , cpc_ShowTileMap, , cpc_ShowTileMap.asm:37
contador_tiles                  = $05E5 ; addr, local, , cpc_ShowTileMap, , cpc_ShowTileMap.asm:109
contador_tiles2                 = $05E6 ; addr, local, , cpc_ShowTileMap, , cpc_ShowTileMap.asm:111
transferir_pantalla_a_superbuffer = $05A0 ; addr, local, , cpc_ShowTileMap, , cpc_ShowTileMap.asm:50
cpc_PutSp                       = $05FC ; addr, local, , cpc_ShowTileMap, , cpc_ShowTileMap.asm:142
bucle_dibujado_fondo            = $05A7 ; addr, local, , cpc_ShowTileMap, , cpc_ShowTileMap.asm:57
transferir_map_sbuffer          = $05E8 ; addr, local, , cpc_ShowTileMap, , cpc_ShowTileMap.asm:114
incremento2                     = $05D8 ; addr, local, , cpc_ShowTileMap, , cpc_ShowTileMap.asm:100
loop_alto_map_sbuffer           = $05EE ; addr, local, , cpc_ShowTileMap, , cpc_ShowTileMap.asm:120
loop_ancho_map_sbuffer          = $05EE ; addr, local, , cpc_ShowTileMap, , cpc_ShowTileMap.asm:121
loop_alto_2                     = $05FE ; addr, local, , cpc_ShowTileMap, , cpc_ShowTileMap.asm:147
sig_linea_2                     = $0615 ; addr, local, , cpc_ShowTileMap, , cpc_ShowTileMap.asm:184
PASARPORDETRAS                  = $0001 ; const, local, , cpc_UpdScr, , CPCconfig.def:8
_tiles_tocados_ptr              = $064A ; addr, local, , cpc_UpdScr, , cpc_UpdScr.asm:56
main_loop                       = $0635 ; addr, local, , cpc_UpdScr, , cpc_UpdScr.asm:38
process_touched_byte            = $064C ; addr, local, , cpc_UpdScr, , cpc_UpdScr.asm:59
bit0_skip                       = $065D ; addr, local, , cpc_UpdScr, , cpc_UpdScr.asm:71
ucopyTile                       = $06A7 ; addr, local, , cpc_UpdScr, , cpc_UpdScr.asm:134
bit1_skip                       = $0667 ; addr, local, , cpc_UpdScr, , cpc_UpdScr.asm:79
bit2_skip                       = $0671 ; addr, local, , cpc_UpdScr, , cpc_UpdScr.asm:87
bit3_skip                       = $067B ; addr, local, , cpc_UpdScr, , cpc_UpdScr.asm:95
bit4_skip                       = $0685 ; addr, local, , cpc_UpdScr, , cpc_UpdScr.asm:103
bit5_skip                       = $068F ; addr, local, , cpc_UpdScr, , cpc_UpdScr.asm:111
bit6_skip                       = $0699 ; addr, local, , cpc_UpdScr, , cpc_UpdScr.asm:119
bit7_skip                       = $06A3 ; addr, local, , cpc_UpdScr, , cpc_UpdScr.asm:127
skeep                           = $0700 ; addr, local, , cpc_UpdScr, , cpc_UpdScr.asm:242
transferir_map_sbuffer_grey     = $06C3 ; addr, local, , cpc_UpdScr, , cpc_UpdScr.asm:169
PASARPORDETRAS                  = $0001 ; const, local, , cpc_ShowTouchedTiles, , CPCconfig.def:8
bucle_cpc_ShowTouchedTiles      = $0710 ; addr, local, , cpc_ShowTouchedTiles, , cpc_ShowTouchedTiles.asm:46
process                         = $0721 ; addr, local, , cpc_ShowTouchedTiles, , cpc_ShowTouchedTiles.asm:65
skipall                         = $074D ; addr, local, , cpc_ShowTouchedTiles, , cpc_ShowTouchedTiles.asm:99
checkbit                        = $0759 ; addr, local, , cpc_ShowTouchedTiles, , cpc_ShowTouchedTiles.asm:113
noincd                          = $0755 ; addr, local, , cpc_ShowTouchedTiles, , cpc_ShowTouchedTiles.asm:107
checkbit_done                   = $0810 ; addr, local, , cpc_ShowTouchedTiles, , cpc_ShowTouchedTiles.asm:373
copyTile                        = $075C ; addr, local, , cpc_ShowTouchedTiles, , cpc_ShowTouchedTiles.asm:116
posicionar_superbuffer          = $075E ; addr, local, , cpc_ShowTouchedTiles, , cpc_ShowTouchedTiles.asm:122
posicionar_pantalla             = $0767 ; addr, local, , cpc_ShowTouchedTiles, , cpc_ShowTouchedTiles.asm:135
transf_bloque_sb_pantalla       = $0775 ; addr, local, , cpc_ShowTouchedTiles, , cpc_ShowTouchedTiles.asm:151
copycell                        = $07D2 ; addr, local, , cpc_ShowTouchedTiles, , cpc_ShowTouchedTiles.asm:275
copybgtile                      = $0786 ; addr, local, , cpc_ShowTouchedTiles, , cpc_ShowTouchedTiles.asm:168
copycell_done                   = $080E ; addr, local, , cpc_ShowTouchedTiles, , cpc_ShowTouchedTiles.asm:368
do_update                       = $082E ; addr, local, , cpc_PutSpTileMap4x8, , cpc_PutSpTileMap4x8.asm:49
origin_next_row                 = $084E ; addr, local, , cpc_PutSpTileMap4x8, , cpc_PutSpTileMap4x8.asm:79
fin                             = $0860 ; addr, local, , cpc_PutSpTileMap4x8, , cpc_PutSpTileMap4x8.asm:96
do_update                       = $087B ; addr, local, , cpc_PutSpTileMap8x16Px, , cpc_PutSpTileMap8x16Px.asm:50
origin_next_row                 = $08A0 ; addr, local, , cpc_PutSpTileMap8x16Px, , cpc_PutSpTileMap8x16Px.asm:85
origin_last_row                 = $08B3 ; addr, local, , cpc_PutSpTileMap8x16Px, , cpc_PutSpTileMap8x16Px.asm:105
fin                             = $08CA ; addr, local, , cpc_PutSpTileMap8x16Px, , cpc_PutSpTileMap8x16Px.asm:130
pulsado                         = $08E2 ; addr, local, , cpc_TestKey, , cpc_TestKey.asm:34
bucle_deteccion_tecla           = $090B ; addr, local, , cpc_AnyKeyPressed, , cpc_AnyKeyPressed.asm:13
tecla_pulsada                   = $091E ; addr, local, , cpc_AnyKeyPressed, , cpc_AnyKeyPressed.asm:25
CHURRERA_CLIPPING               = $0001 ; const, local, , cpc_UpdTileTable, , CPCconfig.def:16
pasa_bloque_a_sbuffer           = $0978 ; addr, local, , cpc_PutTrSp4x8TileMap2b, , cpc_PutTrSp4x8TileMap2b.asm:30
transferir_sprite               = $0978 ; addr, local, , cpc_PutTrSp4x8TileMap2b, , cpc_PutTrSp4x8TileMap2b.asm:32
sp_buffer_mask                  = $098F ; addr, local, , cpc_PutTrSp4x8TileMap2b, , cpc_PutTrSp4x8TileMap2b.asm:52
loop_alto_map_sbuffer           = $0995 ; addr, local, , cpc_PutTrSp4x8TileMap2b, , cpc_PutTrSp4x8TileMap2b.asm:58
pasa_bloque_a_sbuffer           = $09C0 ; addr, local, , cpc_PutTrSp8x16TileMap2bPx, , cpc_PutTrSp8x16TileMap2bPx.asm:33
transferir_sprite               = $09C0 ; addr, local, , cpc_PutTrSp8x16TileMap2bPx, , cpc_PutTrSp8x16TileMap2bPx.asm:35
sp_buffer_mask                  = $09D7 ; addr, local, , cpc_PutTrSp8x16TileMap2bPx, , cpc_PutTrSp8x16TileMap2bPx.asm:55
loop_alto_map_sbuffer_shifted   = $0A0E ; addr, local, , cpc_PutTrSp8x16TileMap2bPx, , cpc_PutTrSp8x16TileMap2bPx.asm:119
loop_alto_map_sbuffer           = $09E1 ; addr, local, , cpc_PutTrSp8x16TileMap2bPx, , cpc_PutTrSp8x16TileMap2bPx.asm:65
keymap0                         = $0A8C ; addr, local, , cpc_KeysData, , cpc_KeysData.asm:16
tecla_0                         = $0A96 ; addr, local, , cpc_KeysData, , cpc_KeysData.asm:18
tabla_teclas0                   = $0A98 ; addr, local, , cpc_KeysData, , cpc_KeysData.asm:20
noinc                           = $0ABE ; addr, local, , cpc_TblLookup, , cpc_TblLookup.asm:17
cpc_InvalidateRect_P            = $0AC8 ; addr, local, , cpc_InvalidateRect, , cpc_InvalidateRect.asm:42
noinc1                          = $0AEE ; addr, local, , cpc_InvalidateRect, , cpc_InvalidateRect.asm:86
invcollp                        = $0AF2 ; addr, local, , cpc_InvalidateRect, , cpc_InvalidateRect.asm:92
invfullchar                     = $0B05 ; addr, local, , cpc_InvalidateRect, , cpc_InvalidateRect.asm:109
noinc2                          = $0B01 ; addr, local, , cpc_InvalidateRect, , cpc_InvalidateRect.asm:103
invrowlp                        = $0B07 ; addr, local, , cpc_InvalidateRect, , cpc_InvalidateRect.asm:113
noinc3                          = $0B12 ; addr, local, , cpc_InvalidateRect, , cpc_InvalidateRect.asm:124
__CLIB_OPT_IMATH                = $0000 ; const, local, , l_divu_16_16x16, , ../config_private.inc:27
divide_zero                     = $45AB ; addr, local, , l_small_divu_16_16x16, code_math, ../_DEVELOPMENT/math/integer/small/l_small_divu_16_16x16.asm:141
divisor_sixteen_bit             = $457D ; addr, local, , l_small_divu_16_16x16, code_math, ../_DEVELOPMENT/math/integer/small/l_small_divu_16_16x16.asm:50
loop_16_0                       = $4583 ; addr, local, , l_small_divu_16_16x16, code_math, ../_DEVELOPMENT/math/integer/small/l_small_divu_16_16x16.asm:60
loop_16_1                       = $458B ; addr, local, , l_small_divu_16_16x16, code_math, ../_DEVELOPMENT/math/integer/small/l_small_divu_16_16x16.asm:69
loop_8_0                        = $459D ; addr, local, , l_small_divu_16_16x16, code_math, ../_DEVELOPMENT/math/integer/small/l_small_divu_16_16x16.asm:118
loop_8_2                        = $45A4 ; addr, local, , l_small_divu_16_16x16, code_math, ../_DEVELOPMENT/math/integer/small/l_small_divu_16_16x16.asm:127
loop_8_1                        = $45A6 ; addr, local, , l_small_divu_16_16x16, code_math, ../_DEVELOPMENT/math/integer/small/l_small_divu_16_16x16.asm:132
l_sxt                           = $4514 ; addr, local, , l_gchar, code_crt0_sccz80, sccz80/crt0_z80/l_gchar.asm:12
__CLIB_OPT_IMATH                = $0000 ; const, local, , l_mulu_16_16x16, , ../config_private.inc:27
eight_bit_1                     = $45BE ; addr, local, , l_small_mul_16_16x16, code_math, ../_DEVELOPMENT/math/integer/small/l_small_mul_16_16x16.asm:40
eight_bit_0                     = $45BD ; addr, local, , l_small_mul_16_16x16, code_math, ../_DEVELOPMENT/math/integer/small/l_small_mul_16_16x16.asm:36
rejoin                          = $45C1 ; addr, local, , l_small_mul_16_16x16, code_math, ../_DEVELOPMENT/math/integer/small/l_small_mul_16_16x16.asm:57
loop_0                          = $45C4 ; addr, local, , l_small_mul_16_16x16, code_math, ../_DEVELOPMENT/math/integer/small/l_small_mul_16_16x16.asm:61
loop_1                          = $45CB ; addr, local, , l_small_mul_16_16x16, code_math, ../_DEVELOPMENT/math/integer/small/l_small_mul_16_16x16.asm:75
TileMapConf                     = $0406 ; addr, public, , tilemap_conf_asm, , tilemap_conf.asm:75
_nametable                      = $0100 ; const, public, , tilemap_conf_asm, , tilemap_conf.asm:60
pantalla_juego                  = $0100 ; const, public, , tilemap_conf_asm, , tilemap_conf.asm:61
tiles_tocados                   = $CE00 ; const, public, , tilemap_conf_asm, , tilemap_conf.asm:58
posiciones_pantalla             = $0406 ; addr, public, , tilemap_conf_asm, , tilemap_conf.asm:77
posiciones_super_buffer         = $0436 ; addr, public, , tilemap_conf_asm, , tilemap_conf.asm:106
posicion_inicial_area_visible   = $C000 ; const, public, , tilemap_conf_asm, , tilemap_conf.asm:63
posicion_inicial_superbuffer    = $9000 ; const, public, , tilemap_conf_asm, , tilemap_conf.asm:64
ancho_pantalla_bytes            = $0040 ; const, public, , tilemap_conf_asm, , tilemap_conf.asm:69
alto_pantalla_bytes             = $00C0 ; const, public, , tilemap_conf_asm, , tilemap_conf.asm:70
ancho_pantalla_bytes_visible    = $0040 ; const, public, , tilemap_conf_asm, , tilemap_conf.asm:71
mascara1                        = $0000 ; const, public, , tilemap_conf_asm, , tilemap_conf.asm:53
mascara2                        = $0000 ; const, public, , tilemap_conf_asm, , tilemap_conf.asm:54
behindtilemasks                 = $0466 ; addr, public, , tilemap_conf_asm, , tilemap_conf.asm:139
viewport_x                      = $0001 ; const, public, , mk1_c, code_compiler, autodefs.h:8
viewport_y                      = $0002 ; const, public, , mk1_c, code_compiler, autodefs.h:8
tiles                           = $10CF ; addr, public, , mk1_c, code_compiler, assets/tileset.h::show_buffer_and_tiles::0::3:5
_def_keys                       = $0566 ; addr, public, , mk1_c, , my/config.h:256
_behs                           = $0B30 ; addr, public, , mk1_c, data_compiler, my/config.h:380
_enems_load                     = $32BA ; addr, public, , mk1_c, code_compiler, engine/enengine.h::enems_load::0::76:79
_enems_kill                     = $348B ; addr, public, , mk1_c, code_compiler, engine/enengine.h::enems_kill::0::83:235
_enems_move                     = $349C ; addr, public, , mk1_c, code_compiler, engine/enengine.h::enems_move::0::84:265
_collide                        = $282B ; addr, public, , mk1_c, code_compiler, engine/general.h::collide::0::22:14
_cm_two_points                  = $285D ; addr, public, , mk1_c, code_compiler, engine/general.h::cm_two_points::0::23:63
_rand                           = $28BA ; addr, public, , mk1_c, code_compiler, engine/general.h::rand::0::24:138
_abs                            = $28E3 ; addr, public, , mk1_c, code_compiler, engine/general.h::abs::0::25:182
_hotspots_init                  = $36A3 ; addr, public, , mk1_c, code_compiler, engine/hotspots.h::hotspots_init::0::91:7
_hotspots_do                    = $36B2 ; addr, public, , mk1_c, code_compiler, engine/hotspots.h::hotspots_do::0::92:30
_player_init                    = $2BD8 ; addr, public, , mk1_c, code_compiler, engine/player.h::player_init::0::38:13
_player_calc_bounding_box       = $2C44 ; addr, public, , mk1_c, code_compiler, engine/player.h::player_calc_bounding_box::0::39:73
_player_move                    = $2C85 ; addr, public, , mk1_c, code_compiler, engine/player.h::player_move::0::40:247
_player_deplete                 = $3260 ; addr, public, , mk1_c, code_compiler, engine/player.h::player_deplete::0::74:1488
_player_kill                    = $328B ; addr, public, , mk1_c, code_compiler, engine/player.h::player_kill::0::75:1492
_draw_hud                       = $4037 ; addr, public, , mk1_c, code_compiler, mainloop/hud.h::draw_hud::0::104:6
_unpack                         = $0E4A ; addr, public, , mk1_c, code_compiler, aplib.h::unpack::0::0:155
_game_ending                    = $28FA ; addr, public, , mk1_c, code_compiler, my/fixed_screens.h::game_ending::0::26:4
_game_over                      = $2922 ; addr, public, , mk1_c, code_compiler, my/fixed_screens.h::game_over::0::27:19
_pause_screen                   = $296C ; addr, public, , mk1_c, code_compiler, my/fixed_screens.h::pause_screen::0::28:40
_addsign                        = $29AE ; addr, public, , mk1_c, code_compiler, engine.h::addsign::0::29:20
_espera_activa                  = $29C8 ; addr, public, , mk1_c, code_compiler, engine.h::espera_activa::0::30:28
_process_tile                   = $29E9 ; addr, public, , mk1_c, code_compiler, engine.h::process_tile::0::32:85
_draw_scr_background            = $29EA ; addr, public, , mk1_c, code_compiler, engine.h::draw_scr_background::0::33:352
_draw_scr                       = $2A85 ; addr, public, , mk1_c, code_compiler, engine.h::draw_scr::0::35:524
_mons_col_sc_x                  = $2B0C ; addr, public, , mk1_c, code_compiler, engine.h::mons_col_sc_x::0::36:768
_mons_col_sc_y                  = $2B7A ; addr, public, , mk1_c, code_compiler, engine.h::mons_col_sc_y::0::37:849
_blackout                       = $10A3 ; addr, public, , mk1_c, code_compiler, pantallas.h::blackout::0::1:32
_attr                           = $25B7 ; addr, public, , mk1_c, code_compiler, printer.h::attr::0::3:6
_qtile                          = $25E7 ; addr, public, , mk1_c, code_compiler, printer.h::qtile::0::4:61
_draw_coloured_tile             = $261D ; addr, public, , mk1_c, code_compiler, printer.h::draw_coloured_tile::0::6:167
_invalidate_tile                = $2638 ; addr, public, , mk1_c, code_compiler, printer.h::invalidate_tile::0::7:450
_invalidate_viewport            = $2651 ; addr, public, , mk1_c, code_compiler, printer.h::invalidate_viewport::0::8:470
_draw_invalidate_coloured_tile_gamearea = $265D ; addr, public, , mk1_c, code_compiler, printer.h::draw_invalidate_coloured_tile_gamearea::0::9:482
_draw_coloured_tile_gamearea    = $2664 ; addr, public, , mk1_c, code_compiler, printer.h::draw_coloured_tile_gamearea::0::10:487
_draw_decorations               = $2681 ; addr, public, , mk1_c, code_compiler, printer.h::draw_decorations::0::11:491
_update_tile                    = $26B4 ; addr, public, , mk1_c, code_compiler, printer.h::update_tile::0::12:536
_print_number2                  = $26E5 ; addr, public, , mk1_c, code_compiler, printer.h::print_number2::0::13:578
_draw_objs                      = $272C ; addr, public, , mk1_c, code_compiler, printer.h::draw_objs::0::14:600
_print_str                      = $272D ; addr, public, , mk1_c, code_compiler, printer.h::print_str::0::15:663
_clear_sprites                  = $275C ; addr, public, , mk1_c, code_compiler, printer.h::clear_sprites::0::16:717
_cpc_UpdateNow                  = $27B8 ; addr, public, , mk1_c, code_compiler, engine/update.h::cpc_UpdateNow::0::19:9
_wyz_init                       = $391A ; addr, public, , mk1_c, code_compiler, wyz_player.h::wyz_init::0::96:9
_wyz_play_music                 = $3925 ; addr, public, , mk1_c, code_compiler, wyz_player.h::wyz_play_music::0::97:18
_wyz_play_sound                 = $394D ; addr, public, , mk1_c, code_compiler, wyz_player.h::wyz_play_sound::0::98:30
_wyz_stop_sound                 = $3956 ; addr, public, , mk1_c, code_compiler, wyz_player.h::wyz_stop_sound::0::99:41
_pad0                           = $4454 ; addr, public, , mk1_c, bss_compiler, mk1.c::main::0::128:118
_enoffs                         = $4455 ; addr, public, , mk1_c, bss_compiler, mk1.c::main::0::128:118
_asm_number                     = $4457 ; addr, public, , mk1_c, bss_compiler, mk1.c::main::0::128:118
_asm_int                        = $4458 ; addr, public, , mk1_c, bss_compiler, mk1.c::main::0::128:118
_asm_int_2                      = $445A ; addr, public, , mk1_c, bss_compiler, mk1.c::main::0::128:118
_seed                           = $445C ; addr, public, , mk1_c, bss_compiler, mk1.c::main::0::128:118
_half_life                      = $445E ; addr, public, , mk1_c, bss_compiler, mk1.c::main::0::128:118
_p_x                            = $445F ; addr, public, , mk1_c, bss_compiler, mk1.c::main::0::128:118
_p_y                            = $4461 ; addr, public, , mk1_c, bss_compiler, mk1.c::main::0::128:118
_p_vx                           = $4463 ; addr, public, , mk1_c, bss_compiler, mk1.c::main::0::128:118
_p_vy                           = $4465 ; addr, public, , mk1_c, bss_compiler, mk1.c::main::0::128:118
_p_saltando                     = $4467 ; addr, public, , mk1_c, bss_compiler, mk1.c::main::0::128:118
_p_cont_salto                   = $4468 ; addr, public, , mk1_c, bss_compiler, mk1.c::main::0::128:118
_p_frame                        = $4469 ; addr, public, , mk1_c, bss_compiler, mk1.c::main::0::128:118
_p_subframe                     = $446A ; addr, public, , mk1_c, bss_compiler, mk1.c::main::0::128:118
_p_facing                       = $446B ; addr, public, , mk1_c, bss_compiler, mk1.c::main::0::128:118
_p_estado                       = $446C ; addr, public, , mk1_c, bss_compiler, mk1.c::main::0::128:118
_p_ct_estado                    = $446D ; addr, public, , mk1_c, bss_compiler, mk1.c::main::0::128:118
_p_gotten                       = $446E ; addr, public, , mk1_c, bss_compiler, mk1.c::main::0::128:118
_pregotten                      = $446F ; addr, public, , mk1_c, bss_compiler, mk1.c::main::0::128:118
_p_life                         = $4470 ; addr, public, , mk1_c, bss_compiler, mk1.c::main::0::128:118
_p_objs                         = $4471 ; addr, public, , mk1_c, bss_compiler, mk1.c::main::0::128:118
_p_keys                         = $4472 ; addr, public, , mk1_c, bss_compiler, mk1.c::main::0::128:118
_p_fuel                         = $4473 ; addr, public, , mk1_c, bss_compiler, mk1.c::main::0::128:118
_p_killed                       = $4474 ; addr, public, , mk1_c, bss_compiler, mk1.c::main::0::128:118
_p_disparando                   = $4475 ; addr, public, , mk1_c, bss_compiler, mk1.c::main::0::128:118
_p_facing_v                     = $4476 ; addr, public, , mk1_c, bss_compiler, mk1.c::main::0::128:118
_p_facing_h                     = $4477 ; addr, public, , mk1_c, bss_compiler, mk1.c::main::0::128:118
_p_ammo                         = $4478 ; addr, public, , mk1_c, bss_compiler, mk1.c::main::0::128:118
_p_killme                       = $4479 ; addr, public, , mk1_c, bss_compiler, mk1.c::main::0::128:118
_p_kill_amt                     = $447A ; addr, public, , mk1_c, bss_compiler, mk1.c::main::0::128:118
_p_tx                           = $447B ; addr, public, , mk1_c, bss_compiler, mk1.c::main::0::128:118
_p_ty                           = $447C ; addr, public, , mk1_c, bss_compiler, mk1.c::main::0::128:118
_ptgmx                          = $447D ; addr, public, , mk1_c, bss_compiler, mk1.c::main::0::128:118
_ptgmy                          = $447F ; addr, public, , mk1_c, bss_compiler, mk1.c::main::0::128:118
_spacer                         = $0B60 ; addr, public, , mk1_c, data_compiler, definitions.h:127
_enit                           = $4481 ; addr, public, , mk1_c, bss_compiler, mk1.c::main::0::128:118
_enspit                         = $4482 ; addr, public, , mk1_c, bss_compiler, mk1.c::main::0::128:118
__en_x                          = $4483 ; addr, public, , mk1_c, bss_compiler, mk1.c::main::0::128:118
__en_y                          = $4484 ; addr, public, , mk1_c, bss_compiler, mk1.c::main::0::128:118
__en_x1                         = $4485 ; addr, public, , mk1_c, bss_compiler, mk1.c::main::0::128:118
__en_y1                         = $4486 ; addr, public, , mk1_c, bss_compiler, mk1.c::main::0::128:118
__en_x2                         = $4487 ; addr, public, , mk1_c, bss_compiler, mk1.c::main::0::128:118
__en_y2                         = $4488 ; addr, public, , mk1_c, bss_compiler, mk1.c::main::0::128:118
__en_mx                         = $4489 ; addr, public, , mk1_c, bss_compiler, mk1.c::main::0::128:118
__en_my                         = $448A ; addr, public, , mk1_c, bss_compiler, mk1.c::main::0::128:118
__en_t                          = $448B ; addr, public, , mk1_c, bss_compiler, mk1.c::main::0::128:118
__en_life                       = $448C ; addr, public, , mk1_c, bss_compiler, mk1.c::main::0::128:118
__baddies_pointer               = $448D ; addr, public, , mk1_c, bss_compiler, mk1.c::main::0::128:118
_hotspot_x                      = $448F ; addr, public, , mk1_c, bss_compiler, mk1.c::main::0::128:118
_hotspot_y                      = $4490 ; addr, public, , mk1_c, bss_compiler, mk1.c::main::0::128:118
_hotspot_destroy                = $4491 ; addr, public, , mk1_c, bss_compiler, mk1.c::main::0::128:118
_orig_tile                      = $4492 ; addr, public, , mk1_c, bss_compiler, mk1.c::main::0::128:118
_flags                          = $4493 ; addr, public, , mk1_c, bss_compiler, mk1.c::main::0::128:118
_o_pant                         = $44B3 ; addr, public, , mk1_c, bss_compiler, mk1.c::main::0::128:118
_n_pant                         = $44B4 ; addr, public, , mk1_c, bss_compiler, mk1.c::main::0::128:118
_is_rendering                   = $44B5 ; addr, public, , mk1_c, bss_compiler, mk1.c::main::0::128:118
_level                          = $44B6 ; addr, public, , mk1_c, bss_compiler, mk1.c::main::0::128:118
_slevel                         = $44B7 ; addr, public, , mk1_c, bss_compiler, mk1.c::main::0::128:118
_warp_to_level                  = $0B62 ; addr, public, , mk1_c, data_compiler, definitions.h:209
_maincounter                    = $44B8 ; addr, public, , mk1_c, bss_compiler, mk1.c::main::0::128:118
_gpx                            = $44B9 ; addr, public, , mk1_c, bss_compiler, mk1.c::main::0::128:118
_gpox                           = $44BA ; addr, public, , mk1_c, bss_compiler, mk1.c::main::0::128:118
_gpy                            = $44BB ; addr, public, , mk1_c, bss_compiler, mk1.c::main::0::128:118
_gpd                            = $44BC ; addr, public, , mk1_c, bss_compiler, mk1.c::main::0::128:118
_gpc                            = $44BD ; addr, public, , mk1_c, bss_compiler, mk1.c::main::0::128:118
_gpt                            = $44BE ; addr, public, , mk1_c, bss_compiler, mk1.c::main::0::128:118
_gpxx                           = $44BF ; addr, public, , mk1_c, bss_compiler, mk1.c::main::0::128:118
_gpyy                           = $44C0 ; addr, public, , mk1_c, bss_compiler, mk1.c::main::0::128:118
_gpcx                           = $44C1 ; addr, public, , mk1_c, bss_compiler, mk1.c::main::0::128:118
_gpcy                           = $44C2 ; addr, public, , mk1_c, bss_compiler, mk1.c::main::0::128:118
_possee                         = $44C3 ; addr, public, , mk1_c, bss_compiler, mk1.c::main::0::128:118
_hit_v                          = $44C4 ; addr, public, , mk1_c, bss_compiler, mk1.c::main::0::128:118
_hit_h                          = $44C5 ; addr, public, , mk1_c, bss_compiler, mk1.c::main::0::128:118
_hit                            = $44C6 ; addr, public, , mk1_c, bss_compiler, mk1.c::main::0::128:118
_wall_h                         = $44C7 ; addr, public, , mk1_c, bss_compiler, mk1.c::main::0::128:118
_wall_v                         = $44C8 ; addr, public, , mk1_c, bss_compiler, mk1.c::main::0::128:118
_gpen_x                         = $44C9 ; addr, public, , mk1_c, bss_compiler, mk1.c::main::0::128:118
_gpen_y                         = $44CA ; addr, public, , mk1_c, bss_compiler, mk1.c::main::0::128:118
_gpen_cx                        = $44CB ; addr, public, , mk1_c, bss_compiler, mk1.c::main::0::128:118
_gpen_cy                        = $44CC ; addr, public, , mk1_c, bss_compiler, mk1.c::main::0::128:118
_gpaux                          = $44CD ; addr, public, , mk1_c, bss_compiler, mk1.c::main::0::128:118
_tocado                         = $44CE ; addr, public, , mk1_c, bss_compiler, mk1.c::main::0::128:118
_active                         = $44CF ; addr, public, , mk1_c, bss_compiler, mk1.c::main::0::128:118
_gpit                           = $44D0 ; addr, public, , mk1_c, bss_compiler, mk1.c::main::0::128:118
_gpjt                           = $44D1 ; addr, public, , mk1_c, bss_compiler, mk1.c::main::0::128:118
_enoffsmasi                     = $44D2 ; addr, public, , mk1_c, bss_compiler, mk1.c::main::0::128:118
_gpint                          = $44D4 ; addr, public, , mk1_c, bss_compiler, mk1.c::main::0::128:118
_map_pointer                    = $44D6 ; addr, public, , mk1_c, bss_compiler, mk1.c::main::0::128:118
_rdx                            = $44D8 ; addr, public, , mk1_c, bss_compiler, mk1.c::main::0::128:118
_rdy                            = $44D9 ; addr, public, , mk1_c, bss_compiler, mk1.c::main::0::128:118
_rda                            = $44DA ; addr, public, , mk1_c, bss_compiler, mk1.c::main::0::128:118
_rdb                            = $44DB ; addr, public, , mk1_c, bss_compiler, mk1.c::main::0::128:118
_rdc                            = $44DC ; addr, public, , mk1_c, bss_compiler, mk1.c::main::0::128:118
_rdd                            = $44DD ; addr, public, , mk1_c, bss_compiler, mk1.c::main::0::128:118
_rdn                            = $44DE ; addr, public, , mk1_c, bss_compiler, mk1.c::main::0::128:118
_rdt                            = $44DF ; addr, public, , mk1_c, bss_compiler, mk1.c::main::0::128:118
_itj                            = $44E0 ; addr, public, , mk1_c, bss_compiler, mk1.c::main::0::128:118
_objs_old                       = $44E2 ; addr, public, , mk1_c, bss_compiler, mk1.c::main::0::128:118
_keys_old                       = $44E3 ; addr, public, , mk1_c, bss_compiler, mk1.c::main::0::128:118
_life_old                       = $44E4 ; addr, public, , mk1_c, bss_compiler, mk1.c::main::0::128:118
_killed_old                     = $44E5 ; addr, public, , mk1_c, bss_compiler, mk1.c::main::0::128:118
_gen_pt                         = $44E6 ; addr, public, , mk1_c, bss_compiler, mk1.c::main::0::128:118
_playing                        = $44E8 ; addr, public, , mk1_c, bss_compiler, mk1.c::main::0::128:118
_success                        = $44E9 ; addr, public, , mk1_c, bss_compiler, mk1.c::main::0::128:118
__x                             = $44EA ; addr, public, , mk1_c, bss_compiler, mk1.c::main::0::128:118
__y                             = $44EB ; addr, public, , mk1_c, bss_compiler, mk1.c::main::0::128:118
__n                             = $44EC ; addr, public, , mk1_c, bss_compiler, mk1.c::main::0::128:118
__t                             = $44ED ; addr, public, , mk1_c, bss_compiler, mk1.c::main::0::128:118
_cx1                            = $44EE ; addr, public, , mk1_c, bss_compiler, mk1.c::main::0::128:118
_cy1                            = $44EF ; addr, public, , mk1_c, bss_compiler, mk1.c::main::0::128:118
_cx2                            = $44F0 ; addr, public, , mk1_c, bss_compiler, mk1.c::main::0::128:118
_cy2                            = $44F1 ; addr, public, , mk1_c, bss_compiler, mk1.c::main::0::128:118
_at1                            = $44F2 ; addr, public, , mk1_c, bss_compiler, mk1.c::main::0::128:118
_at2                            = $44F3 ; addr, public, , mk1_c, bss_compiler, mk1.c::main::0::128:118
_x0                             = $44F4 ; addr, public, , mk1_c, bss_compiler, mk1.c::main::0::128:118
_y0                             = $44F5 ; addr, public, , mk1_c, bss_compiler, mk1.c::main::0::128:118
_x1                             = $44F6 ; addr, public, , mk1_c, bss_compiler, mk1.c::main::0::128:118
_y1                             = $44F7 ; addr, public, , mk1_c, bss_compiler, mk1.c::main::0::128:118
_ptx1                           = $44F8 ; addr, public, , mk1_c, bss_compiler, mk1.c::main::0::128:118
_pty1                           = $44F9 ; addr, public, , mk1_c, bss_compiler, mk1.c::main::0::128:118
_ptx2                           = $44FA ; addr, public, , mk1_c, bss_compiler, mk1.c::main::0::128:118
_pty2                           = $44FB ; addr, public, , mk1_c, bss_compiler, mk1.c::main::0::128:118
_pty2b                          = $44FC ; addr, public, , mk1_c, bss_compiler, mk1.c::main::0::128:118
__gp_gen                        = $44FD ; addr, public, , mk1_c, bss_compiler, mk1.c::main::0::128:118
_def_keys_joy                   = $0D70 ; addr, public, , mk1_c, code_compiler, definitions.h:327
_isr_player_on                  = $44FF ; addr, public, , mk1_c, bss_compiler, mk1.c::main::0::128:118
_t_seconds                      = $4500 ; addr, public, , mk1_c, bss_compiler, mk1.c::main::0::128:118
_is_joystick                    = $4502 ; addr, public, , mk1_c, bss_compiler, mk1.c::main::0::128:118
_ram_address                    = $4503 ; addr, public, , mk1_c, bss_compiler, mk1.c::main::0::128:118
_ram_destination                = $4505 ; addr, public, , mk1_c, bss_compiler, mk1.c::main::0::128:118
_s_title                        = $0E65 ; addr, public, , mk1_c, code_compiler, pantallas.h::unpack::0::1:13
_s_marco                        = $0F52 ; addr, public, , mk1_c, code_compiler, pantallas.h::unpack::0::1:13
_s_ending                       = $0FCC ; addr, public, , mk1_c, code_compiler, pantallas.h::unpack::0::1:25
_show_buffer_and_tiles          = $10C2 ; addr, public, , mk1_c, code_compiler, pantallas.h::show_buffer_and_tiles::0::2:55
_my_inks                        = $441D ; addr, public, , mk1_c, rodata_compiler, assets/pal.h::show_buffer_and_tiles::0::3:5
_mapa                           = $0B63 ; addr, public, , mk1_c, data_compiler, assets/mapa.h::show_buffer_and_tiles::0::3:5
_cerrojos                       = $4507 ; addr, public, , mk1_c, bss_compiler, mk1.c::main::0::128:118
_tileset                        = $10CF ; addr, public, , mk1_c, code_compiler, assets/tileset.h::show_buffer_and_tiles::0::3:5
_malotes                        = $0C8F ; addr, public, , mk1_c, data_compiler, assets/enems.h::show_buffer_and_tiles::0::3:17
_hotspots                       = $0CFB ; addr, public, , mk1_c, data_compiler, assets/enems.h::show_buffer_and_tiles::0::3:56
_sprites                        = $20CF ; addr, public, , mk1_c, code_compiler, assets/sprites.h::show_buffer_and_tiles::0::3:10
_sprite_18_a                    = $24CF ; addr, public, , mk1_c, code_compiler, assets/extrasprites.h::show_buffer_and_tiles::0::3:29
_sm_cox                         = $0D07 ; addr, public, , mk1_c, data_compiler, assets/spriteset_mappings.h::show_buffer_and_tiles::0::3:9
_sm_coy                         = $0D17 ; addr, public, , mk1_c, data_compiler, assets/spriteset_mappings.h::show_buffer_and_tiles::0::3:14
_sm_invfunc                     = $0D27 ; addr, public, , mk1_c, data_compiler, assets/spriteset_mappings.h::show_buffer_and_tiles::0::3:19
_sm_updfunc                     = $0D47 ; addr, public, , mk1_c, data_compiler, assets/spriteset_mappings.h::show_buffer_and_tiles::0::3:26
_sm_sprptr                      = $252F ; addr, public, , mk1_c, code_compiler, assets/spriteset_mappings.h::show_buffer_and_tiles::0::3:34
_trpixlutc                      = $254F ; addr, public, , mk1_c, code_compiler, assets/trpixlut.h::show_buffer_and_tiles::0::3:6
__tile_address                  = $2605 ; addr, public, , mk1_c, code_compiler, printer.h::_tile_address::0::5:134
_utaux                          = $0D67 ; addr, public, , mk1_c, data_compiler, printer.h::draw_decorations::0::12:535
_pal_set                        = $278A ; addr, public, , mk1_c, code_compiler, printer.h::pal_set::0::18:727
_wyz_songs                      = $3916 ; addr, public, , mk1_c, code_compiler, my/wyz/songs.h::hotspots_do::0::96:6
_title_screen                   = $3FDB ; addr, public, , mk1_c, code_compiler, my/title_screen.h::title_screen::0::100:6
_main                           = $4066 ; addr, public, , mk1_c, code_compiler, mainloop.h::main::0::107:7
cpc_ShowTileMap                 = $057E ; addr, public, , cpc_ShowTileMap, , cpc_ShowTileMap.asm:20
cpc_ResetTouchedTiles           = $0619 ; addr, public, , cpc_ResetTouchedTiles, , cpc_ResetTouchedTiles.asm:18
cpc_UpdScr                      = $0627 ; addr, public, , cpc_UpdScr, , cpc_UpdScr.asm:29
cpc_ShowTouchedTiles            = $0704 ; addr, public, , cpc_ShowTouchedTiles, , cpc_ShowTouchedTiles.asm:36
cpc_PutSpTileMap4x8             = $0814 ; addr, public, , cpc_PutSpTileMap4x8, , cpc_PutSpTileMap4x8.asm:25
cpc_PutSpTileMap8x16Px          = $0861 ; addr, public, , cpc_PutSpTileMap8x16Px, , cpc_PutSpTileMap8x16Px.asm:26
cpc_TestKey                     = $08CB ; addr, public, , cpc_TestKey, , cpc_TestKey.asm:14
cpc_TestKeyboard                = $08E5 ; addr, public, , cpc_TestKeyboard, , cpc_TestKeyboard.asm:3
cpc_AnyKeyPressed               = $0909 ; addr, public, , cpc_AnyKeyPressed, , cpc_AnyKeyPressed.asm:11
cpc_SetMode                     = $0923 ; addr, public, , cpc_SetMode, , cpc_SetMode.asm:8
cpc_SetColour                   = $092D ; addr, public, , cpc_SetColour, , cpc_SetColour.asm:8
cpc_UpdTileTable                = $094E ; addr, public, , cpc_UpdTileTable, , cpc_UpdTileTable.asm:54
cpc_UpdTileTableClp             = $0940 ; addr, public, , cpc_UpdTileTable, , cpc_UpdTileTable.asm:32
cpc_PutTrSp4x8TileMap2b         = $096D ; addr, public, , cpc_PutTrSp4x8TileMap2b, , cpc_PutTrSp4x8TileMap2b.asm:19
cpc_PutTrSp8x16TileMap2bPx      = $09B2 ; addr, public, , cpc_PutTrSp8x16TileMap2bPx, , cpc_PutTrSp8x16TileMap2bPx.asm:20
cpc_KeysData                    = $0A8C ; addr, public, , cpc_KeysData, , cpc_KeysData.asm:14
tabla_teclas                    = $0A98 ; addr, public, , cpc_KeysData, , cpc_KeysData.asm:40
keymap                          = $0A8C ; addr, public, , cpc_KeysData, , cpc_KeysData.asm:41
cpc_Bit2Mask                    = $0AB1 ; addr, public, , cpc_Bit2Mask, , cpc_Bit2Mask.asm:5
cpc_TblLookup                   = $0AB9 ; addr, public, , cpc_TblLookup, , cpc_TblLookup.asm:11
cpc_InvalidateRect              = $0AC0 ; addr, public, , cpc_InvalidateRect, , cpc_InvalidateRect.asm:29
cpc_bitright2mask               = $0B20 ; addr, public, , cpc_bitright2mask, , cpc_bitright2mask.asm:4
cpc_bitleft2mask                = $0B28 ; addr, public, , cpc_bitleft2mask, , cpc_bitleft2mask.asm:4
l_div_u                         = $4574 ; addr, public, , l_div_u, code_crt0_sccz80, sccz80/crt0_z80/l_div_u.asm:17
l_divu_16_16x16                 = $4575 ; addr, public, , l_divu_16_16x16, code_math, ../_DEVELOPMENT/math/integer/l_divu_16_16x16.asm:22
l0_divu_16_16x16                = $4579 ; addr, public, , l_divu_16_16x16, code_math, ../_DEVELOPMENT/math/integer/l_divu_16_16x16.asm:23
l_small_divu_16_16x16           = $4575 ; addr, public, , l_small_divu_16_16x16, code_math, ../_DEVELOPMENT/math/integer/small/l_small_divu_16_16x16.asm:17
l0_small_divu_16_16x16          = $4579 ; addr, public, , l_small_divu_16_16x16, code_math, ../_DEVELOPMENT/math/integer/small/l_small_divu_16_16x16.asm:42
l_small_divu_16_16x8            = $4595 ; addr, public, , l_small_divu_16_16x16, code_math, ../_DEVELOPMENT/math/integer/small/l_small_divu_16_16x16.asm:87
l0_small_divu_16_16x8           = $4599 ; addr, public, , l_small_divu_16_16x16, code_math, ../_DEVELOPMENT/math/integer/small/l_small_divu_16_16x16.asm:112
error_divide_by_zero_mc         = $45D2 ; addr, public, , error_divide_by_zero_mc, code_error, ../_DEVELOPMENT/error/z80/error_divide_by_zero_mc.asm:12
error_edom_mc                   = $45D2 ; addr, public, , error_edom_mc, code_error, ../_DEVELOPMENT/error/z80/error_edom_mc.asm:57
errno_mc                        = $45D4 ; addr, public, , errno_mc, code_error, ../_DEVELOPMENT/error/z80/errno_mc.asm:21
_errno                          = $45E4 ; addr, public, , _errno, bss_error, ../_DEVELOPMENT/error/z80/_errno.asm:7
error_mc                        = $45DF ; addr, public, , error_mc, code_error, ../_DEVELOPMENT/error/z80/error_mc.asm:11
l_eq                            = $4509 ; addr, public, , l_eq, code_crt0_sccz80, sccz80/crt0_z80/l_eq.asm:17
l_gchar                         = $4513 ; addr, public, , l_gchar, code_crt0_sccz80, sccz80/crt0_z80/l_gchar.asm:11
l_gint                          = $4519 ; addr, public, , l_gint, code_crt0_sccz80, sccz80/crt0_z80/l_gint.asm:11
l_gintsp                        = $451E ; addr, public, , l_gintsp, code_crt0_sccz80, sccz80/crt0_z80/l_gintsp.asm:7
l_gt                            = $4526 ; addr, public, , l_gt, code_crt0_sccz80, sccz80/crt0_z80/l_gt.asm:15
l_compare_result                = $4536 ; addr, public, , l_compare_result, code_crt0_sccz80, sccz80/crt0_z80/l_compare_result.asm:4
l_lneg                          = $453C ; addr, public, , l_lneg, code_crt0_sccz80, sccz80/crt0_z80/l_lneg.asm:14
l_lt                            = $4545 ; addr, public, , l_lt, code_crt0_sccz80, sccz80/crt0_z80/l_lt.asm:15
l_mult                          = $45AF ; addr, public, , l_mul, code_crt0_sccz80, sccz80/crt0_z80/l_mul.asm:12
l_mulu_16_16x16                 = $45AF ; addr, public, , l_mulu_16_16x16, code_math, ../_DEVELOPMENT/math/integer/l_mulu_16_16x16.asm:36
l_small_mul_16_16x16            = $45AF ; addr, public, , l_small_mul_16_16x16, code_math, ../_DEVELOPMENT/math/integer/small/l_small_mul_16_16x16.asm:10
l_small_mul_16_16x8             = $45BE ; addr, public, , l_small_mul_16_16x16, code_math, ../_DEVELOPMENT/math/integer/small/l_small_mul_16_16x16.asm:42
l_ne                            = $4555 ; addr, public, , l_ne, code_crt0_sccz80, sccz80/crt0_z80/l_ne.asm:16
l_neg                           = $4560 ; addr, public, , l_neg, code_crt0_sccz80, sccz80/crt0_z80/l_neg.asm:13
l_pint                          = $4568 ; addr, public, , l_pint, code_crt0_sccz80, sccz80/crt0_z80/l_pint.asm:11
l_pint_pop                      = $456E ; addr, public, , l_pint_pop, code_crt0_sccz80, sccz80/crt0_z80/l_pint_pop.asm:12
__head                          = $0400 ; const, public, def, , ,
__tail                          = $45E6 ; const, public, def, , ,
__size                          = $41E6 ; const, public, def, , ,
__data_compiler_head            = $0B30 ; const, public, def, , ,
__data_compiler_tail            = $0D68 ; const, public, def, , ,
__data_compiler_size            = $0238 ; const, public, def, , ,
__code_compiler_head            = $0D68 ; const, public, def, , ,
__code_compiler_tail            = $441D ; const, public, def, , ,
__code_compiler_size            = $36B5 ; const, public, def, , ,
__rodata_compiler_head          = $441D ; const, public, def, , ,
__rodata_compiler_tail          = $4454 ; const, public, def, , ,
__rodata_compiler_size          = $0037 ; const, public, def, , ,
__bss_compiler_head             = $4454 ; const, public, def, , ,
__bss_compiler_tail             = $4509 ; const, public, def, , ,
__bss_compiler_size             = $00B5 ; const, public, def, , ,
__code_crt0_sccz80_head         = $4509 ; const, public, def, , ,
__code_crt0_sccz80_tail         = $4574 ; const, public, def, , ,
__code_crt0_sccz80_size         = $006B ; const, public, def, , ,
__code_clib_head                = $4574 ; const, public, def, , ,
__code_clib_tail                = $4574 ; const, public, def, , ,
__code_clib_size                = $0000 ; const, public, def, , ,
__code_math_head                = $4574 ; const, public, def, , ,
__code_math_tail                = $45CF ; const, public, def, , ,
__code_math_size                = $005B ; const, public, def, , ,
__code_error_head               = $45CF ; const, public, def, , ,
__code_error_tail               = $45E4 ; const, public, def, , ,
__code_error_size               = $0015 ; const, public, def, , ,
__bss_clib_head                 = $45E4 ; const, public, def, , ,
__bss_clib_tail                 = $45E4 ; const, public, def, , ,
__bss_clib_size                 = $0000 ; const, public, def, , ,
__bss_error_head                = $45E4 ; const, public, def, , ,
__bss_error_tail                = $45E6 ; const, public, def, , ,
__bss_error_size                = $0002 ; const, public, def, , ,
