DEFINED_CRT_ORG_CODE            = $0001 ; const, local, , cpc_crt0, , C:/Users/r4373259/AppData/Local/Temp/zcc00002F642D514/zcc_opt.def:3
CRT_ORG_CODE                    = $0400 ; const, local, , cpc_crt0, , C:/Users/r4373259/AppData/Local/Temp/zcc00002F642D514/zcc_opt.def:4
start                           = $0400 ; addr, local, , cpc_crt0, , crt.asm:7
T_WIDTH                         = $0020 ; const, local, , tilemap_conf_asm, , tilemap_conf.asm:66
T_HEIGHT                        = $0018 ; const, local, , tilemap_conf_asm, , tilemap_conf.asm:67
vpClipStruct                    = $0E8F ; addr, local, , mk1_c, code_compiler, definitions.h:4
fsClipStruct                    = $0E93 ; addr, local, , mk1_c, code_compiler, definitions.h:4
i_1                             = $4554 ; addr, local, , mk1_c, rodata_compiler, mk1.c::main::0::128:118
HLshr6_A                        = $0EAF ; addr, local, , mk1_c, code_compiler, mtasmlib.h:6
Ashl16_HL                       = $0EBA ; addr, local, , mk1_c, code_compiler, mtasmlib.h:6
withSign                        = $0EC6 ; addr, local, , mk1_c, code_compiler, mtasmlib.h:6
depack                          = $0ECE ; addr, local, , mk1_c, code_compiler, aplib.h:11
apbranch1                       = $0ED1 ; addr, local, , mk1_c, code_compiler, aplib.h:11
aploop0                         = $0ED3 ; addr, local, , mk1_c, code_compiler, aplib.h:11
ap_getbit                       = $0F55 ; addr, local, , mk1_c, code_compiler, aplib.h:11
aploop                          = $0ED6 ; addr, local, , mk1_c, code_compiler, aplib.h:11
apbranch2                       = $0F14 ; addr, local, , mk1_c, code_compiler, aplib.h:11
apbranch3                       = $0F00 ; addr, local, , mk1_c, code_compiler, aplib.h:11
apget4bits                      = $0EE9 ; addr, local, , mk1_c, code_compiler, aplib.h:11
apbranch4                       = $0EF7 ; addr, local, , mk1_c, code_compiler, aplib.h:11
apwritebyte                     = $0EF3 ; addr, local, , mk1_c, code_compiler, aplib.h:11
ap_finishup2                    = $0F42 ; addr, local, , mk1_c, code_compiler, aplib.h:11
ap_getgamma                     = $0F61 ; addr, local, , mk1_c, code_compiler, aplib.h:11
ap_r0_gamma                     = $0F49 ; addr, local, , mk1_c, code_compiler, aplib.h:11
apskip2                         = $0F33 ; addr, local, , mk1_c, code_compiler, aplib.h:11
apskip3                         = $0F3C ; addr, local, , mk1_c, code_compiler, aplib.h:11
ap_finishup                     = $0F3F ; addr, local, , mk1_c, code_compiler, aplib.h:11
ap_getgammaloop                 = $0F64 ; addr, local, , mk1_c, code_compiler, aplib.h:11
bo_l1                           = $11D3 ; addr, local, , mk1_c, code_compiler, pantallas.h::blackout::0::1:32
_font                           = $11F6 ; addr, local, , mk1_c, code_compiler, assets/tileset.h::show_buffer_and_tiles::0::3:5
_tspatterns                     = $15F6 ; addr, local, , mk1_c, code_compiler, assets/tileset.h::show_buffer_and_tiles::0::3:5
_attr_2                         = $26E6 ; addr, local, , mk1_c, code_compiler, printer.h::attr::0::3:6
_attr_1                         = $26EE ; addr, local, , mk1_c, code_compiler, printer.h::attr::0::3:6
_attr_1b                        = $26F8 ; addr, local, , mk1_c, code_compiler, printer.h::attr::0::3:6
_map_attr                       = $C600 ; const, local, , mk1_c, code_compiler, mk1.c::main::0::128:118
_attr_end                       = $270B ; addr, local, , mk1_c, code_compiler, printer.h::attr::0::3:6
qtile_do                        = $2716 ; addr, local, , mk1_c, code_compiler, printer.h::qtile::0::4:61
_map_buff                       = $C696 ; const, local, , mk1_c, code_compiler, mk1.c::main::0::128:118
_draw_decorations_loop          = $27AB ; addr, local, , mk1_c, code_compiler, printer.h::draw_decorations::0::11:491
print_str_loop                  = $285E ; addr, local, , mk1_c, code_compiler, printer.h::print_str::0::15:663
print_str_inv                   = $2870 ; addr, local, , mk1_c, code_compiler, printer.h::print_str::0::15:663
i_16                            = $288F ; addr, local, , mk1_c, code_compiler, printer.h::clear_sprites::0::16:717
i_14                            = $288A ; addr, local, , mk1_c, code_compiler, printer.h::clear_sprites::0::16:717
i_15                            = $28B0 ; addr, local, , mk1_c, code_compiler, printer.h::clear_sprites::0::16:717
_sp_sw                          = $E600 ; const, local, , mk1_c, code_compiler, mk1.c::main::0::128:118
i_17                            = $28B6 ; addr, local, , mk1_c, code_compiler, printer.h::pal_set::0::18:727
i_18                            = $28DE ; addr, local, , mk1_c, code_compiler, printer.h::pal_set::0::18:727
i_19                            = $2914 ; addr, local, , mk1_c, code_compiler, engine/update.h::cpc_UpdateNow::0::19:9
_cpc_screen_update_inv_loop     = $28EB ; addr, local, , mk1_c, code_compiler, engine/update.h::cpc_UpdateNow::0::19:9
_cpc_screen_update_inv_ret      = $290D ; addr, local, , mk1_c, code_compiler, engine/update.h::cpc_UpdateNow::0::19:9
_cpc_screen_update_upd_buffer   = $2914 ; addr, local, , mk1_c, code_compiler, engine/update.h::cpc_UpdateNow::0::19:9
i_20                            = $294B ; addr, local, , mk1_c, code_compiler, engine/update.h::cpc_UpdateNow::0::19:9
_cpc_screen_update_upd_loop     = $2923 ; addr, local, , mk1_c, code_compiler, engine/update.h::cpc_UpdateNow::0::19:9
_cpc_screen_update_upd_ret      = $2946 ; addr, local, , mk1_c, code_compiler, engine/update.h::cpc_UpdateNow::0::19:9
_cpc_screen_update_done         = $294B ; addr, local, , mk1_c, code_compiler, engine/update.h::cpc_UpdateNow::0::19:9
_cm_two_points_at1_reset        = $2992 ; addr, local, , mk1_c, code_compiler, engine/general.h::cm_two_points::0::23:63
_cm_two_points_at1_do           = $2995 ; addr, local, , mk1_c, code_compiler, engine/general.h::cm_two_points::0::23:63
_cm_two_points_at1_done         = $29AF ; addr, local, , mk1_c, code_compiler, engine/general.h::cm_two_points::0::23:63
_cm_two_points_at2_reset        = $29C0 ; addr, local, , mk1_c, code_compiler, engine/general.h::cm_two_points::0::23:63
_cm_two_points_at2_do           = $29C3 ; addr, local, , mk1_c, code_compiler, engine/general.h::cm_two_points::0::23:63
_cm_two_points_at2_done         = $29DD ; addr, local, , mk1_c, code_compiler, engine/general.h::cm_two_points::0::23:63
rand16                          = $29E1 ; addr, local, , mk1_c, code_compiler, engine/general.h::rand::0::24:138
nextrand                        = $29FD ; addr, local, , mk1_c, code_compiler, engine/general.h::rand::0::24:138
i_21                            = $2A1B ; addr, local, , mk1_c, code_compiler, engine/general.h::abs::0::25:182
i_22                            = $2A20 ; addr, local, , mk1_c, code_compiler, engine/general.h::abs::0::25:182
i_23                            = $2AE6 ; addr, local, , mk1_c, code_compiler, engine.h::addsign::0::29:20
i_24                            = $2AEE ; addr, local, , mk1_c, code_compiler, engine.h::addsign::0::29:20
i_25                            = $2AEF ; addr, local, , mk1_c, code_compiler, engine.h::espera_activa::0::30:28
i_26                            = $2AF7 ; addr, local, , mk1_c, code_compiler, engine.h::espera_activa::0::30:28
i_29                            = $2AF7 ; addr, local, , mk1_c, code_compiler, engine.h::espera_activa::0::30:28
i_28                            = $2B0F ; addr, local, , mk1_c, code_compiler, engine.h::espera_activa::0::30:28
i_30                            = $2B05 ; addr, local, , mk1_c, code_compiler, engine.h::espera_activa::0::30:28
i_27                            = $2B05 ; addr, local, , mk1_c, code_compiler, engine.h::espera_activa::0::30:28
i_33                            = $2B45 ; addr, local, , mk1_c, code_compiler, engine.h::draw_scr_background::0::33:352
i_31                            = $2B3E ; addr, local, , mk1_c, code_compiler, engine.h::draw_scr_background::0::33:352
i_32                            = $2BAB ; addr, local, , mk1_c, code_compiler, engine.h::draw_scr_background::3::35:474
_draw_scr_packed_existing       = $2B6C ; addr, local, , mk1_c, code_compiler, engine.h::draw_scr_background::0::33:352
_draw_scr_packed_new            = $2B57 ; addr, local, , mk1_c, code_compiler, engine.h::draw_scr_background::0::33:352
_draw_scr_packed_done           = $2B71 ; addr, local, , mk1_c, code_compiler, engine.h::draw_scr_background::0::33:352
_advance_worm_no_inc_y          = $2BA5 ; addr, local, , mk1_c, code_compiler, engine.h::draw_scr_background::3::35:474
_hotspots_setup_done            = $2C28 ; addr, local, , mk1_c, code_compiler, engine.h::draw_scr::1::36:669
_hotspots_setup_do              = $2BEE ; addr, local, , mk1_c, code_compiler, engine.h::draw_scr::1::36:553
_hotspots_setup_set             = $2C20 ; addr, local, , mk1_c, code_compiler, engine.h::draw_scr::1::36:553
_hotspots_setup_set_refill      = $2C1F ; addr, local, , mk1_c, code_compiler, engine.h::draw_scr::1::36:553
_mons_col_sc_x_lineal           = $2C33 ; addr, local, , mk1_c, code_compiler, engine.h::mons_col_sc_x::0::36:768
_mons_col_sc_x_compare          = $2C39 ; addr, local, , mk1_c, code_compiler, engine.h::mons_col_sc_x::0::36:768
_mons_col_sc_x_horz_positive    = $2C46 ; addr, local, , mk1_c, code_compiler, engine.h::mons_col_sc_x::0::36:768
_mons_col_sc_x_horz_negative_zero = $2C43 ; addr, local, , mk1_c, code_compiler, engine.h::mons_col_sc_x::0::36:768
_mons_col_sc_x_horz_set         = $2C47 ; addr, local, , mk1_c, code_compiler, engine.h::mons_col_sc_x::0::36:768
i_34                            = $2C9B ; addr, local, , mk1_c, code_compiler, engine.h::mons_col_sc_x::0::36:768
i_35                            = $2C9E ; addr, local, , mk1_c, code_compiler, engine.h::mons_col_sc_x::0::36:768
_mons_col_sc_y_lineal           = $2CA1 ; addr, local, , mk1_c, code_compiler, engine.h::mons_col_sc_y::0::37:849
_mons_col_sc_y_compare          = $2CA7 ; addr, local, , mk1_c, code_compiler, engine.h::mons_col_sc_y::0::37:849
_mons_col_sc_y_vert_positive    = $2CB4 ; addr, local, , mk1_c, code_compiler, engine.h::mons_col_sc_y::0::37:849
_mons_col_sc_y_vert_negative_zero = $2CB1 ; addr, local, , mk1_c, code_compiler, engine.h::mons_col_sc_y::0::37:849
_mons_col_sc_y_vert_set         = $2CB5 ; addr, local, , mk1_c, code_compiler, engine.h::mons_col_sc_y::0::37:849
i_36                            = $2CF9 ; addr, local, , mk1_c, code_compiler, engine.h::mons_col_sc_y::0::37:849
i_37                            = $2CFC ; addr, local, , mk1_c, code_compiler, engine.h::mons_col_sc_y::0::37:849
i_39                            = $2DC4 ; addr, local, , mk1_c, code_compiler, engine/player.h::player_move::0::40:247
i_40                            = $2DC7 ; addr, local, , mk1_c, code_compiler, engine/player.h::player_move::0::40:247
i_38                            = $2E1D ; addr, local, , mk1_c, code_compiler, engine/player.h::player_move::0::40:247
i_41                            = $2DFB ; addr, local, , mk1_c, code_compiler, engine/player.h::player_move::0::40:247
i_42                            = $2E1D ; addr, local, , mk1_c, code_compiler, engine/player.h::player_move::0::40:247
i_43                            = $2E1D ; addr, local, , mk1_c, code_compiler, engine/player.h::player_move::0::40:247
i_44                            = $2E1D ; addr, local, , mk1_c, code_compiler, engine/player.h::player_move::0::40:247
i_45                            = $2E1D ; addr, local, , mk1_c, code_compiler, engine/player.h::player_move::0::40:247
i_46                            = $2E44 ; addr, local, , mk1_c, code_compiler, engine/player.h::player_move::3::46:340
i_47                            = $2E44 ; addr, local, , mk1_c, code_compiler, engine/player.h::player_move::3::46:340
i_48                            = $2E6D ; addr, local, , mk1_c, code_compiler, engine/player.h::player_move::3::47:346
i_49                            = $2E6D ; addr, local, , mk1_c, code_compiler, engine/player.h::player_move::3::47:346
i_50                            = $2E83 ; addr, local, , mk1_c, code_compiler, engine/player.h::player_move::1::47:372
i_51                            = $2E96 ; addr, local, , mk1_c, code_compiler, engine/player.h::player_move::1::47:372
i_52                            = $2F05 ; addr, local, , mk1_c, code_compiler, engine/player.h::player_move::3::49:410
i_54                            = $2EDE ; addr, local, , mk1_c, code_compiler, engine/player.h::player_move::1::47:372
i_53                            = $2F05 ; addr, local, , mk1_c, code_compiler, engine/player.h::player_move::3::49:410
i_56                            = $2F56 ; addr, local, , mk1_c, code_compiler, engine/player.h::player_move::3::51:487
i_58                            = $2F2F ; addr, local, , mk1_c, code_compiler, engine/player.h::player_move::3::49:410
i_57                            = $2F56 ; addr, local, , mk1_c, code_compiler, engine/player.h::player_move::3::51:487
evil_tile_check_vert_done       = $2F6F ; addr, local, , mk1_c, code_compiler, engine/player.h::player_move::3::51:487
i_61                            = $2FA1 ; addr, local, , mk1_c, code_compiler, engine/player.h::player_move::3::51:487
i_62                            = $2FA4 ; addr, local, , mk1_c, code_compiler, engine/player.h::player_move::3::51:487
i_60                            = $2FDA ; addr, local, , mk1_c, code_compiler, engine/player.h::player_move::3::51:487
decelerate_right                = $2FC9 ; addr, local, , mk1_c, code_compiler, engine/player.h::player_move::3::51:487
decelerate_left                 = $2FB9 ; addr, local, , mk1_c, code_compiler, engine/player.h::player_move::3::51:487
h_acceleration_set              = $2FC4 ; addr, local, , mk1_c, code_compiler, engine/player.h::player_move::3::51:487
h_acceleration_done             = $3024 ; addr, local, , mk1_c, code_compiler, engine/player.h::player_move::2::54:802
h_decelerate_done               = $2FDA ; addr, local, , mk1_c, code_compiler, engine/player.h::player_move::3::51:487
i_63                            = $2FFF ; addr, local, , mk1_c, code_compiler, engine/player.h::player_move::2::53:763
accelerate_left_done            = $2FFF ; addr, local, , mk1_c, code_compiler, engine/player.h::player_move::2::53:763
i_64                            = $3024 ; addr, local, , mk1_c, code_compiler, engine/player.h::player_move::2::54:802
accelerate_right_done           = $3024 ; addr, local, , mk1_c, code_compiler, engine/player.h::player_move::2::54:802
i_65                            = $303A ; addr, local, , mk1_c, code_compiler, engine/player.h::player_move::1::54:846
i_66                            = $304D ; addr, local, , mk1_c, code_compiler, engine/player.h::player_move::1::54:846
i_67                            = $30CB ; addr, local, , mk1_c, code_compiler, engine/player.h::player_move::3::56:886
i_69                            = $3094 ; addr, local, , mk1_c, code_compiler, engine/player.h::player_move::1::54:846
i_68                            = $30BC ; addr, local, , mk1_c, code_compiler, engine/player.h::player_move::3::56:886
i_71                            = $30CB ; addr, local, , mk1_c, code_compiler, engine/player.h::player_move::3::56:886
i_72                            = $312B ; addr, local, , mk1_c, code_compiler, engine/player.h::player_move::3::59:961
i_74                            = $30F5 ; addr, local, , mk1_c, code_compiler, engine/player.h::player_move::3::56:886
i_73                            = $311C ; addr, local, , mk1_c, code_compiler, engine/player.h::player_move::3::59:961
i_76                            = $312B ; addr, local, , mk1_c, code_compiler, engine/player.h::player_move::3::59:961
genital_decide_facing           = $312B ; addr, local, , mk1_c, code_compiler, engine/player.h::player_move::3::59:961
genital_decide_facing_v         = $3137 ; addr, local, , mk1_c, code_compiler, engine/player.h::player_move::3::59:961
genital_decide_facing_h         = $3132 ; addr, local, , mk1_c, code_compiler, engine/player.h::player_move::3::59:961
genital_decide_facing_done      = $3141 ; addr, local, , mk1_c, code_compiler, engine/player.h::player_move::3::59:961
i_77                            = $3191 ; addr, local, , mk1_c, code_compiler, engine/player.h::player_move::1::62:1108
i_78                            = $3191 ; addr, local, , mk1_c, code_compiler, ./my/ci/player_center_checks.h::player_move::1::60:0
i_79                            = $31A2 ; addr, local, , mk1_c, code_compiler, engine/player.h::player_move::2::63:1112
i_80                            = $31A7 ; addr, local, , mk1_c, code_compiler, engine/player.h::player_move::2::63:1112
i_81                            = $31EA ; addr, local, , mk1_c, code_compiler, engine/player.h::player_move::2::63:1112
p_int_up_no                     = $31E7 ; addr, local, , mk1_c, code_compiler, engine/player.h::player_move::2::63:1112
i_82                            = $32AA ; addr, local, , mk1_c, code_compiler, engine/player.h::player_move::2::63:1112
i_83                            = $322D ; addr, local, , mk1_c, code_compiler, engine/player.h::player_move::2::63:1112
p_int_down_no                   = $322A ; addr, local, , mk1_c, code_compiler, engine/player.h::player_move::2::63:1112
i_84                            = $32AA ; addr, local, , mk1_c, code_compiler, engine/player.h::player_move::2::63:1112
i_85                            = $326D ; addr, local, , mk1_c, code_compiler, engine/player.h::player_move::2::63:1112
p_int_left_no                   = $326A ; addr, local, , mk1_c, code_compiler, engine/player.h::player_move::2::63:1112
i_86                            = $32AA ; addr, local, , mk1_c, code_compiler, engine/player.h::player_move::2::63:1112
i_87                            = $32AA ; addr, local, , mk1_c, code_compiler, engine/player.h::player_move::2::63:1112
p_int_right_no                  = $32AA ; addr, local, , mk1_c, code_compiler, engine/player.h::player_move::2::63:1112
i_88                            = $32D0 ; addr, local, , mk1_c, code_compiler, engine/player.h::player_move::2::63:1112
i_89                            = $32EF ; addr, local, , mk1_c, code_compiler, engine/player.h::player_move::2::63:1112
i_90                            = $32EF ; addr, local, , mk1_c, code_compiler, engine/player.h::player_move::2::63:1112
i_91                            = $3304 ; addr, local, , mk1_c, code_compiler, engine/player.h::player_move::2::63:1112
i_92                            = $3304 ; addr, local, , mk1_c, code_compiler, engine/player.h::player_move::2::63:1112
i_94                            = $3313 ; addr, local, , mk1_c, code_compiler, engine/player.h::player_move::2::63:1112
i_95                            = $3316 ; addr, local, , mk1_c, code_compiler, engine/player.h::player_move::2::63:1112
i_93                            = $333D ; addr, local, , mk1_c, code_compiler, engine/player.h::player_move::2::63:1112
i_96                            = $333D ; addr, local, , mk1_c, code_compiler, engine/player.h::player_move::2::63:1112
_player_spr_setup               = $3359 ; addr, local, , mk1_c, code_compiler, engine/player.h::player_move::2::63:1112
_player_spr_setup_done          = $3386 ; addr, local, , mk1_c, code_compiler, engine/player.h::player_move::2::63:1112
i_97                            = $33A8 ; addr, local, , mk1_c, code_compiler, engine/player.h::player_deplete::0::74:1488
i_98                            = $33AB ; addr, local, , mk1_c, code_compiler, engine/player.h::player_deplete::0::74:1488
calc_baddies_pointer            = $33D3 ; addr, local, , mk1_c, code_compiler, engine/enengine.h::player_kill::0::76:6
i_101                           = $33FB ; addr, local, , mk1_c, code_compiler, engine/enengine.h::enems_load::0::76:79
i_99                            = $33F4 ; addr, local, , mk1_c, code_compiler, engine/enengine.h::enems_load::0::76:79
i_100                           = $35B1 ; addr, local, , mk1_c, code_compiler, engine/enengine.h::enems_load::3::83:231
_en_an_frame                    = $D603 ; const, local, , mk1_c, code_compiler, mk1.c::main::0::128:118
_en_an_state                    = $D60C ; const, local, , mk1_c, code_compiler, mk1.c::main::0::128:118
_en_an_count                    = $D606 ; const, local, , mk1_c, code_compiler, mk1.c::main::0::128:118
_en_an_next_frame               = $D63C ; const, local, , mk1_c, code_compiler, mk1.c::main::0::128:118
i_102                           = $34BA ; addr, local, , mk1_c, code_compiler, engine/enengine.h::enems_load::5::80:202
i_105                           = $3466 ; addr, local, , mk1_c, code_compiler, engine/enengine.h::enems_load::3::78:122
i_106                           = $347E ; addr, local, , mk1_c, code_compiler, engine/enengine.h::enems_load::3::78:122
i_107                           = $347E ; addr, local, , mk1_c, code_compiler, engine/enengine.h::enems_load::3::78:122
i_108                           = $347E ; addr, local, , mk1_c, code_compiler, engine/enengine.h::enems_load::3::78:122
i_109                           = $347E ; addr, local, , mk1_c, code_compiler, engine/enengine.h::enems_load::3::78:122
i_110                           = $34AC ; addr, local, , mk1_c, code_compiler, engine/enengine.h::enems_load::5::80:202
_en_an_base_frame               = $D600 ; const, local, , mk1_c, code_compiler, mk1.c::main::0::128:118
i_104                           = $34C5 ; addr, local, , mk1_c, code_compiler, engine/enengine.h::enems_load::5::80:202
i_111                           = $34C5 ; addr, local, , mk1_c, code_compiler, engine/enengine.h::enems_load::5::80:202
i_112                           = $359B ; addr, local, , mk1_c, code_compiler, engine/enengine.h::enems_load::5::80:202
redefine_sp_sw                  = $34E3 ; addr, local, , mk1_c, code_compiler, engine/enengine.h::enems_load::5::80:202
i_113                           = $35AE ; addr, local, , mk1_c, code_compiler, engine/enengine.h::enems_load::5::80:202
enems_kill_noflag               = $35BE ; addr, local, , mk1_c, code_compiler, engine/enengine.h::enems_kill::0::83:235
i_116                           = $35DF ; addr, local, , mk1_c, code_compiler, engine/enengine.h::enems_move::0::84:265
i_114                           = $35DA ; addr, local, , mk1_c, code_compiler, engine/enengine.h::enems_move::0::84:265
i_115                           = $37C9 ; addr, local, , mk1_c, code_compiler, engine/enengine.h::enems_move::4::91:787
_en_dying                       = $362F ; addr, local, , mk1_c, code_compiler, engine/enengine.h::enems_move::0::84:265
_en_dying_done                  = $365A ; addr, local, , mk1_c, code_compiler, engine/enengine.h::enems_move::0::84:265
_en_dying_dead                  = $3645 ; addr, local, , mk1_c, code_compiler, engine/enengine.h::enems_move::0::84:265
i_119                           = $365F ; addr, local, , mk1_c, code_compiler, engine/enengine.h::enems_move::3::86:416
i_120                           = $3677 ; addr, local, , mk1_c, code_compiler, engine/enengine.h::enems_move::3::86:416
i_121                           = $3677 ; addr, local, , mk1_c, code_compiler, engine/enengine.h::enems_move::3::86:416
i_122                           = $3677 ; addr, local, , mk1_c, code_compiler, engine/enengine.h::enems_move::3::86:416
i_123                           = $3677 ; addr, local, , mk1_c, code_compiler, engine/enengine.h::enems_move::3::86:416
i_118                           = $36CD ; addr, local, , mk1_c, code_compiler, engine/enengine.h::enems_move::4::87:444
_enems_lm_change_axis_x         = $369B ; addr, local, , mk1_c, code_compiler, ./engine/enem_mods/enem_type_lineal.h::enems_move::4::87:0
_enems_lm_change_axis_x_done    = $36A3 ; addr, local, , mk1_c, code_compiler, ./engine/enem_mods/enem_type_lineal.h::enems_move::4::87:0
_enems_lm_change_axis_y         = $36C2 ; addr, local, , mk1_c, code_compiler, ./engine/enem_mods/enem_type_lineal.h::enems_move::4::87:0
_enems_lm_change_axis_y_done    = $36CA ; addr, local, , mk1_c, code_compiler, ./engine/enem_mods/enem_type_lineal.h::enems_move::4::87:0
enems_just_moved                = $36CD ; addr, local, , mk1_c, code_compiler, engine/enengine.h::enems_move::4::87:444
i_124                           = $3741 ; addr, local, , mk1_c, code_compiler, engine/enengine.h::enems_move::4::91:787
_enems_move_update_frame_done   = $3713 ; addr, local, , mk1_c, code_compiler, engine/enengine.h::enems_move::4::87:444
i_126                           = $3741 ; addr, local, , mk1_c, code_compiler, engine/enengine.h::enems_move::5::89:545
i_125                           = $3741 ; addr, local, , mk1_c, code_compiler, engine/enengine.h::enems_move::7::91:602
i_127_i_126                     = $3735 ; addr, local, , mk1_c, code_compiler, engine/enengine.h::enems_move::5::89:545
i_128                           = $3741 ; addr, local, , mk1_c, code_compiler, engine/enengine.h::enems_move::7::91:602
_enem_spr_setup                 = $3741 ; addr, local, , mk1_c, code_compiler, engine/enengine.h::enems_move::4::91:787
_en_an_sprid                    = $D609 ; const, local, , mk1_c, code_compiler, mk1.c::main::0::128:118
_set_current_frame              = $3781 ; addr, local, , mk1_c, code_compiler, engine/enengine.h::enems_move::4::91:787
_enem_spr_setup_done            = $3796 ; addr, local, , mk1_c, code_compiler, engine/enengine.h::enems_move::4::91:787
init_hotspots_loop              = $37D4 ; addr, local, , mk1_c, code_compiler, engine/hotspots.h::hotspots_init::0::91:7
i_129                           = $37F0 ; addr, local, , mk1_c, code_compiler, engine/hotspots.h::hotspots_do::0::92:30
i_130                           = $38BE ; addr, local, , mk1_c, code_compiler, engine/hotspots.h::hotspots_do::3::95:117
i_133                           = $381F ; addr, local, , mk1_c, code_compiler, engine/hotspots.h::hotspots_do::0::92:30
i_134                           = $3832 ; addr, local, , mk1_c, code_compiler, engine/hotspots.h::hotspots_do::0::92:30
i_135                           = $3842 ; addr, local, , mk1_c, code_compiler, engine/hotspots.h::hotspots_do::0::92:30
i_136                           = $3850 ; addr, local, , mk1_c, code_compiler, engine/hotspots.h::hotspots_do::0::92:30
i_132                           = $386D ; addr, local, , mk1_c, code_compiler, engine/hotspots.h::hotspots_do::3::95:117
i_137                           = $3864 ; addr, local, , mk1_c, code_compiler, engine/hotspots.h::hotspots_do::0::92:30
i_138                           = $38BE ; addr, local, , mk1_c, code_compiler, engine/hotspots.h::hotspots_do::3::95:117
EFECTO0                         = $38BF ; addr, local, , mk1_c, code_compiler, my/wyz/efectos.h::hotspots_do::0::96:29
EFECTO1                         = $391A ; addr, local, , mk1_c, code_compiler, my/wyz/efectos.h::hotspots_do::0::96:29
EFECTO2                         = $391B ; addr, local, , mk1_c, code_compiler, my/wyz/efectos.h::hotspots_do::0::96:29
EFECTO3                         = $391C ; addr, local, , mk1_c, code_compiler, my/wyz/efectos.h::hotspots_do::0::96:29
EFECTO4                         = $394D ; addr, local, , mk1_c, code_compiler, my/wyz/efectos.h::hotspots_do::0::96:29
EFECTO5                         = $394E ; addr, local, , mk1_c, code_compiler, my/wyz/efectos.h::hotspots_do::0::96:29
EFECTO6                         = $3964 ; addr, local, , mk1_c, code_compiler, my/wyz/efectos.h::hotspots_do::0::96:29
EFECTO7                         = $3965 ; addr, local, , mk1_c, code_compiler, my/wyz/efectos.h::hotspots_do::0::96:29
EFECTO8                         = $3966 ; addr, local, , mk1_c, code_compiler, my/wyz/efectos.h::hotspots_do::0::96:29
EFECTO9                         = $3967 ; addr, local, , mk1_c, code_compiler, my/wyz/efectos.h::hotspots_do::0::96:29
EFECTO10                        = $3968 ; addr, local, , mk1_c, code_compiler, my/wyz/efectos.h::hotspots_do::0::96:29
EFECTO11                        = $3969 ; addr, local, , mk1_c, code_compiler, my/wyz/efectos.h::hotspots_do::0::96:29
EFECTO12                        = $396A ; addr, local, , mk1_c, code_compiler, my/wyz/efectos.h::hotspots_do::0::96:29
EFECTO13                        = $398F ; addr, local, , mk1_c, code_compiler, my/wyz/efectos.h::hotspots_do::0::96:29
EFECTO14                        = $39B4 ; addr, local, , mk1_c, code_compiler, my/wyz/efectos.h::hotspots_do::0::96:29
TABLA_PAUTAS                    = $39D3 ; addr, local, , mk1_c, code_compiler, my/wyz/instrumentos.h::hotspots_do::0::96:7
PAUTA_0                         = $39D7 ; addr, local, , mk1_c, code_compiler, my/wyz/instrumentos.h::hotspots_do::0::96:7
TABLA_SONIDOS                   = $39D5 ; addr, local, , mk1_c, code_compiler, my/wyz/instrumentos.h::hotspots_do::0::96:7
_00_title_mus_bin               = $39E0 ; addr, local, , mk1_c, code_compiler, my/wyz/songs.h::hotspots_do::0::96:6
_01_ingame_mus_bin              = $3A32 ; addr, local, , mk1_c, code_compiler, my/wyz/songs.h::hotspots_do::0::96:6
WYZPLAYER_INIT                  = $3A85 ; addr, local, , mk1_c, code_compiler, wyz_player.h::wyz_stop_sound::0::100:51
CARGA_CANCION                   = $3BE9 ; addr, local, , mk1_c, code_compiler, wyz_player.h::wyz_stop_sound::0::100:51
INICIA_EFECTO                   = $3AC5 ; addr, local, , mk1_c, code_compiler, wyz_player.h::wyz_stop_sound::0::100:51
PLAYER_OFF                      = $3BC6 ; addr, local, , mk1_c, code_compiler, wyz_player.h::wyz_stop_sound::0::100:51
CANAL_A                         = $3FFF ; addr, local, , mk1_c, code_compiler, wyz_player.h::wyz_stop_sound::0::100:51
CANAL_B                         = $4001 ; addr, local, , mk1_c, code_compiler, wyz_player.h::wyz_stop_sound::0::100:51
CANAL_C                         = $4003 ; addr, local, , mk1_c, code_compiler, wyz_player.h::wyz_stop_sound::0::100:51
CANAL_P                         = $402D ; addr, local, , mk1_c, code_compiler, wyz_player.h::wyz_stop_sound::0::100:51
INICIO                          = $3A9E ; addr, local, , mk1_c, code_compiler, wyz_player.h::wyz_stop_sound::0::100:51
WYZ_PLAYER_ISR                  = $3A9E ; addr, local, , mk1_c, code_compiler, wyz_player.h::wyz_stop_sound::0::100:51
ROUT                            = $3B8A ; addr, local, , mk1_c, code_compiler, wyz_player.h::wyz_stop_sound::0::100:51
PSG_REG                         = $4044 ; addr, local, , mk1_c, code_compiler, wyz_player.h::wyz_stop_sound::0::100:51
PSG_REG_SEC                     = $4054 ; addr, local, , mk1_c, code_compiler, wyz_player.h::wyz_stop_sound::0::100:51
REPRODUCE_SONIDO                = $3AE0 ; addr, local, , mk1_c, code_compiler, wyz_player.h::wyz_stop_sound::0::100:51
PLAY                            = $3D22 ; addr, local, , mk1_c, code_compiler, wyz_player.h::wyz_stop_sound::0::100:51
REPRODUCE_EFECTO                = $3AFF ; addr, local, , mk1_c, code_compiler, wyz_player.h::wyz_stop_sound::0::100:51
INICIA_SONIDO                   = $3AB5 ; addr, local, , mk1_c, code_compiler, wyz_player.h::wyz_stop_sound::0::100:51
EXT_WORD                        = $3FD1 ; addr, local, , mk1_c, code_compiler, wyz_player.h::wyz_stop_sound::0::100:51
PUNTERO_SONIDO                  = $403E ; addr, local, , mk1_c, code_compiler, wyz_player.h::wyz_stop_sound::0::100:51
INTERR                          = $3FF5 ; addr, local, , mk1_c, code_compiler, wyz_player.h::wyz_stop_sound::0::100:51
TABLA_EFECTOS                   = $40E4 ; addr, local, , mk1_c, code_compiler, wyz_player.h::wyz_stop_sound::0::100:51
PUNTERO_EFECTO                  = $401D ; addr, local, , mk1_c, code_compiler, wyz_player.h::wyz_stop_sound::0::100:51
TABLA_DATOS_CANAL_SFX           = $3FDA ; addr, local, , mk1_c, code_compiler, wyz_player.h::wyz_stop_sound::0::100:51
EFECTO_REGS                     = $4040 ; addr, local, , mk1_c, code_compiler, wyz_player.h::wyz_stop_sound::0::100:51
SONIDO_REGS                     = $4042 ; addr, local, , mk1_c, code_compiler, wyz_player.h::wyz_stop_sound::0::100:51
REPRODUCE_SONIDO_O_EFECTO       = $3B1E ; addr, local, , mk1_c, code_compiler, wyz_player.h::wyz_stop_sound::0::100:51
REPRODUCE_SONIDO_LIMPIA_BIT     = $3AF9 ; addr, local, , mk1_c, code_compiler, wyz_player.h::wyz_stop_sound::0::100:51
REPRODUCE_EFECTO_LIMPIA_BIT     = $3B18 ; addr, local, , mk1_c, code_compiler, wyz_player.h::wyz_stop_sound::0::100:51
FIN_SONIDO                      = $3B7A ; addr, local, , mk1_c, code_compiler, wyz_player.h::wyz_stop_sound::0::100:51
NO_ENVOLVENTES_SONIDO           = $3B60 ; addr, local, , mk1_c, code_compiler, wyz_player.h::wyz_stop_sound::0::100:51
NO_RUIDO                        = $3B6D ; addr, local, , mk1_c, code_compiler, wyz_player.h::wyz_stop_sound::0::100:51
SI_RUIDO                        = $3B73 ; addr, local, , mk1_c, code_compiler, wyz_player.h::wyz_stop_sound::0::100:51
ENVOLVENTE_BACK                 = $4065 ; addr, local, , mk1_c, code_compiler, wyz_player.h::wyz_stop_sound::0::100:51
FIN_NOPLAYER                    = $3B83 ; addr, local, , mk1_c, code_compiler, wyz_player.h::wyz_stop_sound::0::100:51
NO_BACKUP_ENVOLVENTE            = $3B94 ; addr, local, , mk1_c, code_compiler, wyz_player.h::wyz_stop_sound::0::100:51
LOUT                            = $3B97 ; addr, local, , mk1_c, code_compiler, wyz_player.h::wyz_stop_sound::0::100:51
WRITEPSGHL                      = $3BAF ; addr, local, , mk1_c, code_compiler, wyz_player.h::wyz_stop_sound::0::100:51
CLEAR_PSG_BUFFER                = $3BCA ; addr, local, , mk1_c, code_compiler, wyz_player.h::wyz_stop_sound::0::100:51
SONG                            = $3FF6 ; addr, local, , mk1_c, code_compiler, wyz_player.h::wyz_stop_sound::0::100:51
DECODE_SONG                     = $3BF2 ; addr, local, , mk1_c, code_compiler, wyz_player.h::wyz_stop_sound::0::100:51
TABLA_SONG                      = $40E2 ; addr, local, , mk1_c, code_compiler, wyz_player.h::wyz_stop_sound::0::100:51
TEMPO                           = $3FF7 ; addr, local, , mk1_c, code_compiler, wyz_player.h::wyz_stop_sound::0::100:51
TTEMPO                          = $3FF8 ; addr, local, , mk1_c, code_compiler, wyz_player.h::wyz_stop_sound::0::100:51
NPTJP0                          = $3C0E ; addr, local, , mk1_c, code_compiler, wyz_player.h::wyz_stop_sound::0::100:51
PUNTERO_P_DECA                  = $4011 ; addr, local, , mk1_c, code_compiler, wyz_player.h::wyz_stop_sound::0::100:51
PUNTERO_L_DECA                  = $4025 ; addr, local, , mk1_c, code_compiler, wyz_player.h::wyz_stop_sound::0::100:51
BGICMODBC1                      = $3C9F ; addr, local, , mk1_c, code_compiler, wyz_player.h::wyz_stop_sound::0::100:51
PUNTERO_P_DECB                  = $4013 ; addr, local, , mk1_c, code_compiler, wyz_player.h::wyz_stop_sound::0::100:51
PUNTERO_L_DECB                  = $4027 ; addr, local, , mk1_c, code_compiler, wyz_player.h::wyz_stop_sound::0::100:51
PUNTERO_P_DECC                  = $4015 ; addr, local, , mk1_c, code_compiler, wyz_player.h::wyz_stop_sound::0::100:51
PUNTERO_L_DECC                  = $4029 ; addr, local, , mk1_c, code_compiler, wyz_player.h::wyz_stop_sound::0::100:51
PUNTERO_P_DECP                  = $402F ; addr, local, , mk1_c, code_compiler, wyz_player.h::wyz_stop_sound::0::100:51
PUNTERO_L_DECP                  = $4033 ; addr, local, , mk1_c, code_compiler, wyz_player.h::wyz_stop_sound::0::100:51
INIT_DECODER                    = $3C5A ; addr, local, , mk1_c, code_compiler, wyz_player.h::wyz_stop_sound::0::100:51
PUNTERO_A                       = $3FF9 ; addr, local, , mk1_c, code_compiler, wyz_player.h::wyz_stop_sound::0::100:51
DECODE_CANAL                    = $3CB9 ; addr, local, , mk1_c, code_compiler, wyz_player.h::wyz_stop_sound::0::100:51
PUNTERO_DECA                    = $4017 ; addr, local, , mk1_c, code_compiler, wyz_player.h::wyz_stop_sound::0::100:51
PUNTERO_B                       = $3FFB ; addr, local, , mk1_c, code_compiler, wyz_player.h::wyz_stop_sound::0::100:51
PUNTERO_DECB                    = $4019 ; addr, local, , mk1_c, code_compiler, wyz_player.h::wyz_stop_sound::0::100:51
PUNTERO_C                       = $3FFD ; addr, local, , mk1_c, code_compiler, wyz_player.h::wyz_stop_sound::0::100:51
PUNTERO_DECC                    = $401B ; addr, local, , mk1_c, code_compiler, wyz_player.h::wyz_stop_sound::0::100:51
PUNTERO_P                       = $402B ; addr, local, , mk1_c, code_compiler, wyz_player.h::wyz_stop_sound::0::100:51
PUNTERO_DECP                    = $4031 ; addr, local, , mk1_c, code_compiler, wyz_player.h::wyz_stop_sound::0::100:51
BGICMODBC2                      = $3CA1 ; addr, local, , mk1_c, code_compiler, wyz_player.h::wyz_stop_sound::0::100:51
FIN_DEC_CANAL                   = $3D0A ; addr, local, , mk1_c, code_compiler, wyz_player.h::wyz_stop_sound::0::100:51
GETLEN                          = $3D0F ; addr, local, , mk1_c, code_compiler, wyz_player.h::wyz_stop_sound::0::100:51
NO_SILENCIO                     = $3CC8 ; addr, local, , mk1_c, code_compiler, wyz_player.h::wyz_stop_sound::0::100:51
NO_MODIFICA                     = $3CFF ; addr, local, , mk1_c, code_compiler, wyz_player.h::wyz_stop_sound::0::100:51
NO_PUNTILLO                     = $3CD2 ; addr, local, , mk1_c, code_compiler, wyz_player.h::wyz_stop_sound::0::100:51
NO_INSTRUMENTO                  = $3CE5 ; addr, local, , mk1_c, code_compiler, wyz_player.h::wyz_stop_sound::0::100:51
NO_ENVOLVENTE                   = $3CF2 ; addr, local, , mk1_c, code_compiler, wyz_player.h::wyz_stop_sound::0::100:51
DCBC0                           = $3D1C ; addr, local, , mk1_c, code_compiler, wyz_player.h::wyz_stop_sound::0::100:51
PAUTAS                          = $3D65 ; addr, local, , mk1_c, code_compiler, wyz_player.h::wyz_stop_sound::0::100:51
LOCALIZA_NOTA                   = $3D8F ; addr, local, , mk1_c, code_compiler, wyz_player.h::wyz_stop_sound::0::100:51
LOCALIZA_EFECTO                 = $3E8A ; addr, local, , mk1_c, code_compiler, wyz_player.h::wyz_stop_sound::0::100:51
PUNTERO_P_A                     = $4005 ; addr, local, , mk1_c, code_compiler, wyz_player.h::wyz_stop_sound::0::100:51
PAUTA                           = $3ED1 ; addr, local, , mk1_c, code_compiler, wyz_player.h::wyz_stop_sound::0::100:51
PUNTERO_P_B                     = $4007 ; addr, local, , mk1_c, code_compiler, wyz_player.h::wyz_stop_sound::0::100:51
PUNTERO_P_C                     = $4009 ; addr, local, , mk1_c, code_compiler, wyz_player.h::wyz_stop_sound::0::100:51
LNJP0                           = $3E06 ; addr, local, , mk1_c, code_compiler, wyz_player.h::wyz_stop_sound::0::100:51
COMANDOS                        = $3D9C ; addr, local, , mk1_c, code_compiler, wyz_player.h::wyz_stop_sound::0::100:51
COM_EFECTO                      = $3DE1 ; addr, local, , mk1_c, code_compiler, wyz_player.h::wyz_stop_sound::0::100:51
NO_DEC_TEMPO                    = $3DAE ; addr, local, , mk1_c, code_compiler, wyz_player.h::wyz_stop_sound::0::100:51
NO_INC_TEMPO                    = $3DB3 ; addr, local, , mk1_c, code_compiler, wyz_player.h::wyz_stop_sound::0::100:51
VOL_INST_A                      = $4020 ; addr, local, , mk1_c, code_compiler, wyz_player.h::wyz_stop_sound::0::100:51
PUNTERO_P_A0                    = $400B ; addr, local, , mk1_c, code_compiler, wyz_player.h::wyz_stop_sound::0::100:51
COM_ENVOLVENTE                  = $3DF1 ; addr, local, , mk1_c, code_compiler, wyz_player.h::wyz_stop_sound::0::100:51
ENVOLVENTE                      = $4064 ; addr, local, , mk1_c, code_compiler, wyz_player.h::wyz_stop_sound::0::100:51
NO_FIN_CANAL_A                  = $3E49 ; addr, local, , mk1_c, code_compiler, wyz_player.h::wyz_stop_sound::0::100:51
FIN_CANAL_A                     = $3E30 ; addr, local, , mk1_c, code_compiler, wyz_player.h::wyz_stop_sound::0::100:51
FIN_NOTA_A                      = $3E10 ; addr, local, , mk1_c, code_compiler, wyz_player.h::wyz_stop_sound::0::100:51
FCA_CONT                        = $3E3B ; addr, local, , mk1_c, code_compiler, wyz_player.h::wyz_stop_sound::0::100:51
FIN_RUTINA                      = $3E89 ; addr, local, , mk1_c, code_compiler, wyz_player.h::wyz_stop_sound::0::100:51
NO_SILENCIO_A                   = $3E77 ; addr, local, , mk1_c, code_compiler, wyz_player.h::wyz_stop_sound::0::100:51
SILENCIO_ENVOLVENTE             = $3E64 ; addr, local, , mk1_c, code_compiler, wyz_player.h::wyz_stop_sound::0::100:51
REG_NOTA_A                      = $401F ; addr, local, , mk1_c, code_compiler, wyz_player.h::wyz_stop_sound::0::100:51
NOTA                            = $3F71 ; addr, local, , mk1_c, code_compiler, wyz_player.h::wyz_stop_sound::0::100:51
LEJP0                           = $3EA1 ; addr, local, , mk1_c, code_compiler, wyz_player.h::wyz_stop_sound::0::100:51
NO_FIN_CANAL_P                  = $3ECA ; addr, local, , mk1_c, code_compiler, wyz_player.h::wyz_stop_sound::0::100:51
FIN_CANAL_P                     = $3EC2 ; addr, local, , mk1_c, code_compiler, wyz_player.h::wyz_stop_sound::0::100:51
FIN_NOTA_P                      = $3EAA ; addr, local, , mk1_c, code_compiler, wyz_player.h::wyz_stop_sound::0::100:51
PCAJP4                          = $3EDD ; addr, local, , mk1_c, code_compiler, wyz_player.h::wyz_stop_sound::0::100:51
PCAJP0                          = $3EF1 ; addr, local, , mk1_c, code_compiler, wyz_player.h::wyz_stop_sound::0::100:51
PCAJP1                          = $3F08 ; addr, local, , mk1_c, code_compiler, wyz_player.h::wyz_stop_sound::0::100:51
PCAJP2                          = $3F1D ; addr, local, , mk1_c, code_compiler, wyz_player.h::wyz_stop_sound::0::100:51
PCAJP6                          = $3F4F ; addr, local, , mk1_c, code_compiler, wyz_player.h::wyz_stop_sound::0::100:51
ORNMJP1                         = $3F5B ; addr, local, , mk1_c, code_compiler, wyz_player.h::wyz_stop_sound::0::100:51
ORNNEG                          = $3F3D ; addr, local, , mk1_c, code_compiler, wyz_player.h::wyz_stop_sound::0::100:51
PCAJP3                          = $3F3F ; addr, local, , mk1_c, code_compiler, wyz_player.h::wyz_stop_sound::0::100:51
TABLA_NOTAS                     = $3F79 ; addr, local, , mk1_c, code_compiler, wyz_player.h::wyz_stop_sound::0::100:51
PCAJP5                          = $3F63 ; addr, local, , mk1_c, code_compiler, wyz_player.h::wyz_stop_sound::0::100:51
PCAJP7                          = $3F6D ; addr, local, , mk1_c, code_compiler, wyz_player.h::wyz_stop_sound::0::100:51
EVOLVENTES                      = $3F86 ; addr, local, , mk1_c, code_compiler, wyz_player.h::wyz_stop_sound::0::100:51
DATOS_NOTAS                     = $4066 ; addr, local, , mk1_c, code_compiler, wyz_player.h::wyz_stop_sound::0::100:51
FRECUENCIA_OFF                  = $3FA0 ; addr, local, , mk1_c, code_compiler, wyz_player.h::wyz_stop_sound::0::100:51
CONT_ENV                        = $3FA9 ; addr, local, , mk1_c, code_compiler, wyz_player.h::wyz_stop_sound::0::100:51
CRTBC0                          = $3FB3 ; addr, local, , mk1_c, code_compiler, wyz_player.h::wyz_stop_sound::0::100:51
SELECT_CANAL_A                  = $3FE0 ; addr, local, , mk1_c, code_compiler, wyz_player.h::wyz_stop_sound::0::100:51
SELECT_CANAL_B                  = $3FE7 ; addr, local, , mk1_c, code_compiler, wyz_player.h::wyz_stop_sound::0::100:51
SELECT_CANAL_C                  = $3FEE ; addr, local, , mk1_c, code_compiler, wyz_player.h::wyz_stop_sound::0::100:51
PUNTERO_P_B0                    = $400D ; addr, local, , mk1_c, code_compiler, wyz_player.h::wyz_stop_sound::0::100:51
PUNTERO_P_C0                    = $400F ; addr, local, , mk1_c, code_compiler, wyz_player.h::wyz_stop_sound::0::100:51
REG_NOTA_B                      = $4021 ; addr, local, , mk1_c, code_compiler, wyz_player.h::wyz_stop_sound::0::100:51
VOL_INST_B                      = $4022 ; addr, local, , mk1_c, code_compiler, wyz_player.h::wyz_stop_sound::0::100:51
REG_NOTA_C                      = $4023 ; addr, local, , mk1_c, code_compiler, wyz_player.h::wyz_stop_sound::0::100:51
VOL_INST_C                      = $4024 ; addr, local, , mk1_c, code_compiler, wyz_player.h::wyz_stop_sound::0::100:51
SFX_L                           = $4035 ; addr, local, , mk1_c, code_compiler, wyz_player.h::wyz_stop_sound::0::100:51
SFX_H                           = $4037 ; addr, local, , mk1_c, code_compiler, wyz_player.h::wyz_stop_sound::0::100:51
SFX_V                           = $4039 ; addr, local, , mk1_c, code_compiler, wyz_player.h::wyz_stop_sound::0::100:51
SFX_MIX                         = $403B ; addr, local, , mk1_c, code_compiler, wyz_player.h::wyz_stop_sound::0::100:51
N_SONIDO                        = $403D ; addr, local, , mk1_c, code_compiler, wyz_player.h::wyz_stop_sound::0::100:51
i_139                           = $411E ; addr, local, , mk1_c, code_compiler, my/title_screen.h::title_screen::0::100:6
i_141                           = $4136 ; addr, local, , mk1_c, code_compiler, my/title_screen.h::title_screen::0::100:6
i_140                           = $414F ; addr, local, , mk1_c, code_compiler, my/title_screen.h::title_screen::0::100:6
i_142                           = $411E ; addr, local, , mk1_c, code_compiler, my/title_screen.h::title_screen::0::100:6
_copy_keys_to_extern            = $4152 ; addr, local, , mk1_c, code_compiler, my/title_screen.h::title_screen::0::100:6
i_143                           = $418C ; addr, local, , mk1_c, code_compiler, mainloop/hud.h::draw_hud::0::104:6
_isr                            = $41AC ; addr, local, , mk1_c, code_compiler, mainloop.h::main::0::107:7
isr_done                        = $41DC ; addr, local, , mk1_c, code_compiler, mainloop.h::main::0::107:7
isr_c1                          = $41DA ; addr, local, , mk1_c, code_compiler, mainloop.h::main::0::107:7
_skip_player                    = $41D4 ; addr, local, , mk1_c, code_compiler, mainloop.h::main::0::107:7
isr_c2                          = $41DB ; addr, local, , mk1_c, code_compiler, mainloop.h::main::0::107:7
i_146                           = $4271 ; addr, local, , mk1_c, code_compiler, mainloop.h::main::0::107:7
i_144                           = $426C ; addr, local, , mk1_c, code_compiler, mainloop.h::main::0::107:7
i_145                           = $42B0 ; addr, local, , mk1_c, code_compiler, mainloop.h::main::0::107:7
i_149                           = $42BE ; addr, local, , mk1_c, code_compiler, mainloop.h::main::0::107:7
i_147                           = $42B7 ; addr, local, , mk1_c, code_compiler, mainloop.h::main::0::107:7
i_148                           = $42FE ; addr, local, , mk1_c, code_compiler, mainloop.h::main::0::107:7
_spr_on                         = $E648 ; const, local, , mk1_c, code_compiler, mk1.c::main::0::128:118
i_150                           = $42FF ; addr, local, , mk1_c, code_compiler, mainloop.h::main::1::110:178
_game_loop_init                 = $431C ; addr, local, , mk1_c, code_compiler, mainloop/game_loop.h::main::3::112:0
i_152                           = $435B ; addr, local, , mk1_c, code_compiler, mainloop/game_loop.h::main::3::112:54
i_153                           = $4521 ; addr, local, , mk1_c, code_compiler, mainloop/game_loop.h::main::4::126:340
_game_loop_do                   = $4363 ; addr, local, , mk1_c, code_compiler, mainloop/game_loop.h::main::3::112:54
i_154                           = $4384 ; addr, local, , mk1_c, code_compiler, mainloop/game_loop.h::main::5::114:108
i_155                           = $43B1 ; addr, local, , mk1_c, code_compiler, mainloop/game_loop.h::main::5::114:108
i_156                           = $43CC ; addr, local, , mk1_c, code_compiler, mainloop/game_loop.h::main::5::114:108
i_157                           = $43CC ; addr, local, , mk1_c, code_compiler, mainloop/game_loop.h::main::5::114:108
i_158                           = $43F1 ; addr, local, , mk1_c, code_compiler, mainloop/game_loop.h::main::6::118:239
i_159                           = $43EA ; addr, local, , mk1_c, code_compiler, mainloop/game_loop.h::main::6::118:239
i_160                           = $43F1 ; addr, local, , mk1_c, code_compiler, mainloop/game_loop.h::main::6::118:239
i_161                           = $442D ; addr, local, , mk1_c, code_compiler, mainloop/game_loop.h::main::6::118:239
i_162                           = $43FC ; addr, local, , mk1_c, code_compiler, mainloop/game_loop.h::main::6::118:239
i_163                           = $4407 ; addr, local, , mk1_c, code_compiler, mainloop/game_loop.h::main::6::118:239
i_164                           = $4411 ; addr, local, , mk1_c, code_compiler, mainloop/game_loop.h::main::6::118:239
i_165                           = $441D ; addr, local, , mk1_c, code_compiler, mainloop/game_loop.h::main::6::118:239
i_166                           = $441D ; addr, local, , mk1_c, code_compiler, mainloop/game_loop.h::main::6::118:239
i_167                           = $4428 ; addr, local, , mk1_c, code_compiler, mainloop/game_loop.h::main::6::118:239
i_168                           = $443F ; addr, local, , mk1_c, code_compiler, ./mainloop/flick_screen.h::main::4::120:0
i_170                           = $4460 ; addr, local, , mk1_c, code_compiler, ./mainloop/flick_screen.h::main::4::120:0
i_169                           = $4460 ; addr, local, , mk1_c, code_compiler, ./mainloop/flick_screen.h::main::4::120:0
i_171_i_170                     = $444E ; addr, local, , mk1_c, code_compiler, ./mainloop/flick_screen.h::main::4::120:0
i_173                           = $4488 ; addr, local, , mk1_c, code_compiler, ./mainloop/flick_screen.h::main::4::120:0
i_172                           = $4488 ; addr, local, , mk1_c, code_compiler, ./mainloop/flick_screen.h::main::4::120:0
i_174_i_173                     = $4475 ; addr, local, , mk1_c, code_compiler, ./mainloop/flick_screen.h::main::4::120:0
i_176                           = $44B9 ; addr, local, , mk1_c, code_compiler, ./mainloop/flick_screen.h::main::4::120:0
i_175                           = $44B9 ; addr, local, , mk1_c, code_compiler, ./mainloop/flick_screen.h::main::4::120:0
i_177_i_176                     = $44A3 ; addr, local, , mk1_c, code_compiler, ./mainloop/flick_screen.h::main::4::120:0
i_179                           = $4502 ; addr, local, , mk1_c, code_compiler, ./mainloop/flick_screen.h::main::4::120:0
i_178                           = $4502 ; addr, local, , mk1_c, code_compiler, mainloop/game_loop.h::main::4::125:303
i_180_i_179                     = $44D2 ; addr, local, , mk1_c, code_compiler, ./mainloop/flick_screen.h::main::4::120:0
i_181                           = $4502 ; addr, local, , mk1_c, code_compiler, ./mainloop/flick_screen.h::main::4::120:0
i_182                           = $4502 ; addr, local, , mk1_c, code_compiler, ./mainloop/flick_screen.h::main::4::120:0
i_184                           = $4512 ; addr, local, , mk1_c, code_compiler, mainloop/game_loop.h::main::4::125:303
i_183                           = $435B ; addr, local, , mk1_c, code_compiler, mainloop/game_loop.h::main::4::126:340
i_186                           = $4532 ; addr, local, , mk1_c, code_compiler, mainloop.h::main::3::126:239
i_187                           = $4535 ; addr, local, , mk1_c, code_compiler, mainloop.h::main::4::128:277
i_151                           = $4543 ; addr, local, , mk1_c, code_compiler, mainloop.h::main::2::128:284
soloCopia                       = $0593 ; addr, local, , cpc_ShowTileMap, , cpc_ShowTileMap.asm:37
contador_tiles                  = $05E5 ; addr, local, , cpc_ShowTileMap, , cpc_ShowTileMap.asm:109
contador_tiles2                 = $05E6 ; addr, local, , cpc_ShowTileMap, , cpc_ShowTileMap.asm:111
transferir_pantalla_a_superbuffer = $05A0 ; addr, local, , cpc_ShowTileMap, , cpc_ShowTileMap.asm:50
cpc_PutSp                       = $05FC ; addr, local, , cpc_ShowTileMap, , cpc_ShowTileMap.asm:142
bucle_dibujado_fondo            = $05A7 ; addr, local, , cpc_ShowTileMap, , cpc_ShowTileMap.asm:57
transferir_map_sbuffer          = $05E8 ; addr, local, , cpc_ShowTileMap, , cpc_ShowTileMap.asm:114
incremento2                     = $05D8 ; addr, local, , cpc_ShowTileMap, , cpc_ShowTileMap.asm:100
loop_alto_map_sbuffer           = $05EE ; addr, local, , cpc_ShowTileMap, , cpc_ShowTileMap.asm:120
loop_ancho_map_sbuffer          = $05EE ; addr, local, , cpc_ShowTileMap, , cpc_ShowTileMap.asm:121
loop_alto_2                     = $05FE ; addr, local, , cpc_ShowTileMap, , cpc_ShowTileMap.asm:147
sig_linea_2                     = $0615 ; addr, local, , cpc_ShowTileMap, , cpc_ShowTileMap.asm:184
PASARPORDETRAS                  = $0001 ; const, local, , cpc_UpdScr, , CPCconfig.def:8
_tiles_tocados_ptr              = $064A ; addr, local, , cpc_UpdScr, , cpc_UpdScr.asm:56
main_loop                       = $0635 ; addr, local, , cpc_UpdScr, , cpc_UpdScr.asm:38
process_touched_byte            = $064C ; addr, local, , cpc_UpdScr, , cpc_UpdScr.asm:59
bit0_skip                       = $065D ; addr, local, , cpc_UpdScr, , cpc_UpdScr.asm:71
ucopyTile                       = $06A7 ; addr, local, , cpc_UpdScr, , cpc_UpdScr.asm:134
bit1_skip                       = $0667 ; addr, local, , cpc_UpdScr, , cpc_UpdScr.asm:79
bit2_skip                       = $0671 ; addr, local, , cpc_UpdScr, , cpc_UpdScr.asm:87
bit3_skip                       = $067B ; addr, local, , cpc_UpdScr, , cpc_UpdScr.asm:95
bit4_skip                       = $0685 ; addr, local, , cpc_UpdScr, , cpc_UpdScr.asm:103
bit5_skip                       = $068F ; addr, local, , cpc_UpdScr, , cpc_UpdScr.asm:111
bit6_skip                       = $0699 ; addr, local, , cpc_UpdScr, , cpc_UpdScr.asm:119
bit7_skip                       = $06A3 ; addr, local, , cpc_UpdScr, , cpc_UpdScr.asm:127
skeep                           = $0700 ; addr, local, , cpc_UpdScr, , cpc_UpdScr.asm:242
transferir_map_sbuffer_grey     = $06C3 ; addr, local, , cpc_UpdScr, , cpc_UpdScr.asm:169
PASARPORDETRAS                  = $0001 ; const, local, , cpc_ShowTouchedTiles, , CPCconfig.def:8
bucle_cpc_ShowTouchedTiles      = $0710 ; addr, local, , cpc_ShowTouchedTiles, , cpc_ShowTouchedTiles.asm:46
process                         = $0721 ; addr, local, , cpc_ShowTouchedTiles, , cpc_ShowTouchedTiles.asm:65
skipall                         = $074D ; addr, local, , cpc_ShowTouchedTiles, , cpc_ShowTouchedTiles.asm:99
checkbit                        = $0759 ; addr, local, , cpc_ShowTouchedTiles, , cpc_ShowTouchedTiles.asm:113
noincd                          = $0755 ; addr, local, , cpc_ShowTouchedTiles, , cpc_ShowTouchedTiles.asm:107
checkbit_done                   = $0810 ; addr, local, , cpc_ShowTouchedTiles, , cpc_ShowTouchedTiles.asm:373
copyTile                        = $075C ; addr, local, , cpc_ShowTouchedTiles, , cpc_ShowTouchedTiles.asm:116
posicionar_superbuffer          = $075E ; addr, local, , cpc_ShowTouchedTiles, , cpc_ShowTouchedTiles.asm:122
posicionar_pantalla             = $0767 ; addr, local, , cpc_ShowTouchedTiles, , cpc_ShowTouchedTiles.asm:135
transf_bloque_sb_pantalla       = $0775 ; addr, local, , cpc_ShowTouchedTiles, , cpc_ShowTouchedTiles.asm:151
copycell                        = $07D2 ; addr, local, , cpc_ShowTouchedTiles, , cpc_ShowTouchedTiles.asm:275
copybgtile                      = $0786 ; addr, local, , cpc_ShowTouchedTiles, , cpc_ShowTouchedTiles.asm:168
copycell_done                   = $080E ; addr, local, , cpc_ShowTouchedTiles, , cpc_ShowTouchedTiles.asm:368
do_update                       = $082E ; addr, local, , cpc_PutSpTileMap4x8, , cpc_PutSpTileMap4x8.asm:49
origin_next_row                 = $084E ; addr, local, , cpc_PutSpTileMap4x8, , cpc_PutSpTileMap4x8.asm:79
fin                             = $0860 ; addr, local, , cpc_PutSpTileMap4x8, , cpc_PutSpTileMap4x8.asm:96
do_update                       = $087B ; addr, local, , cpc_PutSpTileMap16x16PxM1, , cpc_PutSpTileMap16x16PxM1.asm:50
origin_next_row                 = $08A2 ; addr, local, , cpc_PutSpTileMap16x16PxM1, , cpc_PutSpTileMap16x16PxM1.asm:86
origin_last_row                 = $08B5 ; addr, local, , cpc_PutSpTileMap16x16PxM1, , cpc_PutSpTileMap16x16PxM1.asm:106
fin                             = $08CC ; addr, local, , cpc_PutSpTileMap16x16PxM1, , cpc_PutSpTileMap16x16PxM1.asm:131
pulsado                         = $08E4 ; addr, local, , cpc_TestKey, , cpc_TestKey.asm:34
bucle_deteccion_tecla           = $090D ; addr, local, , cpc_AnyKeyPressed, , cpc_AnyKeyPressed.asm:13
tecla_pulsada                   = $0920 ; addr, local, , cpc_AnyKeyPressed, , cpc_AnyKeyPressed.asm:25
CHURRERA_CLIPPING               = $0001 ; const, local, , cpc_UpdTileTable, , CPCconfig.def:16
pasa_bloque_a_sbuffer           = $097A ; addr, local, , cpc_PutTrSp4x8TileMap2b, , cpc_PutTrSp4x8TileMap2b.asm:30
transferir_sprite               = $097A ; addr, local, , cpc_PutTrSp4x8TileMap2b, , cpc_PutTrSp4x8TileMap2b.asm:32
sp_buffer_mask                  = $0991 ; addr, local, , cpc_PutTrSp4x8TileMap2b, , cpc_PutTrSp4x8TileMap2b.asm:52
loop_alto_map_sbuffer           = $0997 ; addr, local, , cpc_PutTrSp4x8TileMap2b, , cpc_PutTrSp4x8TileMap2b.asm:58
pasa_bloque_a_sbuffer           = $09C4 ; addr, local, , cpc_PutTrSp16x16TileMap2bPxM1, , cpc_PutTrSp16x16TileMap2bPxM1.asm:33
transferir_sprite               = $09C4 ; addr, local, , cpc_PutTrSp16x16TileMap2bPxM1, , cpc_PutTrSp16x16TileMap2bPxM1.asm:35
sp_buffer_mask                  = $09DA ; addr, local, , cpc_PutTrSp16x16TileMap2bPxM1, , cpc_PutTrSp16x16TileMap2bPxM1.asm:55
loop_alto_map_sbuffer           = $09F0 ; addr, local, , cpc_PutTrSp16x16TileMap2bPxM1, , cpc_PutTrSp16x16TileMap2bPxM1.asm:72
loop_alto_map_sbuffer_shift1    = $0A1D ; addr, local, , cpc_PutTrSp16x16TileMap2bPxM1, , cpc_PutTrSp16x16TileMap2bPxM1.asm:125
loop_alto_map_sbuffer_shift2    = $0AA3 ; addr, local, , cpc_PutTrSp16x16TileMap2bPxM1, , cpc_PutTrSp16x16TileMap2bPxM1.asm:283
loop_alto_map_sbuffer_shift3    = $0B2D ; addr, local, , cpc_PutTrSp16x16TileMap2bPxM1, , cpc_PutTrSp16x16TileMap2bPxM1.asm:442
keymap0                         = $0BB3 ; addr, local, , cpc_KeysData, , cpc_KeysData.asm:16
tecla_0                         = $0BBD ; addr, local, , cpc_KeysData, , cpc_KeysData.asm:18
tabla_teclas0                   = $0BBF ; addr, local, , cpc_KeysData, , cpc_KeysData.asm:20
noinc                           = $0BE5 ; addr, local, , cpc_TblLookup, , cpc_TblLookup.asm:17
cpc_InvalidateRect_P            = $0BEF ; addr, local, , cpc_InvalidateRect, , cpc_InvalidateRect.asm:42
noinc1                          = $0C15 ; addr, local, , cpc_InvalidateRect, , cpc_InvalidateRect.asm:86
invcollp                        = $0C19 ; addr, local, , cpc_InvalidateRect, , cpc_InvalidateRect.asm:92
invfullchar                     = $0C2C ; addr, local, , cpc_InvalidateRect, , cpc_InvalidateRect.asm:109
noinc2                          = $0C28 ; addr, local, , cpc_InvalidateRect, , cpc_InvalidateRect.asm:103
invrowlp                        = $0C2E ; addr, local, , cpc_InvalidateRect, , cpc_InvalidateRect.asm:113
noinc3                          = $0C39 ; addr, local, , cpc_InvalidateRect, , cpc_InvalidateRect.asm:124
__CLIB_OPT_IMATH                = $0000 ; const, local, , l_divu_16_16x16, , ../config_private.inc:27
divide_zero                     = $46D2 ; addr, local, , l_small_divu_16_16x16, code_math, ../_DEVELOPMENT/math/integer/small/l_small_divu_16_16x16.asm:141
divisor_sixteen_bit             = $46A4 ; addr, local, , l_small_divu_16_16x16, code_math, ../_DEVELOPMENT/math/integer/small/l_small_divu_16_16x16.asm:50
loop_16_0                       = $46AA ; addr, local, , l_small_divu_16_16x16, code_math, ../_DEVELOPMENT/math/integer/small/l_small_divu_16_16x16.asm:60
loop_16_1                       = $46B2 ; addr, local, , l_small_divu_16_16x16, code_math, ../_DEVELOPMENT/math/integer/small/l_small_divu_16_16x16.asm:69
loop_8_0                        = $46C4 ; addr, local, , l_small_divu_16_16x16, code_math, ../_DEVELOPMENT/math/integer/small/l_small_divu_16_16x16.asm:118
loop_8_2                        = $46CB ; addr, local, , l_small_divu_16_16x16, code_math, ../_DEVELOPMENT/math/integer/small/l_small_divu_16_16x16.asm:127
loop_8_1                        = $46CD ; addr, local, , l_small_divu_16_16x16, code_math, ../_DEVELOPMENT/math/integer/small/l_small_divu_16_16x16.asm:132
l_sxt                           = $463B ; addr, local, , l_gchar, code_crt0_sccz80, sccz80/crt0_z80/l_gchar.asm:12
__CLIB_OPT_IMATH                = $0000 ; const, local, , l_mulu_16_16x16, , ../config_private.inc:27
eight_bit_1                     = $46E5 ; addr, local, , l_small_mul_16_16x16, code_math, ../_DEVELOPMENT/math/integer/small/l_small_mul_16_16x16.asm:40
eight_bit_0                     = $46E4 ; addr, local, , l_small_mul_16_16x16, code_math, ../_DEVELOPMENT/math/integer/small/l_small_mul_16_16x16.asm:36
rejoin                          = $46E8 ; addr, local, , l_small_mul_16_16x16, code_math, ../_DEVELOPMENT/math/integer/small/l_small_mul_16_16x16.asm:57
loop_0                          = $46EB ; addr, local, , l_small_mul_16_16x16, code_math, ../_DEVELOPMENT/math/integer/small/l_small_mul_16_16x16.asm:61
loop_1                          = $46F2 ; addr, local, , l_small_mul_16_16x16, code_math, ../_DEVELOPMENT/math/integer/small/l_small_mul_16_16x16.asm:75
TileMapConf                     = $0406 ; addr, public, , tilemap_conf_asm, , tilemap_conf.asm:75
_nametable                      = $0100 ; const, public, , tilemap_conf_asm, , tilemap_conf.asm:60
pantalla_juego                  = $0100 ; const, public, , tilemap_conf_asm, , tilemap_conf.asm:61
tiles_tocados                   = $CE00 ; const, public, , tilemap_conf_asm, , tilemap_conf.asm:58
posiciones_pantalla             = $0406 ; addr, public, , tilemap_conf_asm, , tilemap_conf.asm:77
posiciones_super_buffer         = $0436 ; addr, public, , tilemap_conf_asm, , tilemap_conf.asm:106
posicion_inicial_area_visible   = $C000 ; const, public, , tilemap_conf_asm, , tilemap_conf.asm:63
posicion_inicial_superbuffer    = $9000 ; const, public, , tilemap_conf_asm, , tilemap_conf.asm:64
ancho_pantalla_bytes            = $0040 ; const, public, , tilemap_conf_asm, , tilemap_conf.asm:69
alto_pantalla_bytes             = $00C0 ; const, public, , tilemap_conf_asm, , tilemap_conf.asm:70
ancho_pantalla_bytes_visible    = $0040 ; const, public, , tilemap_conf_asm, , tilemap_conf.asm:71
mascara1                        = $0000 ; const, public, , tilemap_conf_asm, , tilemap_conf.asm:53
mascara2                        = $0000 ; const, public, , tilemap_conf_asm, , tilemap_conf.asm:54
behindtilemasks                 = $0466 ; addr, public, , tilemap_conf_asm, , tilemap_conf.asm:139
viewport_x                      = $0001 ; const, public, , mk1_c, code_compiler, autodefs.h:8
viewport_y                      = $0002 ; const, public, , mk1_c, code_compiler, autodefs.h:8
tiles                           = $11F6 ; addr, public, , mk1_c, code_compiler, assets/tileset.h::show_buffer_and_tiles::0::3:5
_def_keys                       = $0566 ; addr, public, , mk1_c, , my/config.h:256
_behs                           = $0C57 ; addr, public, , mk1_c, data_compiler, my/config.h:380
_enems_load                     = $33E1 ; addr, public, , mk1_c, code_compiler, engine/enengine.h::enems_load::0::76:79
_enems_kill                     = $35B2 ; addr, public, , mk1_c, code_compiler, engine/enengine.h::enems_kill::0::83:235
_enems_move                     = $35C3 ; addr, public, , mk1_c, code_compiler, engine/enengine.h::enems_move::0::84:265
_collide                        = $2952 ; addr, public, , mk1_c, code_compiler, engine/general.h::collide::0::22:14
_cm_two_points                  = $2984 ; addr, public, , mk1_c, code_compiler, engine/general.h::cm_two_points::0::23:63
_rand                           = $29E1 ; addr, public, , mk1_c, code_compiler, engine/general.h::rand::0::24:138
_abs                            = $2A0A ; addr, public, , mk1_c, code_compiler, engine/general.h::abs::0::25:182
_hotspots_init                  = $37CA ; addr, public, , mk1_c, code_compiler, engine/hotspots.h::hotspots_init::0::91:7
_hotspots_do                    = $37D9 ; addr, public, , mk1_c, code_compiler, engine/hotspots.h::hotspots_do::0::92:30
_player_init                    = $2CFF ; addr, public, , mk1_c, code_compiler, engine/player.h::player_init::0::38:13
_player_calc_bounding_box       = $2D6B ; addr, public, , mk1_c, code_compiler, engine/player.h::player_calc_bounding_box::0::39:73
_player_move                    = $2DAC ; addr, public, , mk1_c, code_compiler, engine/player.h::player_move::0::40:247
_player_deplete                 = $3387 ; addr, public, , mk1_c, code_compiler, engine/player.h::player_deplete::0::74:1488
_player_kill                    = $33B2 ; addr, public, , mk1_c, code_compiler, engine/player.h::player_kill::0::75:1492
_draw_hud                       = $415E ; addr, public, , mk1_c, code_compiler, mainloop/hud.h::draw_hud::0::104:6
_unpack                         = $0F71 ; addr, public, , mk1_c, code_compiler, aplib.h::unpack::0::0:155
_game_ending                    = $2A21 ; addr, public, , mk1_c, code_compiler, my/fixed_screens.h::game_ending::0::26:4
_game_over                      = $2A49 ; addr, public, , mk1_c, code_compiler, my/fixed_screens.h::game_over::0::27:19
_pause_screen                   = $2A93 ; addr, public, , mk1_c, code_compiler, my/fixed_screens.h::pause_screen::0::28:40
_addsign                        = $2AD5 ; addr, public, , mk1_c, code_compiler, engine.h::addsign::0::29:20
_espera_activa                  = $2AEF ; addr, public, , mk1_c, code_compiler, engine.h::espera_activa::0::30:28
_process_tile                   = $2B10 ; addr, public, , mk1_c, code_compiler, engine.h::process_tile::0::32:85
_draw_scr_background            = $2B11 ; addr, public, , mk1_c, code_compiler, engine.h::draw_scr_background::0::33:352
_draw_scr                       = $2BAC ; addr, public, , mk1_c, code_compiler, engine.h::draw_scr::0::35:524
_mons_col_sc_x                  = $2C33 ; addr, public, , mk1_c, code_compiler, engine.h::mons_col_sc_x::0::36:768
_mons_col_sc_y                  = $2CA1 ; addr, public, , mk1_c, code_compiler, engine.h::mons_col_sc_y::0::37:849
_blackout                       = $11CA ; addr, public, , mk1_c, code_compiler, pantallas.h::blackout::0::1:32
_attr                           = $26DE ; addr, public, , mk1_c, code_compiler, printer.h::attr::0::3:6
_qtile                          = $270E ; addr, public, , mk1_c, code_compiler, printer.h::qtile::0::4:61
_draw_coloured_tile             = $2744 ; addr, public, , mk1_c, code_compiler, printer.h::draw_coloured_tile::0::6:167
_invalidate_tile                = $275F ; addr, public, , mk1_c, code_compiler, printer.h::invalidate_tile::0::7:450
_invalidate_viewport            = $2778 ; addr, public, , mk1_c, code_compiler, printer.h::invalidate_viewport::0::8:470
_draw_invalidate_coloured_tile_gamearea = $2784 ; addr, public, , mk1_c, code_compiler, printer.h::draw_invalidate_coloured_tile_gamearea::0::9:482
_draw_coloured_tile_gamearea    = $278B ; addr, public, , mk1_c, code_compiler, printer.h::draw_coloured_tile_gamearea::0::10:487
_draw_decorations               = $27A8 ; addr, public, , mk1_c, code_compiler, printer.h::draw_decorations::0::11:491
_update_tile                    = $27DB ; addr, public, , mk1_c, code_compiler, printer.h::update_tile::0::12:536
_print_number2                  = $280C ; addr, public, , mk1_c, code_compiler, printer.h::print_number2::0::13:578
_draw_objs                      = $2853 ; addr, public, , mk1_c, code_compiler, printer.h::draw_objs::0::14:600
_print_str                      = $2854 ; addr, public, , mk1_c, code_compiler, printer.h::print_str::0::15:663
_clear_sprites                  = $2883 ; addr, public, , mk1_c, code_compiler, printer.h::clear_sprites::0::16:717
_cpc_UpdateNow                  = $28DF ; addr, public, , mk1_c, code_compiler, engine/update.h::cpc_UpdateNow::0::19:9
_wyz_init                       = $3A41 ; addr, public, , mk1_c, code_compiler, wyz_player.h::wyz_init::0::96:9
_wyz_play_music                 = $3A4C ; addr, public, , mk1_c, code_compiler, wyz_player.h::wyz_play_music::0::97:18
_wyz_play_sound                 = $3A74 ; addr, public, , mk1_c, code_compiler, wyz_player.h::wyz_play_sound::0::98:30
_wyz_stop_sound                 = $3A7D ; addr, public, , mk1_c, code_compiler, wyz_player.h::wyz_stop_sound::0::99:41
_pad0                           = $457B ; addr, public, , mk1_c, bss_compiler, mk1.c::main::0::128:118
_enoffs                         = $457C ; addr, public, , mk1_c, bss_compiler, mk1.c::main::0::128:118
_asm_number                     = $457E ; addr, public, , mk1_c, bss_compiler, mk1.c::main::0::128:118
_asm_int                        = $457F ; addr, public, , mk1_c, bss_compiler, mk1.c::main::0::128:118
_asm_int_2                      = $4581 ; addr, public, , mk1_c, bss_compiler, mk1.c::main::0::128:118
_seed                           = $4583 ; addr, public, , mk1_c, bss_compiler, mk1.c::main::0::128:118
_half_life                      = $4585 ; addr, public, , mk1_c, bss_compiler, mk1.c::main::0::128:118
_p_x                            = $4586 ; addr, public, , mk1_c, bss_compiler, mk1.c::main::0::128:118
_p_y                            = $4588 ; addr, public, , mk1_c, bss_compiler, mk1.c::main::0::128:118
_p_vx                           = $458A ; addr, public, , mk1_c, bss_compiler, mk1.c::main::0::128:118
_p_vy                           = $458C ; addr, public, , mk1_c, bss_compiler, mk1.c::main::0::128:118
_p_saltando                     = $458E ; addr, public, , mk1_c, bss_compiler, mk1.c::main::0::128:118
_p_cont_salto                   = $458F ; addr, public, , mk1_c, bss_compiler, mk1.c::main::0::128:118
_p_frame                        = $4590 ; addr, public, , mk1_c, bss_compiler, mk1.c::main::0::128:118
_p_subframe                     = $4591 ; addr, public, , mk1_c, bss_compiler, mk1.c::main::0::128:118
_p_facing                       = $4592 ; addr, public, , mk1_c, bss_compiler, mk1.c::main::0::128:118
_p_estado                       = $4593 ; addr, public, , mk1_c, bss_compiler, mk1.c::main::0::128:118
_p_ct_estado                    = $4594 ; addr, public, , mk1_c, bss_compiler, mk1.c::main::0::128:118
_p_gotten                       = $4595 ; addr, public, , mk1_c, bss_compiler, mk1.c::main::0::128:118
_pregotten                      = $4596 ; addr, public, , mk1_c, bss_compiler, mk1.c::main::0::128:118
_p_life                         = $4597 ; addr, public, , mk1_c, bss_compiler, mk1.c::main::0::128:118
_p_objs                         = $4598 ; addr, public, , mk1_c, bss_compiler, mk1.c::main::0::128:118
_p_keys                         = $4599 ; addr, public, , mk1_c, bss_compiler, mk1.c::main::0::128:118
_p_fuel                         = $459A ; addr, public, , mk1_c, bss_compiler, mk1.c::main::0::128:118
_p_killed                       = $459B ; addr, public, , mk1_c, bss_compiler, mk1.c::main::0::128:118
_p_disparando                   = $459C ; addr, public, , mk1_c, bss_compiler, mk1.c::main::0::128:118
_p_facing_v                     = $459D ; addr, public, , mk1_c, bss_compiler, mk1.c::main::0::128:118
_p_facing_h                     = $459E ; addr, public, , mk1_c, bss_compiler, mk1.c::main::0::128:118
_p_ammo                         = $459F ; addr, public, , mk1_c, bss_compiler, mk1.c::main::0::128:118
_p_killme                       = $45A0 ; addr, public, , mk1_c, bss_compiler, mk1.c::main::0::128:118
_p_kill_amt                     = $45A1 ; addr, public, , mk1_c, bss_compiler, mk1.c::main::0::128:118
_p_tx                           = $45A2 ; addr, public, , mk1_c, bss_compiler, mk1.c::main::0::128:118
_p_ty                           = $45A3 ; addr, public, , mk1_c, bss_compiler, mk1.c::main::0::128:118
_ptgmx                          = $45A4 ; addr, public, , mk1_c, bss_compiler, mk1.c::main::0::128:118
_ptgmy                          = $45A6 ; addr, public, , mk1_c, bss_compiler, mk1.c::main::0::128:118
_spacer                         = $0C87 ; addr, public, , mk1_c, data_compiler, definitions.h:127
_enit                           = $45A8 ; addr, public, , mk1_c, bss_compiler, mk1.c::main::0::128:118
_enspit                         = $45A9 ; addr, public, , mk1_c, bss_compiler, mk1.c::main::0::128:118
__en_x                          = $45AA ; addr, public, , mk1_c, bss_compiler, mk1.c::main::0::128:118
__en_y                          = $45AB ; addr, public, , mk1_c, bss_compiler, mk1.c::main::0::128:118
__en_x1                         = $45AC ; addr, public, , mk1_c, bss_compiler, mk1.c::main::0::128:118
__en_y1                         = $45AD ; addr, public, , mk1_c, bss_compiler, mk1.c::main::0::128:118
__en_x2                         = $45AE ; addr, public, , mk1_c, bss_compiler, mk1.c::main::0::128:118
__en_y2                         = $45AF ; addr, public, , mk1_c, bss_compiler, mk1.c::main::0::128:118
__en_mx                         = $45B0 ; addr, public, , mk1_c, bss_compiler, mk1.c::main::0::128:118
__en_my                         = $45B1 ; addr, public, , mk1_c, bss_compiler, mk1.c::main::0::128:118
__en_t                          = $45B2 ; addr, public, , mk1_c, bss_compiler, mk1.c::main::0::128:118
__en_life                       = $45B3 ; addr, public, , mk1_c, bss_compiler, mk1.c::main::0::128:118
__baddies_pointer               = $45B4 ; addr, public, , mk1_c, bss_compiler, mk1.c::main::0::128:118
_hotspot_x                      = $45B6 ; addr, public, , mk1_c, bss_compiler, mk1.c::main::0::128:118
_hotspot_y                      = $45B7 ; addr, public, , mk1_c, bss_compiler, mk1.c::main::0::128:118
_hotspot_destroy                = $45B8 ; addr, public, , mk1_c, bss_compiler, mk1.c::main::0::128:118
_orig_tile                      = $45B9 ; addr, public, , mk1_c, bss_compiler, mk1.c::main::0::128:118
_flags                          = $45BA ; addr, public, , mk1_c, bss_compiler, mk1.c::main::0::128:118
_o_pant                         = $45DA ; addr, public, , mk1_c, bss_compiler, mk1.c::main::0::128:118
_n_pant                         = $45DB ; addr, public, , mk1_c, bss_compiler, mk1.c::main::0::128:118
_is_rendering                   = $45DC ; addr, public, , mk1_c, bss_compiler, mk1.c::main::0::128:118
_level                          = $45DD ; addr, public, , mk1_c, bss_compiler, mk1.c::main::0::128:118
_slevel                         = $45DE ; addr, public, , mk1_c, bss_compiler, mk1.c::main::0::128:118
_warp_to_level                  = $0C89 ; addr, public, , mk1_c, data_compiler, definitions.h:209
_maincounter                    = $45DF ; addr, public, , mk1_c, bss_compiler, mk1.c::main::0::128:118
_gpx                            = $45E0 ; addr, public, , mk1_c, bss_compiler, mk1.c::main::0::128:118
_gpox                           = $45E1 ; addr, public, , mk1_c, bss_compiler, mk1.c::main::0::128:118
_gpy                            = $45E2 ; addr, public, , mk1_c, bss_compiler, mk1.c::main::0::128:118
_gpd                            = $45E3 ; addr, public, , mk1_c, bss_compiler, mk1.c::main::0::128:118
_gpc                            = $45E4 ; addr, public, , mk1_c, bss_compiler, mk1.c::main::0::128:118
_gpt                            = $45E5 ; addr, public, , mk1_c, bss_compiler, mk1.c::main::0::128:118
_gpxx                           = $45E6 ; addr, public, , mk1_c, bss_compiler, mk1.c::main::0::128:118
_gpyy                           = $45E7 ; addr, public, , mk1_c, bss_compiler, mk1.c::main::0::128:118
_gpcx                           = $45E8 ; addr, public, , mk1_c, bss_compiler, mk1.c::main::0::128:118
_gpcy                           = $45E9 ; addr, public, , mk1_c, bss_compiler, mk1.c::main::0::128:118
_possee                         = $45EA ; addr, public, , mk1_c, bss_compiler, mk1.c::main::0::128:118
_hit_v                          = $45EB ; addr, public, , mk1_c, bss_compiler, mk1.c::main::0::128:118
_hit_h                          = $45EC ; addr, public, , mk1_c, bss_compiler, mk1.c::main::0::128:118
_hit                            = $45ED ; addr, public, , mk1_c, bss_compiler, mk1.c::main::0::128:118
_wall_h                         = $45EE ; addr, public, , mk1_c, bss_compiler, mk1.c::main::0::128:118
_wall_v                         = $45EF ; addr, public, , mk1_c, bss_compiler, mk1.c::main::0::128:118
_gpen_x                         = $45F0 ; addr, public, , mk1_c, bss_compiler, mk1.c::main::0::128:118
_gpen_y                         = $45F1 ; addr, public, , mk1_c, bss_compiler, mk1.c::main::0::128:118
_gpen_cx                        = $45F2 ; addr, public, , mk1_c, bss_compiler, mk1.c::main::0::128:118
_gpen_cy                        = $45F3 ; addr, public, , mk1_c, bss_compiler, mk1.c::main::0::128:118
_gpaux                          = $45F4 ; addr, public, , mk1_c, bss_compiler, mk1.c::main::0::128:118
_tocado                         = $45F5 ; addr, public, , mk1_c, bss_compiler, mk1.c::main::0::128:118
_active                         = $45F6 ; addr, public, , mk1_c, bss_compiler, mk1.c::main::0::128:118
_gpit                           = $45F7 ; addr, public, , mk1_c, bss_compiler, mk1.c::main::0::128:118
_gpjt                           = $45F8 ; addr, public, , mk1_c, bss_compiler, mk1.c::main::0::128:118
_enoffsmasi                     = $45F9 ; addr, public, , mk1_c, bss_compiler, mk1.c::main::0::128:118
_gpint                          = $45FB ; addr, public, , mk1_c, bss_compiler, mk1.c::main::0::128:118
_map_pointer                    = $45FD ; addr, public, , mk1_c, bss_compiler, mk1.c::main::0::128:118
_rdx                            = $45FF ; addr, public, , mk1_c, bss_compiler, mk1.c::main::0::128:118
_rdy                            = $4600 ; addr, public, , mk1_c, bss_compiler, mk1.c::main::0::128:118
_rda                            = $4601 ; addr, public, , mk1_c, bss_compiler, mk1.c::main::0::128:118
_rdb                            = $4602 ; addr, public, , mk1_c, bss_compiler, mk1.c::main::0::128:118
_rdc                            = $4603 ; addr, public, , mk1_c, bss_compiler, mk1.c::main::0::128:118
_rdd                            = $4604 ; addr, public, , mk1_c, bss_compiler, mk1.c::main::0::128:118
_rdn                            = $4605 ; addr, public, , mk1_c, bss_compiler, mk1.c::main::0::128:118
_rdt                            = $4606 ; addr, public, , mk1_c, bss_compiler, mk1.c::main::0::128:118
_itj                            = $4607 ; addr, public, , mk1_c, bss_compiler, mk1.c::main::0::128:118
_objs_old                       = $4609 ; addr, public, , mk1_c, bss_compiler, mk1.c::main::0::128:118
_keys_old                       = $460A ; addr, public, , mk1_c, bss_compiler, mk1.c::main::0::128:118
_life_old                       = $460B ; addr, public, , mk1_c, bss_compiler, mk1.c::main::0::128:118
_killed_old                     = $460C ; addr, public, , mk1_c, bss_compiler, mk1.c::main::0::128:118
_gen_pt                         = $460D ; addr, public, , mk1_c, bss_compiler, mk1.c::main::0::128:118
_playing                        = $460F ; addr, public, , mk1_c, bss_compiler, mk1.c::main::0::128:118
_success                        = $4610 ; addr, public, , mk1_c, bss_compiler, mk1.c::main::0::128:118
__x                             = $4611 ; addr, public, , mk1_c, bss_compiler, mk1.c::main::0::128:118
__y                             = $4612 ; addr, public, , mk1_c, bss_compiler, mk1.c::main::0::128:118
__n                             = $4613 ; addr, public, , mk1_c, bss_compiler, mk1.c::main::0::128:118
__t                             = $4614 ; addr, public, , mk1_c, bss_compiler, mk1.c::main::0::128:118
_cx1                            = $4615 ; addr, public, , mk1_c, bss_compiler, mk1.c::main::0::128:118
_cy1                            = $4616 ; addr, public, , mk1_c, bss_compiler, mk1.c::main::0::128:118
_cx2                            = $4617 ; addr, public, , mk1_c, bss_compiler, mk1.c::main::0::128:118
_cy2                            = $4618 ; addr, public, , mk1_c, bss_compiler, mk1.c::main::0::128:118
_at1                            = $4619 ; addr, public, , mk1_c, bss_compiler, mk1.c::main::0::128:118
_at2                            = $461A ; addr, public, , mk1_c, bss_compiler, mk1.c::main::0::128:118
_x0                             = $461B ; addr, public, , mk1_c, bss_compiler, mk1.c::main::0::128:118
_y0                             = $461C ; addr, public, , mk1_c, bss_compiler, mk1.c::main::0::128:118
_x1                             = $461D ; addr, public, , mk1_c, bss_compiler, mk1.c::main::0::128:118
_y1                             = $461E ; addr, public, , mk1_c, bss_compiler, mk1.c::main::0::128:118
_ptx1                           = $461F ; addr, public, , mk1_c, bss_compiler, mk1.c::main::0::128:118
_pty1                           = $4620 ; addr, public, , mk1_c, bss_compiler, mk1.c::main::0::128:118
_ptx2                           = $4621 ; addr, public, , mk1_c, bss_compiler, mk1.c::main::0::128:118
_pty2                           = $4622 ; addr, public, , mk1_c, bss_compiler, mk1.c::main::0::128:118
_pty2b                          = $4623 ; addr, public, , mk1_c, bss_compiler, mk1.c::main::0::128:118
__gp_gen                        = $4624 ; addr, public, , mk1_c, bss_compiler, mk1.c::main::0::128:118
_def_keys_joy                   = $0E97 ; addr, public, , mk1_c, code_compiler, definitions.h:327
_isr_player_on                  = $4626 ; addr, public, , mk1_c, bss_compiler, mk1.c::main::0::128:118
_t_seconds                      = $4627 ; addr, public, , mk1_c, bss_compiler, mk1.c::main::0::128:118
_is_joystick                    = $4629 ; addr, public, , mk1_c, bss_compiler, mk1.c::main::0::128:118
_ram_address                    = $462A ; addr, public, , mk1_c, bss_compiler, mk1.c::main::0::128:118
_ram_destination                = $462C ; addr, public, , mk1_c, bss_compiler, mk1.c::main::0::128:118
_s_title                        = $0F8C ; addr, public, , mk1_c, code_compiler, pantallas.h::unpack::0::1:13
_s_marco                        = $1079 ; addr, public, , mk1_c, code_compiler, pantallas.h::unpack::0::1:13
_s_ending                       = $10F3 ; addr, public, , mk1_c, code_compiler, pantallas.h::unpack::0::1:25
_show_buffer_and_tiles          = $11E9 ; addr, public, , mk1_c, code_compiler, pantallas.h::show_buffer_and_tiles::0::2:55
_my_inks                        = $4544 ; addr, public, , mk1_c, rodata_compiler, assets/pal.h::show_buffer_and_tiles::0::3:5
_mapa                           = $0C8A ; addr, public, , mk1_c, data_compiler, assets/mapa.h::show_buffer_and_tiles::0::3:5
_cerrojos                       = $462E ; addr, public, , mk1_c, bss_compiler, mk1.c::main::0::128:118
_tileset                        = $11F6 ; addr, public, , mk1_c, code_compiler, assets/tileset.h::show_buffer_and_tiles::0::3:5
_malotes                        = $0DB6 ; addr, public, , mk1_c, data_compiler, assets/enems.h::show_buffer_and_tiles::0::3:17
_hotspots                       = $0E22 ; addr, public, , mk1_c, data_compiler, assets/enems.h::show_buffer_and_tiles::0::3:56
_sprites                        = $21F6 ; addr, public, , mk1_c, code_compiler, assets/sprites.h::show_buffer_and_tiles::0::3:10
_sprite_18_a                    = $25F6 ; addr, public, , mk1_c, code_compiler, assets/extrasprites.h::show_buffer_and_tiles::0::3:29
_sm_cox                         = $0E2E ; addr, public, , mk1_c, data_compiler, assets/spriteset_mappings.h::show_buffer_and_tiles::0::3:9
_sm_coy                         = $0E3E ; addr, public, , mk1_c, data_compiler, assets/spriteset_mappings.h::show_buffer_and_tiles::0::3:14
_sm_invfunc                     = $0E4E ; addr, public, , mk1_c, data_compiler, assets/spriteset_mappings.h::show_buffer_and_tiles::0::3:19
_sm_updfunc                     = $0E6E ; addr, public, , mk1_c, data_compiler, assets/spriteset_mappings.h::show_buffer_and_tiles::0::3:26
_sm_sprptr                      = $2656 ; addr, public, , mk1_c, code_compiler, assets/spriteset_mappings.h::show_buffer_and_tiles::0::3:34
_trpixlutc                      = $2676 ; addr, public, , mk1_c, code_compiler, assets/trpixlut.h::show_buffer_and_tiles::0::3:6
__tile_address                  = $272C ; addr, public, , mk1_c, code_compiler, printer.h::_tile_address::0::5:134
_utaux                          = $0E8E ; addr, public, , mk1_c, data_compiler, printer.h::draw_decorations::0::12:535
_pal_set                        = $28B1 ; addr, public, , mk1_c, code_compiler, printer.h::pal_set::0::18:727
_wyz_songs                      = $3A3D ; addr, public, , mk1_c, code_compiler, my/wyz/songs.h::hotspots_do::0::96:6
_title_screen                   = $4102 ; addr, public, , mk1_c, code_compiler, my/title_screen.h::title_screen::0::100:6
_main                           = $418D ; addr, public, , mk1_c, code_compiler, mainloop.h::main::0::107:7
cpc_ShowTileMap                 = $057E ; addr, public, , cpc_ShowTileMap, , cpc_ShowTileMap.asm:20
cpc_ResetTouchedTiles           = $0619 ; addr, public, , cpc_ResetTouchedTiles, , cpc_ResetTouchedTiles.asm:18
cpc_UpdScr                      = $0627 ; addr, public, , cpc_UpdScr, , cpc_UpdScr.asm:29
cpc_ShowTouchedTiles            = $0704 ; addr, public, , cpc_ShowTouchedTiles, , cpc_ShowTouchedTiles.asm:36
cpc_PutSpTileMap4x8             = $0814 ; addr, public, , cpc_PutSpTileMap4x8, , cpc_PutSpTileMap4x8.asm:25
cpc_PutSpTileMap16x16PxM1       = $0861 ; addr, public, , cpc_PutSpTileMap16x16PxM1, , cpc_PutSpTileMap16x16PxM1.asm:26
cpc_TestKey                     = $08CD ; addr, public, , cpc_TestKey, , cpc_TestKey.asm:14
cpc_TestKeyboard                = $08E7 ; addr, public, , cpc_TestKeyboard, , cpc_TestKeyboard.asm:3
cpc_AnyKeyPressed               = $090B ; addr, public, , cpc_AnyKeyPressed, , cpc_AnyKeyPressed.asm:11
cpc_SetMode                     = $0925 ; addr, public, , cpc_SetMode, , cpc_SetMode.asm:8
cpc_SetColour                   = $092F ; addr, public, , cpc_SetColour, , cpc_SetColour.asm:8
cpc_UpdTileTable                = $0950 ; addr, public, , cpc_UpdTileTable, , cpc_UpdTileTable.asm:54
cpc_UpdTileTableClp             = $0942 ; addr, public, , cpc_UpdTileTable, , cpc_UpdTileTable.asm:32
cpc_PutTrSp4x8TileMap2b         = $096F ; addr, public, , cpc_PutTrSp4x8TileMap2b, , cpc_PutTrSp4x8TileMap2b.asm:19
cpc_PutTrSp16x16TileMap2bPxM1   = $09B4 ; addr, public, , cpc_PutTrSp16x16TileMap2bPxM1, , cpc_PutTrSp16x16TileMap2bPxM1.asm:19
cpc_KeysData                    = $0BB3 ; addr, public, , cpc_KeysData, , cpc_KeysData.asm:14
tabla_teclas                    = $0BBF ; addr, public, , cpc_KeysData, , cpc_KeysData.asm:40
keymap                          = $0BB3 ; addr, public, , cpc_KeysData, , cpc_KeysData.asm:41
cpc_Bit2Mask                    = $0BD8 ; addr, public, , cpc_Bit2Mask, , cpc_Bit2Mask.asm:5
cpc_TblLookup                   = $0BE0 ; addr, public, , cpc_TblLookup, , cpc_TblLookup.asm:11
cpc_InvalidateRect              = $0BE7 ; addr, public, , cpc_InvalidateRect, , cpc_InvalidateRect.asm:29
cpc_bitright2mask               = $0C47 ; addr, public, , cpc_bitright2mask, , cpc_bitright2mask.asm:4
cpc_bitleft2mask                = $0C4F ; addr, public, , cpc_bitleft2mask, , cpc_bitleft2mask.asm:4
l_div_u                         = $469B ; addr, public, , l_div_u, code_crt0_sccz80, sccz80/crt0_z80/l_div_u.asm:17
l_divu_16_16x16                 = $469C ; addr, public, , l_divu_16_16x16, code_math, ../_DEVELOPMENT/math/integer/l_divu_16_16x16.asm:22
l0_divu_16_16x16                = $46A0 ; addr, public, , l_divu_16_16x16, code_math, ../_DEVELOPMENT/math/integer/l_divu_16_16x16.asm:23
l_small_divu_16_16x16           = $469C ; addr, public, , l_small_divu_16_16x16, code_math, ../_DEVELOPMENT/math/integer/small/l_small_divu_16_16x16.asm:17
l0_small_divu_16_16x16          = $46A0 ; addr, public, , l_small_divu_16_16x16, code_math, ../_DEVELOPMENT/math/integer/small/l_small_divu_16_16x16.asm:42
l_small_divu_16_16x8            = $46BC ; addr, public, , l_small_divu_16_16x16, code_math, ../_DEVELOPMENT/math/integer/small/l_small_divu_16_16x16.asm:87
l0_small_divu_16_16x8           = $46C0 ; addr, public, , l_small_divu_16_16x16, code_math, ../_DEVELOPMENT/math/integer/small/l_small_divu_16_16x16.asm:112
error_divide_by_zero_mc         = $46F9 ; addr, public, , error_divide_by_zero_mc, code_error, ../_DEVELOPMENT/error/z80/error_divide_by_zero_mc.asm:12
error_edom_mc                   = $46F9 ; addr, public, , error_edom_mc, code_error, ../_DEVELOPMENT/error/z80/error_edom_mc.asm:57
errno_mc                        = $46FB ; addr, public, , errno_mc, code_error, ../_DEVELOPMENT/error/z80/errno_mc.asm:21
_errno                          = $470B ; addr, public, , _errno, bss_error, ../_DEVELOPMENT/error/z80/_errno.asm:7
error_mc                        = $4706 ; addr, public, , error_mc, code_error, ../_DEVELOPMENT/error/z80/error_mc.asm:11
l_eq                            = $4630 ; addr, public, , l_eq, code_crt0_sccz80, sccz80/crt0_z80/l_eq.asm:17
l_gchar                         = $463A ; addr, public, , l_gchar, code_crt0_sccz80, sccz80/crt0_z80/l_gchar.asm:11
l_gint                          = $4640 ; addr, public, , l_gint, code_crt0_sccz80, sccz80/crt0_z80/l_gint.asm:11
l_gintsp                        = $4645 ; addr, public, , l_gintsp, code_crt0_sccz80, sccz80/crt0_z80/l_gintsp.asm:7
l_gt                            = $464D ; addr, public, , l_gt, code_crt0_sccz80, sccz80/crt0_z80/l_gt.asm:15
l_compare_result                = $465D ; addr, public, , l_compare_result, code_crt0_sccz80, sccz80/crt0_z80/l_compare_result.asm:4
l_lneg                          = $4663 ; addr, public, , l_lneg, code_crt0_sccz80, sccz80/crt0_z80/l_lneg.asm:14
l_lt                            = $466C ; addr, public, , l_lt, code_crt0_sccz80, sccz80/crt0_z80/l_lt.asm:15
l_mult                          = $46D6 ; addr, public, , l_mul, code_crt0_sccz80, sccz80/crt0_z80/l_mul.asm:12
l_mulu_16_16x16                 = $46D6 ; addr, public, , l_mulu_16_16x16, code_math, ../_DEVELOPMENT/math/integer/l_mulu_16_16x16.asm:36
l_small_mul_16_16x16            = $46D6 ; addr, public, , l_small_mul_16_16x16, code_math, ../_DEVELOPMENT/math/integer/small/l_small_mul_16_16x16.asm:10
l_small_mul_16_16x8             = $46E5 ; addr, public, , l_small_mul_16_16x16, code_math, ../_DEVELOPMENT/math/integer/small/l_small_mul_16_16x16.asm:42
l_ne                            = $467C ; addr, public, , l_ne, code_crt0_sccz80, sccz80/crt0_z80/l_ne.asm:16
l_neg                           = $4687 ; addr, public, , l_neg, code_crt0_sccz80, sccz80/crt0_z80/l_neg.asm:13
l_pint                          = $468F ; addr, public, , l_pint, code_crt0_sccz80, sccz80/crt0_z80/l_pint.asm:11
l_pint_pop                      = $4695 ; addr, public, , l_pint_pop, code_crt0_sccz80, sccz80/crt0_z80/l_pint_pop.asm:12
__head                          = $0400 ; const, public, def, , ,
__tail                          = $470D ; const, public, def, , ,
__size                          = $430D ; const, public, def, , ,
__data_compiler_head            = $0C57 ; const, public, def, , ,
__data_compiler_tail            = $0E8F ; const, public, def, , ,
__data_compiler_size            = $0238 ; const, public, def, , ,
__code_compiler_head            = $0E8F ; const, public, def, , ,
__code_compiler_tail            = $4544 ; const, public, def, , ,
__code_compiler_size            = $36B5 ; const, public, def, , ,
__rodata_compiler_head          = $4544 ; const, public, def, , ,
__rodata_compiler_tail          = $457B ; const, public, def, , ,
__rodata_compiler_size          = $0037 ; const, public, def, , ,
__bss_compiler_head             = $457B ; const, public, def, , ,
__bss_compiler_tail             = $4630 ; const, public, def, , ,
__bss_compiler_size             = $00B5 ; const, public, def, , ,
__code_crt0_sccz80_head         = $4630 ; const, public, def, , ,
__code_crt0_sccz80_tail         = $469B ; const, public, def, , ,
__code_crt0_sccz80_size         = $006B ; const, public, def, , ,
__code_clib_head                = $469B ; const, public, def, , ,
__code_clib_tail                = $469B ; const, public, def, , ,
__code_clib_size                = $0000 ; const, public, def, , ,
__code_math_head                = $469B ; const, public, def, , ,
__code_math_tail                = $46F6 ; const, public, def, , ,
__code_math_size                = $005B ; const, public, def, , ,
__code_error_head               = $46F6 ; const, public, def, , ,
__code_error_tail               = $470B ; const, public, def, , ,
__code_error_size               = $0015 ; const, public, def, , ,
__bss_clib_head                 = $470B ; const, public, def, , ,
__bss_clib_tail                 = $470B ; const, public, def, , ,
__bss_clib_size                 = $0000 ; const, public, def, , ,
__bss_error_head                = $470B ; const, public, def, , ,
__bss_error_tail                = $470D ; const, public, def, , ,
__bss_error_size                = $0002 ; const, public, def, , ,
