DEFINED_CRT_ORG_CODE            = $0001 ; const, local, , cpc_crt0, , C:/Users/r4373259/AppData/Local/Temp/zcc00005F082B894/zcc_opt.def:3
CRT_ORG_CODE                    = $0400 ; const, local, , cpc_crt0, , C:/Users/r4373259/AppData/Local/Temp/zcc00005F082B894/zcc_opt.def:4
start                           = $0400 ; addr, local, , cpc_crt0, , crt.asm:7
T_WIDTH                         = $0020 ; const, local, , tilemap_conf_asm, , tilemap_conf.asm:66
T_HEIGHT                        = $0018 ; const, local, , tilemap_conf_asm, , tilemap_conf.asm:67
vpClipStruct                    = $0E1B ; addr, local, , mk1_c, code_compiler, definitions.h:4
fsClipStruct                    = $0E1F ; addr, local, , mk1_c, code_compiler, definitions.h:4
i_1                             = $44E0 ; addr, local, , mk1_c, rodata_compiler, mk1.c::main::0::128:118
HLshr6_A                        = $0E3B ; addr, local, , mk1_c, code_compiler, mtasmlib.h:6
Ashl16_HL                       = $0E46 ; addr, local, , mk1_c, code_compiler, mtasmlib.h:6
withSign                        = $0E52 ; addr, local, , mk1_c, code_compiler, mtasmlib.h:6
depack                          = $0E5A ; addr, local, , mk1_c, code_compiler, aplib.h:11
apbranch1                       = $0E5D ; addr, local, , mk1_c, code_compiler, aplib.h:11
aploop0                         = $0E5F ; addr, local, , mk1_c, code_compiler, aplib.h:11
ap_getbit                       = $0EE1 ; addr, local, , mk1_c, code_compiler, aplib.h:11
aploop                          = $0E62 ; addr, local, , mk1_c, code_compiler, aplib.h:11
apbranch2                       = $0EA0 ; addr, local, , mk1_c, code_compiler, aplib.h:11
apbranch3                       = $0E8C ; addr, local, , mk1_c, code_compiler, aplib.h:11
apget4bits                      = $0E75 ; addr, local, , mk1_c, code_compiler, aplib.h:11
apbranch4                       = $0E83 ; addr, local, , mk1_c, code_compiler, aplib.h:11
apwritebyte                     = $0E7F ; addr, local, , mk1_c, code_compiler, aplib.h:11
ap_finishup2                    = $0ECE ; addr, local, , mk1_c, code_compiler, aplib.h:11
ap_getgamma                     = $0EED ; addr, local, , mk1_c, code_compiler, aplib.h:11
ap_r0_gamma                     = $0ED5 ; addr, local, , mk1_c, code_compiler, aplib.h:11
apskip2                         = $0EBF ; addr, local, , mk1_c, code_compiler, aplib.h:11
apskip3                         = $0EC8 ; addr, local, , mk1_c, code_compiler, aplib.h:11
ap_finishup                     = $0ECB ; addr, local, , mk1_c, code_compiler, aplib.h:11
ap_getgammaloop                 = $0EF0 ; addr, local, , mk1_c, code_compiler, aplib.h:11
bo_l1                           = $115F ; addr, local, , mk1_c, code_compiler, pantallas.h::blackout::0::1:32
_font                           = $1182 ; addr, local, , mk1_c, code_compiler, assets/tileset.h::show_buffer_and_tiles::0::3:5
_tspatterns                     = $1582 ; addr, local, , mk1_c, code_compiler, assets/tileset.h::show_buffer_and_tiles::0::3:5
_attr_2                         = $2672 ; addr, local, , mk1_c, code_compiler, printer.h::attr::0::3:6
_attr_1                         = $267A ; addr, local, , mk1_c, code_compiler, printer.h::attr::0::3:6
_attr_1b                        = $2684 ; addr, local, , mk1_c, code_compiler, printer.h::attr::0::3:6
_map_attr                       = $C600 ; const, local, , mk1_c, code_compiler, mk1.c::main::0::128:118
_attr_end                       = $2697 ; addr, local, , mk1_c, code_compiler, printer.h::attr::0::3:6
qtile_do                        = $26A2 ; addr, local, , mk1_c, code_compiler, printer.h::qtile::0::4:61
_map_buff                       = $C696 ; const, local, , mk1_c, code_compiler, mk1.c::main::0::128:118
_draw_decorations_loop          = $2737 ; addr, local, , mk1_c, code_compiler, printer.h::draw_decorations::0::11:491
print_str_loop                  = $27EA ; addr, local, , mk1_c, code_compiler, printer.h::print_str::0::15:663
print_str_inv                   = $27FC ; addr, local, , mk1_c, code_compiler, printer.h::print_str::0::15:663
i_16                            = $281B ; addr, local, , mk1_c, code_compiler, printer.h::clear_sprites::0::16:717
i_14                            = $2816 ; addr, local, , mk1_c, code_compiler, printer.h::clear_sprites::0::16:717
i_15                            = $283C ; addr, local, , mk1_c, code_compiler, printer.h::clear_sprites::0::16:717
_sp_sw                          = $E600 ; const, local, , mk1_c, code_compiler, mk1.c::main::0::128:118
i_17                            = $2842 ; addr, local, , mk1_c, code_compiler, printer.h::pal_set::0::18:727
i_18                            = $286A ; addr, local, , mk1_c, code_compiler, printer.h::pal_set::0::18:727
i_19                            = $28A0 ; addr, local, , mk1_c, code_compiler, engine/update.h::cpc_UpdateNow::0::19:9
_cpc_screen_update_inv_loop     = $2877 ; addr, local, , mk1_c, code_compiler, engine/update.h::cpc_UpdateNow::0::19:9
_cpc_screen_update_inv_ret      = $2899 ; addr, local, , mk1_c, code_compiler, engine/update.h::cpc_UpdateNow::0::19:9
_cpc_screen_update_upd_buffer   = $28A0 ; addr, local, , mk1_c, code_compiler, engine/update.h::cpc_UpdateNow::0::19:9
i_20                            = $28D7 ; addr, local, , mk1_c, code_compiler, engine/update.h::cpc_UpdateNow::0::19:9
_cpc_screen_update_upd_loop     = $28AF ; addr, local, , mk1_c, code_compiler, engine/update.h::cpc_UpdateNow::0::19:9
_cpc_screen_update_upd_ret      = $28D2 ; addr, local, , mk1_c, code_compiler, engine/update.h::cpc_UpdateNow::0::19:9
_cpc_screen_update_done         = $28D7 ; addr, local, , mk1_c, code_compiler, engine/update.h::cpc_UpdateNow::0::19:9
_cm_two_points_at1_reset        = $291E ; addr, local, , mk1_c, code_compiler, engine/general.h::cm_two_points::0::23:63
_cm_two_points_at1_do           = $2921 ; addr, local, , mk1_c, code_compiler, engine/general.h::cm_two_points::0::23:63
_cm_two_points_at1_done         = $293B ; addr, local, , mk1_c, code_compiler, engine/general.h::cm_two_points::0::23:63
_cm_two_points_at2_reset        = $294C ; addr, local, , mk1_c, code_compiler, engine/general.h::cm_two_points::0::23:63
_cm_two_points_at2_do           = $294F ; addr, local, , mk1_c, code_compiler, engine/general.h::cm_two_points::0::23:63
_cm_two_points_at2_done         = $2969 ; addr, local, , mk1_c, code_compiler, engine/general.h::cm_two_points::0::23:63
rand16                          = $296D ; addr, local, , mk1_c, code_compiler, engine/general.h::rand::0::24:138
nextrand                        = $2989 ; addr, local, , mk1_c, code_compiler, engine/general.h::rand::0::24:138
i_21                            = $29A7 ; addr, local, , mk1_c, code_compiler, engine/general.h::abs::0::25:182
i_22                            = $29AC ; addr, local, , mk1_c, code_compiler, engine/general.h::abs::0::25:182
i_23                            = $2A72 ; addr, local, , mk1_c, code_compiler, engine.h::addsign::0::29:20
i_24                            = $2A7A ; addr, local, , mk1_c, code_compiler, engine.h::addsign::0::29:20
i_25                            = $2A7B ; addr, local, , mk1_c, code_compiler, engine.h::espera_activa::0::30:28
i_26                            = $2A83 ; addr, local, , mk1_c, code_compiler, engine.h::espera_activa::0::30:28
i_29                            = $2A83 ; addr, local, , mk1_c, code_compiler, engine.h::espera_activa::0::30:28
i_28                            = $2A9B ; addr, local, , mk1_c, code_compiler, engine.h::espera_activa::0::30:28
i_30                            = $2A91 ; addr, local, , mk1_c, code_compiler, engine.h::espera_activa::0::30:28
i_27                            = $2A91 ; addr, local, , mk1_c, code_compiler, engine.h::espera_activa::0::30:28
i_33                            = $2AD1 ; addr, local, , mk1_c, code_compiler, engine.h::draw_scr_background::0::33:352
i_31                            = $2ACA ; addr, local, , mk1_c, code_compiler, engine.h::draw_scr_background::0::33:352
i_32                            = $2B37 ; addr, local, , mk1_c, code_compiler, engine.h::draw_scr_background::3::35:474
_draw_scr_packed_existing       = $2AF8 ; addr, local, , mk1_c, code_compiler, engine.h::draw_scr_background::0::33:352
_draw_scr_packed_new            = $2AE3 ; addr, local, , mk1_c, code_compiler, engine.h::draw_scr_background::0::33:352
_draw_scr_packed_done           = $2AFD ; addr, local, , mk1_c, code_compiler, engine.h::draw_scr_background::0::33:352
_advance_worm_no_inc_y          = $2B31 ; addr, local, , mk1_c, code_compiler, engine.h::draw_scr_background::3::35:474
_hotspots_setup_done            = $2BB4 ; addr, local, , mk1_c, code_compiler, engine.h::draw_scr::1::36:669
_hotspots_setup_do              = $2B7A ; addr, local, , mk1_c, code_compiler, engine.h::draw_scr::1::36:553
_hotspots_setup_set             = $2BAC ; addr, local, , mk1_c, code_compiler, engine.h::draw_scr::1::36:553
_hotspots_setup_set_refill      = $2BAB ; addr, local, , mk1_c, code_compiler, engine.h::draw_scr::1::36:553
_mons_col_sc_x_lineal           = $2BBF ; addr, local, , mk1_c, code_compiler, engine.h::mons_col_sc_x::0::36:768
_mons_col_sc_x_compare          = $2BC5 ; addr, local, , mk1_c, code_compiler, engine.h::mons_col_sc_x::0::36:768
_mons_col_sc_x_horz_positive    = $2BD2 ; addr, local, , mk1_c, code_compiler, engine.h::mons_col_sc_x::0::36:768
_mons_col_sc_x_horz_negative_zero = $2BCF ; addr, local, , mk1_c, code_compiler, engine.h::mons_col_sc_x::0::36:768
_mons_col_sc_x_horz_set         = $2BD3 ; addr, local, , mk1_c, code_compiler, engine.h::mons_col_sc_x::0::36:768
i_34                            = $2C27 ; addr, local, , mk1_c, code_compiler, engine.h::mons_col_sc_x::0::36:768
i_35                            = $2C2A ; addr, local, , mk1_c, code_compiler, engine.h::mons_col_sc_x::0::36:768
_mons_col_sc_y_lineal           = $2C2D ; addr, local, , mk1_c, code_compiler, engine.h::mons_col_sc_y::0::37:849
_mons_col_sc_y_compare          = $2C33 ; addr, local, , mk1_c, code_compiler, engine.h::mons_col_sc_y::0::37:849
_mons_col_sc_y_vert_positive    = $2C40 ; addr, local, , mk1_c, code_compiler, engine.h::mons_col_sc_y::0::37:849
_mons_col_sc_y_vert_negative_zero = $2C3D ; addr, local, , mk1_c, code_compiler, engine.h::mons_col_sc_y::0::37:849
_mons_col_sc_y_vert_set         = $2C41 ; addr, local, , mk1_c, code_compiler, engine.h::mons_col_sc_y::0::37:849
i_36                            = $2C85 ; addr, local, , mk1_c, code_compiler, engine.h::mons_col_sc_y::0::37:849
i_37                            = $2C88 ; addr, local, , mk1_c, code_compiler, engine.h::mons_col_sc_y::0::37:849
i_39                            = $2D50 ; addr, local, , mk1_c, code_compiler, engine/player.h::player_move::0::40:247
i_40                            = $2D53 ; addr, local, , mk1_c, code_compiler, engine/player.h::player_move::0::40:247
i_38                            = $2DA9 ; addr, local, , mk1_c, code_compiler, engine/player.h::player_move::0::40:247
i_41                            = $2D87 ; addr, local, , mk1_c, code_compiler, engine/player.h::player_move::0::40:247
i_42                            = $2DA9 ; addr, local, , mk1_c, code_compiler, engine/player.h::player_move::0::40:247
i_43                            = $2DA9 ; addr, local, , mk1_c, code_compiler, engine/player.h::player_move::0::40:247
i_44                            = $2DA9 ; addr, local, , mk1_c, code_compiler, engine/player.h::player_move::0::40:247
i_45                            = $2DA9 ; addr, local, , mk1_c, code_compiler, engine/player.h::player_move::0::40:247
i_46                            = $2DD0 ; addr, local, , mk1_c, code_compiler, engine/player.h::player_move::3::46:340
i_47                            = $2DD0 ; addr, local, , mk1_c, code_compiler, engine/player.h::player_move::3::46:340
i_48                            = $2DF9 ; addr, local, , mk1_c, code_compiler, engine/player.h::player_move::3::47:346
i_49                            = $2DF9 ; addr, local, , mk1_c, code_compiler, engine/player.h::player_move::3::47:346
i_50                            = $2E0F ; addr, local, , mk1_c, code_compiler, engine/player.h::player_move::1::47:372
i_51                            = $2E22 ; addr, local, , mk1_c, code_compiler, engine/player.h::player_move::1::47:372
i_52                            = $2E91 ; addr, local, , mk1_c, code_compiler, engine/player.h::player_move::3::49:410
i_54                            = $2E6A ; addr, local, , mk1_c, code_compiler, engine/player.h::player_move::1::47:372
i_53                            = $2E91 ; addr, local, , mk1_c, code_compiler, engine/player.h::player_move::3::49:410
i_56                            = $2EE2 ; addr, local, , mk1_c, code_compiler, engine/player.h::player_move::3::51:487
i_58                            = $2EBB ; addr, local, , mk1_c, code_compiler, engine/player.h::player_move::3::49:410
i_57                            = $2EE2 ; addr, local, , mk1_c, code_compiler, engine/player.h::player_move::3::51:487
evil_tile_check_vert_done       = $2EFB ; addr, local, , mk1_c, code_compiler, engine/player.h::player_move::3::51:487
i_61                            = $2F2D ; addr, local, , mk1_c, code_compiler, engine/player.h::player_move::3::51:487
i_62                            = $2F30 ; addr, local, , mk1_c, code_compiler, engine/player.h::player_move::3::51:487
i_60                            = $2F66 ; addr, local, , mk1_c, code_compiler, engine/player.h::player_move::3::51:487
decelerate_right                = $2F55 ; addr, local, , mk1_c, code_compiler, engine/player.h::player_move::3::51:487
decelerate_left                 = $2F45 ; addr, local, , mk1_c, code_compiler, engine/player.h::player_move::3::51:487
h_acceleration_set              = $2F50 ; addr, local, , mk1_c, code_compiler, engine/player.h::player_move::3::51:487
h_acceleration_done             = $2FB0 ; addr, local, , mk1_c, code_compiler, engine/player.h::player_move::2::54:802
h_decelerate_done               = $2F66 ; addr, local, , mk1_c, code_compiler, engine/player.h::player_move::3::51:487
i_63                            = $2F8B ; addr, local, , mk1_c, code_compiler, engine/player.h::player_move::2::53:763
accelerate_left_done            = $2F8B ; addr, local, , mk1_c, code_compiler, engine/player.h::player_move::2::53:763
i_64                            = $2FB0 ; addr, local, , mk1_c, code_compiler, engine/player.h::player_move::2::54:802
accelerate_right_done           = $2FB0 ; addr, local, , mk1_c, code_compiler, engine/player.h::player_move::2::54:802
i_65                            = $2FC6 ; addr, local, , mk1_c, code_compiler, engine/player.h::player_move::1::54:846
i_66                            = $2FD9 ; addr, local, , mk1_c, code_compiler, engine/player.h::player_move::1::54:846
i_67                            = $3057 ; addr, local, , mk1_c, code_compiler, engine/player.h::player_move::3::56:886
i_69                            = $3020 ; addr, local, , mk1_c, code_compiler, engine/player.h::player_move::1::54:846
i_68                            = $3048 ; addr, local, , mk1_c, code_compiler, engine/player.h::player_move::3::56:886
i_71                            = $3057 ; addr, local, , mk1_c, code_compiler, engine/player.h::player_move::3::56:886
i_72                            = $30B7 ; addr, local, , mk1_c, code_compiler, engine/player.h::player_move::3::59:961
i_74                            = $3081 ; addr, local, , mk1_c, code_compiler, engine/player.h::player_move::3::56:886
i_73                            = $30A8 ; addr, local, , mk1_c, code_compiler, engine/player.h::player_move::3::59:961
i_76                            = $30B7 ; addr, local, , mk1_c, code_compiler, engine/player.h::player_move::3::59:961
genital_decide_facing           = $30B7 ; addr, local, , mk1_c, code_compiler, engine/player.h::player_move::3::59:961
genital_decide_facing_v         = $30C3 ; addr, local, , mk1_c, code_compiler, engine/player.h::player_move::3::59:961
genital_decide_facing_h         = $30BE ; addr, local, , mk1_c, code_compiler, engine/player.h::player_move::3::59:961
genital_decide_facing_done      = $30CD ; addr, local, , mk1_c, code_compiler, engine/player.h::player_move::3::59:961
i_77                            = $311D ; addr, local, , mk1_c, code_compiler, engine/player.h::player_move::1::62:1108
i_78                            = $311D ; addr, local, , mk1_c, code_compiler, ./my/ci/player_center_checks.h::player_move::1::60:0
i_79                            = $312E ; addr, local, , mk1_c, code_compiler, engine/player.h::player_move::2::63:1112
i_80                            = $3133 ; addr, local, , mk1_c, code_compiler, engine/player.h::player_move::2::63:1112
i_81                            = $3176 ; addr, local, , mk1_c, code_compiler, engine/player.h::player_move::2::63:1112
p_int_up_no                     = $3173 ; addr, local, , mk1_c, code_compiler, engine/player.h::player_move::2::63:1112
i_82                            = $3236 ; addr, local, , mk1_c, code_compiler, engine/player.h::player_move::2::63:1112
i_83                            = $31B9 ; addr, local, , mk1_c, code_compiler, engine/player.h::player_move::2::63:1112
p_int_down_no                   = $31B6 ; addr, local, , mk1_c, code_compiler, engine/player.h::player_move::2::63:1112
i_84                            = $3236 ; addr, local, , mk1_c, code_compiler, engine/player.h::player_move::2::63:1112
i_85                            = $31F9 ; addr, local, , mk1_c, code_compiler, engine/player.h::player_move::2::63:1112
p_int_left_no                   = $31F6 ; addr, local, , mk1_c, code_compiler, engine/player.h::player_move::2::63:1112
i_86                            = $3236 ; addr, local, , mk1_c, code_compiler, engine/player.h::player_move::2::63:1112
i_87                            = $3236 ; addr, local, , mk1_c, code_compiler, engine/player.h::player_move::2::63:1112
p_int_right_no                  = $3236 ; addr, local, , mk1_c, code_compiler, engine/player.h::player_move::2::63:1112
i_88                            = $325C ; addr, local, , mk1_c, code_compiler, engine/player.h::player_move::2::63:1112
i_89                            = $327B ; addr, local, , mk1_c, code_compiler, engine/player.h::player_move::2::63:1112
i_90                            = $327B ; addr, local, , mk1_c, code_compiler, engine/player.h::player_move::2::63:1112
i_91                            = $3290 ; addr, local, , mk1_c, code_compiler, engine/player.h::player_move::2::63:1112
i_92                            = $3290 ; addr, local, , mk1_c, code_compiler, engine/player.h::player_move::2::63:1112
i_94                            = $329F ; addr, local, , mk1_c, code_compiler, engine/player.h::player_move::2::63:1112
i_95                            = $32A2 ; addr, local, , mk1_c, code_compiler, engine/player.h::player_move::2::63:1112
i_93                            = $32C9 ; addr, local, , mk1_c, code_compiler, engine/player.h::player_move::2::63:1112
i_96                            = $32C9 ; addr, local, , mk1_c, code_compiler, engine/player.h::player_move::2::63:1112
_player_spr_setup               = $32E5 ; addr, local, , mk1_c, code_compiler, engine/player.h::player_move::2::63:1112
_player_spr_setup_done          = $3312 ; addr, local, , mk1_c, code_compiler, engine/player.h::player_move::2::63:1112
i_97                            = $3334 ; addr, local, , mk1_c, code_compiler, engine/player.h::player_deplete::0::74:1488
i_98                            = $3337 ; addr, local, , mk1_c, code_compiler, engine/player.h::player_deplete::0::74:1488
calc_baddies_pointer            = $335F ; addr, local, , mk1_c, code_compiler, engine/enengine.h::player_kill::0::76:6
i_101                           = $3387 ; addr, local, , mk1_c, code_compiler, engine/enengine.h::enems_load::0::76:79
i_99                            = $3380 ; addr, local, , mk1_c, code_compiler, engine/enengine.h::enems_load::0::76:79
i_100                           = $353D ; addr, local, , mk1_c, code_compiler, engine/enengine.h::enems_load::3::83:231
_en_an_frame                    = $D603 ; const, local, , mk1_c, code_compiler, mk1.c::main::0::128:118
_en_an_state                    = $D60C ; const, local, , mk1_c, code_compiler, mk1.c::main::0::128:118
_en_an_count                    = $D606 ; const, local, , mk1_c, code_compiler, mk1.c::main::0::128:118
_en_an_next_frame               = $D63C ; const, local, , mk1_c, code_compiler, mk1.c::main::0::128:118
i_102                           = $3446 ; addr, local, , mk1_c, code_compiler, engine/enengine.h::enems_load::5::80:202
i_105                           = $33F2 ; addr, local, , mk1_c, code_compiler, engine/enengine.h::enems_load::3::78:122
i_106                           = $340A ; addr, local, , mk1_c, code_compiler, engine/enengine.h::enems_load::3::78:122
i_107                           = $340A ; addr, local, , mk1_c, code_compiler, engine/enengine.h::enems_load::3::78:122
i_108                           = $340A ; addr, local, , mk1_c, code_compiler, engine/enengine.h::enems_load::3::78:122
i_109                           = $340A ; addr, local, , mk1_c, code_compiler, engine/enengine.h::enems_load::3::78:122
i_110                           = $3438 ; addr, local, , mk1_c, code_compiler, engine/enengine.h::enems_load::5::80:202
_en_an_base_frame               = $D600 ; const, local, , mk1_c, code_compiler, mk1.c::main::0::128:118
i_104                           = $3451 ; addr, local, , mk1_c, code_compiler, engine/enengine.h::enems_load::5::80:202
i_111                           = $3451 ; addr, local, , mk1_c, code_compiler, engine/enengine.h::enems_load::5::80:202
i_112                           = $3527 ; addr, local, , mk1_c, code_compiler, engine/enengine.h::enems_load::5::80:202
redefine_sp_sw                  = $346F ; addr, local, , mk1_c, code_compiler, engine/enengine.h::enems_load::5::80:202
i_113                           = $353A ; addr, local, , mk1_c, code_compiler, engine/enengine.h::enems_load::5::80:202
enems_kill_noflag               = $354A ; addr, local, , mk1_c, code_compiler, engine/enengine.h::enems_kill::0::83:235
i_116                           = $356B ; addr, local, , mk1_c, code_compiler, engine/enengine.h::enems_move::0::84:265
i_114                           = $3566 ; addr, local, , mk1_c, code_compiler, engine/enengine.h::enems_move::0::84:265
i_115                           = $3755 ; addr, local, , mk1_c, code_compiler, engine/enengine.h::enems_move::4::91:787
_en_dying                       = $35BB ; addr, local, , mk1_c, code_compiler, engine/enengine.h::enems_move::0::84:265
_en_dying_done                  = $35E6 ; addr, local, , mk1_c, code_compiler, engine/enengine.h::enems_move::0::84:265
_en_dying_dead                  = $35D1 ; addr, local, , mk1_c, code_compiler, engine/enengine.h::enems_move::0::84:265
i_119                           = $35EB ; addr, local, , mk1_c, code_compiler, engine/enengine.h::enems_move::3::86:416
i_120                           = $3603 ; addr, local, , mk1_c, code_compiler, engine/enengine.h::enems_move::3::86:416
i_121                           = $3603 ; addr, local, , mk1_c, code_compiler, engine/enengine.h::enems_move::3::86:416
i_122                           = $3603 ; addr, local, , mk1_c, code_compiler, engine/enengine.h::enems_move::3::86:416
i_123                           = $3603 ; addr, local, , mk1_c, code_compiler, engine/enengine.h::enems_move::3::86:416
i_118                           = $3659 ; addr, local, , mk1_c, code_compiler, engine/enengine.h::enems_move::4::87:444
_enems_lm_change_axis_x         = $3627 ; addr, local, , mk1_c, code_compiler, ./engine/enem_mods/enem_type_lineal.h::enems_move::4::87:0
_enems_lm_change_axis_x_done    = $362F ; addr, local, , mk1_c, code_compiler, ./engine/enem_mods/enem_type_lineal.h::enems_move::4::87:0
_enems_lm_change_axis_y         = $364E ; addr, local, , mk1_c, code_compiler, ./engine/enem_mods/enem_type_lineal.h::enems_move::4::87:0
_enems_lm_change_axis_y_done    = $3656 ; addr, local, , mk1_c, code_compiler, ./engine/enem_mods/enem_type_lineal.h::enems_move::4::87:0
enems_just_moved                = $3659 ; addr, local, , mk1_c, code_compiler, engine/enengine.h::enems_move::4::87:444
i_124                           = $36CD ; addr, local, , mk1_c, code_compiler, engine/enengine.h::enems_move::4::91:787
_enems_move_update_frame_done   = $369F ; addr, local, , mk1_c, code_compiler, engine/enengine.h::enems_move::4::87:444
i_126                           = $36CD ; addr, local, , mk1_c, code_compiler, engine/enengine.h::enems_move::5::89:545
i_125                           = $36CD ; addr, local, , mk1_c, code_compiler, engine/enengine.h::enems_move::7::91:602
i_127_i_126                     = $36C1 ; addr, local, , mk1_c, code_compiler, engine/enengine.h::enems_move::5::89:545
i_128                           = $36CD ; addr, local, , mk1_c, code_compiler, engine/enengine.h::enems_move::7::91:602
_enem_spr_setup                 = $36CD ; addr, local, , mk1_c, code_compiler, engine/enengine.h::enems_move::4::91:787
_en_an_sprid                    = $D609 ; const, local, , mk1_c, code_compiler, mk1.c::main::0::128:118
_set_current_frame              = $370D ; addr, local, , mk1_c, code_compiler, engine/enengine.h::enems_move::4::91:787
_enem_spr_setup_done            = $3722 ; addr, local, , mk1_c, code_compiler, engine/enengine.h::enems_move::4::91:787
init_hotspots_loop              = $3760 ; addr, local, , mk1_c, code_compiler, engine/hotspots.h::hotspots_init::0::91:7
i_129                           = $377C ; addr, local, , mk1_c, code_compiler, engine/hotspots.h::hotspots_do::0::92:30
i_130                           = $384A ; addr, local, , mk1_c, code_compiler, engine/hotspots.h::hotspots_do::3::95:117
i_133                           = $37AB ; addr, local, , mk1_c, code_compiler, engine/hotspots.h::hotspots_do::0::92:30
i_134                           = $37BE ; addr, local, , mk1_c, code_compiler, engine/hotspots.h::hotspots_do::0::92:30
i_135                           = $37CE ; addr, local, , mk1_c, code_compiler, engine/hotspots.h::hotspots_do::0::92:30
i_136                           = $37DC ; addr, local, , mk1_c, code_compiler, engine/hotspots.h::hotspots_do::0::92:30
i_132                           = $37F9 ; addr, local, , mk1_c, code_compiler, engine/hotspots.h::hotspots_do::3::95:117
i_137                           = $37F0 ; addr, local, , mk1_c, code_compiler, engine/hotspots.h::hotspots_do::0::92:30
i_138                           = $384A ; addr, local, , mk1_c, code_compiler, engine/hotspots.h::hotspots_do::3::95:117
EFECTO0                         = $384B ; addr, local, , mk1_c, code_compiler, my/wyz/efectos.h::hotspots_do::0::96:29
EFECTO1                         = $38A6 ; addr, local, , mk1_c, code_compiler, my/wyz/efectos.h::hotspots_do::0::96:29
EFECTO2                         = $38A7 ; addr, local, , mk1_c, code_compiler, my/wyz/efectos.h::hotspots_do::0::96:29
EFECTO3                         = $38A8 ; addr, local, , mk1_c, code_compiler, my/wyz/efectos.h::hotspots_do::0::96:29
EFECTO4                         = $38D9 ; addr, local, , mk1_c, code_compiler, my/wyz/efectos.h::hotspots_do::0::96:29
EFECTO5                         = $38DA ; addr, local, , mk1_c, code_compiler, my/wyz/efectos.h::hotspots_do::0::96:29
EFECTO6                         = $38F0 ; addr, local, , mk1_c, code_compiler, my/wyz/efectos.h::hotspots_do::0::96:29
EFECTO7                         = $38F1 ; addr, local, , mk1_c, code_compiler, my/wyz/efectos.h::hotspots_do::0::96:29
EFECTO8                         = $38F2 ; addr, local, , mk1_c, code_compiler, my/wyz/efectos.h::hotspots_do::0::96:29
EFECTO9                         = $38F3 ; addr, local, , mk1_c, code_compiler, my/wyz/efectos.h::hotspots_do::0::96:29
EFECTO10                        = $38F4 ; addr, local, , mk1_c, code_compiler, my/wyz/efectos.h::hotspots_do::0::96:29
EFECTO11                        = $38F5 ; addr, local, , mk1_c, code_compiler, my/wyz/efectos.h::hotspots_do::0::96:29
EFECTO12                        = $38F6 ; addr, local, , mk1_c, code_compiler, my/wyz/efectos.h::hotspots_do::0::96:29
EFECTO13                        = $391B ; addr, local, , mk1_c, code_compiler, my/wyz/efectos.h::hotspots_do::0::96:29
EFECTO14                        = $3940 ; addr, local, , mk1_c, code_compiler, my/wyz/efectos.h::hotspots_do::0::96:29
TABLA_PAUTAS                    = $395F ; addr, local, , mk1_c, code_compiler, my/wyz/instrumentos.h::hotspots_do::0::96:7
PAUTA_0                         = $3963 ; addr, local, , mk1_c, code_compiler, my/wyz/instrumentos.h::hotspots_do::0::96:7
TABLA_SONIDOS                   = $3961 ; addr, local, , mk1_c, code_compiler, my/wyz/instrumentos.h::hotspots_do::0::96:7
_00_title_mus_bin               = $396C ; addr, local, , mk1_c, code_compiler, my/wyz/songs.h::hotspots_do::0::96:6
_01_ingame_mus_bin              = $39BE ; addr, local, , mk1_c, code_compiler, my/wyz/songs.h::hotspots_do::0::96:6
WYZPLAYER_INIT                  = $3A11 ; addr, local, , mk1_c, code_compiler, wyz_player.h::wyz_stop_sound::0::100:51
CARGA_CANCION                   = $3B75 ; addr, local, , mk1_c, code_compiler, wyz_player.h::wyz_stop_sound::0::100:51
INICIA_EFECTO                   = $3A51 ; addr, local, , mk1_c, code_compiler, wyz_player.h::wyz_stop_sound::0::100:51
PLAYER_OFF                      = $3B52 ; addr, local, , mk1_c, code_compiler, wyz_player.h::wyz_stop_sound::0::100:51
CANAL_A                         = $3F8B ; addr, local, , mk1_c, code_compiler, wyz_player.h::wyz_stop_sound::0::100:51
CANAL_B                         = $3F8D ; addr, local, , mk1_c, code_compiler, wyz_player.h::wyz_stop_sound::0::100:51
CANAL_C                         = $3F8F ; addr, local, , mk1_c, code_compiler, wyz_player.h::wyz_stop_sound::0::100:51
CANAL_P                         = $3FB9 ; addr, local, , mk1_c, code_compiler, wyz_player.h::wyz_stop_sound::0::100:51
INICIO                          = $3A2A ; addr, local, , mk1_c, code_compiler, wyz_player.h::wyz_stop_sound::0::100:51
WYZ_PLAYER_ISR                  = $3A2A ; addr, local, , mk1_c, code_compiler, wyz_player.h::wyz_stop_sound::0::100:51
ROUT                            = $3B16 ; addr, local, , mk1_c, code_compiler, wyz_player.h::wyz_stop_sound::0::100:51
PSG_REG                         = $3FD0 ; addr, local, , mk1_c, code_compiler, wyz_player.h::wyz_stop_sound::0::100:51
PSG_REG_SEC                     = $3FE0 ; addr, local, , mk1_c, code_compiler, wyz_player.h::wyz_stop_sound::0::100:51
REPRODUCE_SONIDO                = $3A6C ; addr, local, , mk1_c, code_compiler, wyz_player.h::wyz_stop_sound::0::100:51
PLAY                            = $3CAE ; addr, local, , mk1_c, code_compiler, wyz_player.h::wyz_stop_sound::0::100:51
REPRODUCE_EFECTO                = $3A8B ; addr, local, , mk1_c, code_compiler, wyz_player.h::wyz_stop_sound::0::100:51
INICIA_SONIDO                   = $3A41 ; addr, local, , mk1_c, code_compiler, wyz_player.h::wyz_stop_sound::0::100:51
EXT_WORD                        = $3F5D ; addr, local, , mk1_c, code_compiler, wyz_player.h::wyz_stop_sound::0::100:51
PUNTERO_SONIDO                  = $3FCA ; addr, local, , mk1_c, code_compiler, wyz_player.h::wyz_stop_sound::0::100:51
INTERR                          = $3F81 ; addr, local, , mk1_c, code_compiler, wyz_player.h::wyz_stop_sound::0::100:51
TABLA_EFECTOS                   = $4070 ; addr, local, , mk1_c, code_compiler, wyz_player.h::wyz_stop_sound::0::100:51
PUNTERO_EFECTO                  = $3FA9 ; addr, local, , mk1_c, code_compiler, wyz_player.h::wyz_stop_sound::0::100:51
TABLA_DATOS_CANAL_SFX           = $3F66 ; addr, local, , mk1_c, code_compiler, wyz_player.h::wyz_stop_sound::0::100:51
EFECTO_REGS                     = $3FCC ; addr, local, , mk1_c, code_compiler, wyz_player.h::wyz_stop_sound::0::100:51
SONIDO_REGS                     = $3FCE ; addr, local, , mk1_c, code_compiler, wyz_player.h::wyz_stop_sound::0::100:51
REPRODUCE_SONIDO_O_EFECTO       = $3AAA ; addr, local, , mk1_c, code_compiler, wyz_player.h::wyz_stop_sound::0::100:51
REPRODUCE_SONIDO_LIMPIA_BIT     = $3A85 ; addr, local, , mk1_c, code_compiler, wyz_player.h::wyz_stop_sound::0::100:51
REPRODUCE_EFECTO_LIMPIA_BIT     = $3AA4 ; addr, local, , mk1_c, code_compiler, wyz_player.h::wyz_stop_sound::0::100:51
FIN_SONIDO                      = $3B06 ; addr, local, , mk1_c, code_compiler, wyz_player.h::wyz_stop_sound::0::100:51
NO_ENVOLVENTES_SONIDO           = $3AEC ; addr, local, , mk1_c, code_compiler, wyz_player.h::wyz_stop_sound::0::100:51
NO_RUIDO                        = $3AF9 ; addr, local, , mk1_c, code_compiler, wyz_player.h::wyz_stop_sound::0::100:51
SI_RUIDO                        = $3AFF ; addr, local, , mk1_c, code_compiler, wyz_player.h::wyz_stop_sound::0::100:51
ENVOLVENTE_BACK                 = $3FF1 ; addr, local, , mk1_c, code_compiler, wyz_player.h::wyz_stop_sound::0::100:51
FIN_NOPLAYER                    = $3B0F ; addr, local, , mk1_c, code_compiler, wyz_player.h::wyz_stop_sound::0::100:51
NO_BACKUP_ENVOLVENTE            = $3B20 ; addr, local, , mk1_c, code_compiler, wyz_player.h::wyz_stop_sound::0::100:51
LOUT                            = $3B23 ; addr, local, , mk1_c, code_compiler, wyz_player.h::wyz_stop_sound::0::100:51
WRITEPSGHL                      = $3B3B ; addr, local, , mk1_c, code_compiler, wyz_player.h::wyz_stop_sound::0::100:51
CLEAR_PSG_BUFFER                = $3B56 ; addr, local, , mk1_c, code_compiler, wyz_player.h::wyz_stop_sound::0::100:51
SONG                            = $3F82 ; addr, local, , mk1_c, code_compiler, wyz_player.h::wyz_stop_sound::0::100:51
DECODE_SONG                     = $3B7E ; addr, local, , mk1_c, code_compiler, wyz_player.h::wyz_stop_sound::0::100:51
TABLA_SONG                      = $406E ; addr, local, , mk1_c, code_compiler, wyz_player.h::wyz_stop_sound::0::100:51
TEMPO                           = $3F83 ; addr, local, , mk1_c, code_compiler, wyz_player.h::wyz_stop_sound::0::100:51
TTEMPO                          = $3F84 ; addr, local, , mk1_c, code_compiler, wyz_player.h::wyz_stop_sound::0::100:51
NPTJP0                          = $3B9A ; addr, local, , mk1_c, code_compiler, wyz_player.h::wyz_stop_sound::0::100:51
PUNTERO_P_DECA                  = $3F9D ; addr, local, , mk1_c, code_compiler, wyz_player.h::wyz_stop_sound::0::100:51
PUNTERO_L_DECA                  = $3FB1 ; addr, local, , mk1_c, code_compiler, wyz_player.h::wyz_stop_sound::0::100:51
BGICMODBC1                      = $3C2B ; addr, local, , mk1_c, code_compiler, wyz_player.h::wyz_stop_sound::0::100:51
PUNTERO_P_DECB                  = $3F9F ; addr, local, , mk1_c, code_compiler, wyz_player.h::wyz_stop_sound::0::100:51
PUNTERO_L_DECB                  = $3FB3 ; addr, local, , mk1_c, code_compiler, wyz_player.h::wyz_stop_sound::0::100:51
PUNTERO_P_DECC                  = $3FA1 ; addr, local, , mk1_c, code_compiler, wyz_player.h::wyz_stop_sound::0::100:51
PUNTERO_L_DECC                  = $3FB5 ; addr, local, , mk1_c, code_compiler, wyz_player.h::wyz_stop_sound::0::100:51
PUNTERO_P_DECP                  = $3FBB ; addr, local, , mk1_c, code_compiler, wyz_player.h::wyz_stop_sound::0::100:51
PUNTERO_L_DECP                  = $3FBF ; addr, local, , mk1_c, code_compiler, wyz_player.h::wyz_stop_sound::0::100:51
INIT_DECODER                    = $3BE6 ; addr, local, , mk1_c, code_compiler, wyz_player.h::wyz_stop_sound::0::100:51
PUNTERO_A                       = $3F85 ; addr, local, , mk1_c, code_compiler, wyz_player.h::wyz_stop_sound::0::100:51
DECODE_CANAL                    = $3C45 ; addr, local, , mk1_c, code_compiler, wyz_player.h::wyz_stop_sound::0::100:51
PUNTERO_DECA                    = $3FA3 ; addr, local, , mk1_c, code_compiler, wyz_player.h::wyz_stop_sound::0::100:51
PUNTERO_B                       = $3F87 ; addr, local, , mk1_c, code_compiler, wyz_player.h::wyz_stop_sound::0::100:51
PUNTERO_DECB                    = $3FA5 ; addr, local, , mk1_c, code_compiler, wyz_player.h::wyz_stop_sound::0::100:51
PUNTERO_C                       = $3F89 ; addr, local, , mk1_c, code_compiler, wyz_player.h::wyz_stop_sound::0::100:51
PUNTERO_DECC                    = $3FA7 ; addr, local, , mk1_c, code_compiler, wyz_player.h::wyz_stop_sound::0::100:51
PUNTERO_P                       = $3FB7 ; addr, local, , mk1_c, code_compiler, wyz_player.h::wyz_stop_sound::0::100:51
PUNTERO_DECP                    = $3FBD ; addr, local, , mk1_c, code_compiler, wyz_player.h::wyz_stop_sound::0::100:51
BGICMODBC2                      = $3C2D ; addr, local, , mk1_c, code_compiler, wyz_player.h::wyz_stop_sound::0::100:51
FIN_DEC_CANAL                   = $3C96 ; addr, local, , mk1_c, code_compiler, wyz_player.h::wyz_stop_sound::0::100:51
GETLEN                          = $3C9B ; addr, local, , mk1_c, code_compiler, wyz_player.h::wyz_stop_sound::0::100:51
NO_SILENCIO                     = $3C54 ; addr, local, , mk1_c, code_compiler, wyz_player.h::wyz_stop_sound::0::100:51
NO_MODIFICA                     = $3C8B ; addr, local, , mk1_c, code_compiler, wyz_player.h::wyz_stop_sound::0::100:51
NO_PUNTILLO                     = $3C5E ; addr, local, , mk1_c, code_compiler, wyz_player.h::wyz_stop_sound::0::100:51
NO_INSTRUMENTO                  = $3C71 ; addr, local, , mk1_c, code_compiler, wyz_player.h::wyz_stop_sound::0::100:51
NO_ENVOLVENTE                   = $3C7E ; addr, local, , mk1_c, code_compiler, wyz_player.h::wyz_stop_sound::0::100:51
DCBC0                           = $3CA8 ; addr, local, , mk1_c, code_compiler, wyz_player.h::wyz_stop_sound::0::100:51
PAUTAS                          = $3CF1 ; addr, local, , mk1_c, code_compiler, wyz_player.h::wyz_stop_sound::0::100:51
LOCALIZA_NOTA                   = $3D1B ; addr, local, , mk1_c, code_compiler, wyz_player.h::wyz_stop_sound::0::100:51
LOCALIZA_EFECTO                 = $3E16 ; addr, local, , mk1_c, code_compiler, wyz_player.h::wyz_stop_sound::0::100:51
PUNTERO_P_A                     = $3F91 ; addr, local, , mk1_c, code_compiler, wyz_player.h::wyz_stop_sound::0::100:51
PAUTA                           = $3E5D ; addr, local, , mk1_c, code_compiler, wyz_player.h::wyz_stop_sound::0::100:51
PUNTERO_P_B                     = $3F93 ; addr, local, , mk1_c, code_compiler, wyz_player.h::wyz_stop_sound::0::100:51
PUNTERO_P_C                     = $3F95 ; addr, local, , mk1_c, code_compiler, wyz_player.h::wyz_stop_sound::0::100:51
LNJP0                           = $3D92 ; addr, local, , mk1_c, code_compiler, wyz_player.h::wyz_stop_sound::0::100:51
COMANDOS                        = $3D28 ; addr, local, , mk1_c, code_compiler, wyz_player.h::wyz_stop_sound::0::100:51
COM_EFECTO                      = $3D6D ; addr, local, , mk1_c, code_compiler, wyz_player.h::wyz_stop_sound::0::100:51
NO_DEC_TEMPO                    = $3D3A ; addr, local, , mk1_c, code_compiler, wyz_player.h::wyz_stop_sound::0::100:51
NO_INC_TEMPO                    = $3D3F ; addr, local, , mk1_c, code_compiler, wyz_player.h::wyz_stop_sound::0::100:51
VOL_INST_A                      = $3FAC ; addr, local, , mk1_c, code_compiler, wyz_player.h::wyz_stop_sound::0::100:51
PUNTERO_P_A0                    = $3F97 ; addr, local, , mk1_c, code_compiler, wyz_player.h::wyz_stop_sound::0::100:51
COM_ENVOLVENTE                  = $3D7D ; addr, local, , mk1_c, code_compiler, wyz_player.h::wyz_stop_sound::0::100:51
ENVOLVENTE                      = $3FF0 ; addr, local, , mk1_c, code_compiler, wyz_player.h::wyz_stop_sound::0::100:51
NO_FIN_CANAL_A                  = $3DD5 ; addr, local, , mk1_c, code_compiler, wyz_player.h::wyz_stop_sound::0::100:51
FIN_CANAL_A                     = $3DBC ; addr, local, , mk1_c, code_compiler, wyz_player.h::wyz_stop_sound::0::100:51
FIN_NOTA_A                      = $3D9C ; addr, local, , mk1_c, code_compiler, wyz_player.h::wyz_stop_sound::0::100:51
FCA_CONT                        = $3DC7 ; addr, local, , mk1_c, code_compiler, wyz_player.h::wyz_stop_sound::0::100:51
FIN_RUTINA                      = $3E15 ; addr, local, , mk1_c, code_compiler, wyz_player.h::wyz_stop_sound::0::100:51
NO_SILENCIO_A                   = $3E03 ; addr, local, , mk1_c, code_compiler, wyz_player.h::wyz_stop_sound::0::100:51
SILENCIO_ENVOLVENTE             = $3DF0 ; addr, local, , mk1_c, code_compiler, wyz_player.h::wyz_stop_sound::0::100:51
REG_NOTA_A                      = $3FAB ; addr, local, , mk1_c, code_compiler, wyz_player.h::wyz_stop_sound::0::100:51
NOTA                            = $3EFD ; addr, local, , mk1_c, code_compiler, wyz_player.h::wyz_stop_sound::0::100:51
LEJP0                           = $3E2D ; addr, local, , mk1_c, code_compiler, wyz_player.h::wyz_stop_sound::0::100:51
NO_FIN_CANAL_P                  = $3E56 ; addr, local, , mk1_c, code_compiler, wyz_player.h::wyz_stop_sound::0::100:51
FIN_CANAL_P                     = $3E4E ; addr, local, , mk1_c, code_compiler, wyz_player.h::wyz_stop_sound::0::100:51
FIN_NOTA_P                      = $3E36 ; addr, local, , mk1_c, code_compiler, wyz_player.h::wyz_stop_sound::0::100:51
PCAJP4                          = $3E69 ; addr, local, , mk1_c, code_compiler, wyz_player.h::wyz_stop_sound::0::100:51
PCAJP0                          = $3E7D ; addr, local, , mk1_c, code_compiler, wyz_player.h::wyz_stop_sound::0::100:51
PCAJP1                          = $3E94 ; addr, local, , mk1_c, code_compiler, wyz_player.h::wyz_stop_sound::0::100:51
PCAJP2                          = $3EA9 ; addr, local, , mk1_c, code_compiler, wyz_player.h::wyz_stop_sound::0::100:51
PCAJP6                          = $3EDB ; addr, local, , mk1_c, code_compiler, wyz_player.h::wyz_stop_sound::0::100:51
ORNMJP1                         = $3EE7 ; addr, local, , mk1_c, code_compiler, wyz_player.h::wyz_stop_sound::0::100:51
ORNNEG                          = $3EC9 ; addr, local, , mk1_c, code_compiler, wyz_player.h::wyz_stop_sound::0::100:51
PCAJP3                          = $3ECB ; addr, local, , mk1_c, code_compiler, wyz_player.h::wyz_stop_sound::0::100:51
TABLA_NOTAS                     = $3F05 ; addr, local, , mk1_c, code_compiler, wyz_player.h::wyz_stop_sound::0::100:51
PCAJP5                          = $3EEF ; addr, local, , mk1_c, code_compiler, wyz_player.h::wyz_stop_sound::0::100:51
PCAJP7                          = $3EF9 ; addr, local, , mk1_c, code_compiler, wyz_player.h::wyz_stop_sound::0::100:51
EVOLVENTES                      = $3F12 ; addr, local, , mk1_c, code_compiler, wyz_player.h::wyz_stop_sound::0::100:51
DATOS_NOTAS                     = $3FF2 ; addr, local, , mk1_c, code_compiler, wyz_player.h::wyz_stop_sound::0::100:51
FRECUENCIA_OFF                  = $3F2C ; addr, local, , mk1_c, code_compiler, wyz_player.h::wyz_stop_sound::0::100:51
CONT_ENV                        = $3F35 ; addr, local, , mk1_c, code_compiler, wyz_player.h::wyz_stop_sound::0::100:51
CRTBC0                          = $3F3F ; addr, local, , mk1_c, code_compiler, wyz_player.h::wyz_stop_sound::0::100:51
SELECT_CANAL_A                  = $3F6C ; addr, local, , mk1_c, code_compiler, wyz_player.h::wyz_stop_sound::0::100:51
SELECT_CANAL_B                  = $3F73 ; addr, local, , mk1_c, code_compiler, wyz_player.h::wyz_stop_sound::0::100:51
SELECT_CANAL_C                  = $3F7A ; addr, local, , mk1_c, code_compiler, wyz_player.h::wyz_stop_sound::0::100:51
PUNTERO_P_B0                    = $3F99 ; addr, local, , mk1_c, code_compiler, wyz_player.h::wyz_stop_sound::0::100:51
PUNTERO_P_C0                    = $3F9B ; addr, local, , mk1_c, code_compiler, wyz_player.h::wyz_stop_sound::0::100:51
REG_NOTA_B                      = $3FAD ; addr, local, , mk1_c, code_compiler, wyz_player.h::wyz_stop_sound::0::100:51
VOL_INST_B                      = $3FAE ; addr, local, , mk1_c, code_compiler, wyz_player.h::wyz_stop_sound::0::100:51
REG_NOTA_C                      = $3FAF ; addr, local, , mk1_c, code_compiler, wyz_player.h::wyz_stop_sound::0::100:51
VOL_INST_C                      = $3FB0 ; addr, local, , mk1_c, code_compiler, wyz_player.h::wyz_stop_sound::0::100:51
SFX_L                           = $3FC1 ; addr, local, , mk1_c, code_compiler, wyz_player.h::wyz_stop_sound::0::100:51
SFX_H                           = $3FC3 ; addr, local, , mk1_c, code_compiler, wyz_player.h::wyz_stop_sound::0::100:51
SFX_V                           = $3FC5 ; addr, local, , mk1_c, code_compiler, wyz_player.h::wyz_stop_sound::0::100:51
SFX_MIX                         = $3FC7 ; addr, local, , mk1_c, code_compiler, wyz_player.h::wyz_stop_sound::0::100:51
N_SONIDO                        = $3FC9 ; addr, local, , mk1_c, code_compiler, wyz_player.h::wyz_stop_sound::0::100:51
i_139                           = $40AA ; addr, local, , mk1_c, code_compiler, my/title_screen.h::title_screen::0::100:6
i_141                           = $40C2 ; addr, local, , mk1_c, code_compiler, my/title_screen.h::title_screen::0::100:6
i_140                           = $40DB ; addr, local, , mk1_c, code_compiler, my/title_screen.h::title_screen::0::100:6
i_142                           = $40AA ; addr, local, , mk1_c, code_compiler, my/title_screen.h::title_screen::0::100:6
_copy_keys_to_extern            = $40DE ; addr, local, , mk1_c, code_compiler, my/title_screen.h::title_screen::0::100:6
i_143                           = $4118 ; addr, local, , mk1_c, code_compiler, mainloop/hud.h::draw_hud::0::104:6
_isr                            = $4138 ; addr, local, , mk1_c, code_compiler, mainloop.h::main::0::107:7
isr_done                        = $4168 ; addr, local, , mk1_c, code_compiler, mainloop.h::main::0::107:7
isr_c1                          = $4166 ; addr, local, , mk1_c, code_compiler, mainloop.h::main::0::107:7
_skip_player                    = $4160 ; addr, local, , mk1_c, code_compiler, mainloop.h::main::0::107:7
isr_c2                          = $4167 ; addr, local, , mk1_c, code_compiler, mainloop.h::main::0::107:7
i_146                           = $41FD ; addr, local, , mk1_c, code_compiler, mainloop.h::main::0::107:7
i_144                           = $41F8 ; addr, local, , mk1_c, code_compiler, mainloop.h::main::0::107:7
i_145                           = $423C ; addr, local, , mk1_c, code_compiler, mainloop.h::main::0::107:7
i_149                           = $424A ; addr, local, , mk1_c, code_compiler, mainloop.h::main::0::107:7
i_147                           = $4243 ; addr, local, , mk1_c, code_compiler, mainloop.h::main::0::107:7
i_148                           = $428A ; addr, local, , mk1_c, code_compiler, mainloop.h::main::0::107:7
_spr_on                         = $E648 ; const, local, , mk1_c, code_compiler, mk1.c::main::0::128:118
i_150                           = $428B ; addr, local, , mk1_c, code_compiler, mainloop.h::main::1::110:178
_game_loop_init                 = $42A8 ; addr, local, , mk1_c, code_compiler, mainloop/game_loop.h::main::3::112:0
i_152                           = $42E7 ; addr, local, , mk1_c, code_compiler, mainloop/game_loop.h::main::3::112:54
i_153                           = $44AD ; addr, local, , mk1_c, code_compiler, mainloop/game_loop.h::main::4::126:340
_game_loop_do                   = $42EF ; addr, local, , mk1_c, code_compiler, mainloop/game_loop.h::main::3::112:54
i_154                           = $4310 ; addr, local, , mk1_c, code_compiler, mainloop/game_loop.h::main::5::114:108
i_155                           = $433D ; addr, local, , mk1_c, code_compiler, mainloop/game_loop.h::main::5::114:108
i_156                           = $4358 ; addr, local, , mk1_c, code_compiler, mainloop/game_loop.h::main::5::114:108
i_157                           = $4358 ; addr, local, , mk1_c, code_compiler, mainloop/game_loop.h::main::5::114:108
i_158                           = $437D ; addr, local, , mk1_c, code_compiler, mainloop/game_loop.h::main::6::118:239
i_159                           = $4376 ; addr, local, , mk1_c, code_compiler, mainloop/game_loop.h::main::6::118:239
i_160                           = $437D ; addr, local, , mk1_c, code_compiler, mainloop/game_loop.h::main::6::118:239
i_161                           = $43B9 ; addr, local, , mk1_c, code_compiler, mainloop/game_loop.h::main::6::118:239
i_162                           = $4388 ; addr, local, , mk1_c, code_compiler, mainloop/game_loop.h::main::6::118:239
i_163                           = $4393 ; addr, local, , mk1_c, code_compiler, mainloop/game_loop.h::main::6::118:239
i_164                           = $439D ; addr, local, , mk1_c, code_compiler, mainloop/game_loop.h::main::6::118:239
i_165                           = $43A9 ; addr, local, , mk1_c, code_compiler, mainloop/game_loop.h::main::6::118:239
i_166                           = $43A9 ; addr, local, , mk1_c, code_compiler, mainloop/game_loop.h::main::6::118:239
i_167                           = $43B4 ; addr, local, , mk1_c, code_compiler, mainloop/game_loop.h::main::6::118:239
i_168                           = $43CB ; addr, local, , mk1_c, code_compiler, ./mainloop/flick_screen.h::main::4::120:0
i_170                           = $43EC ; addr, local, , mk1_c, code_compiler, ./mainloop/flick_screen.h::main::4::120:0
i_169                           = $43EC ; addr, local, , mk1_c, code_compiler, ./mainloop/flick_screen.h::main::4::120:0
i_171_i_170                     = $43DA ; addr, local, , mk1_c, code_compiler, ./mainloop/flick_screen.h::main::4::120:0
i_173                           = $4414 ; addr, local, , mk1_c, code_compiler, ./mainloop/flick_screen.h::main::4::120:0
i_172                           = $4414 ; addr, local, , mk1_c, code_compiler, ./mainloop/flick_screen.h::main::4::120:0
i_174_i_173                     = $4401 ; addr, local, , mk1_c, code_compiler, ./mainloop/flick_screen.h::main::4::120:0
i_176                           = $4445 ; addr, local, , mk1_c, code_compiler, ./mainloop/flick_screen.h::main::4::120:0
i_175                           = $4445 ; addr, local, , mk1_c, code_compiler, ./mainloop/flick_screen.h::main::4::120:0
i_177_i_176                     = $442F ; addr, local, , mk1_c, code_compiler, ./mainloop/flick_screen.h::main::4::120:0
i_179                           = $448E ; addr, local, , mk1_c, code_compiler, ./mainloop/flick_screen.h::main::4::120:0
i_178                           = $448E ; addr, local, , mk1_c, code_compiler, mainloop/game_loop.h::main::4::125:303
i_180_i_179                     = $445E ; addr, local, , mk1_c, code_compiler, ./mainloop/flick_screen.h::main::4::120:0
i_181                           = $448E ; addr, local, , mk1_c, code_compiler, ./mainloop/flick_screen.h::main::4::120:0
i_182                           = $448E ; addr, local, , mk1_c, code_compiler, ./mainloop/flick_screen.h::main::4::120:0
i_184                           = $449E ; addr, local, , mk1_c, code_compiler, mainloop/game_loop.h::main::4::125:303
i_183                           = $42E7 ; addr, local, , mk1_c, code_compiler, mainloop/game_loop.h::main::4::126:340
i_186                           = $44BE ; addr, local, , mk1_c, code_compiler, mainloop.h::main::3::126:239
i_187                           = $44C1 ; addr, local, , mk1_c, code_compiler, mainloop.h::main::4::128:277
i_151                           = $44CF ; addr, local, , mk1_c, code_compiler, mainloop.h::main::2::128:284
soloCopia                       = $0593 ; addr, local, , cpc_ShowTileMap, , cpc_ShowTileMap.asm:37
contador_tiles                  = $05E5 ; addr, local, , cpc_ShowTileMap, , cpc_ShowTileMap.asm:109
contador_tiles2                 = $05E6 ; addr, local, , cpc_ShowTileMap, , cpc_ShowTileMap.asm:111
transferir_pantalla_a_superbuffer = $05A0 ; addr, local, , cpc_ShowTileMap, , cpc_ShowTileMap.asm:50
cpc_PutSp                       = $05FC ; addr, local, , cpc_ShowTileMap, , cpc_ShowTileMap.asm:142
bucle_dibujado_fondo            = $05A7 ; addr, local, , cpc_ShowTileMap, , cpc_ShowTileMap.asm:57
transferir_map_sbuffer          = $05E8 ; addr, local, , cpc_ShowTileMap, , cpc_ShowTileMap.asm:114
incremento2                     = $05D8 ; addr, local, , cpc_ShowTileMap, , cpc_ShowTileMap.asm:100
loop_alto_map_sbuffer           = $05EE ; addr, local, , cpc_ShowTileMap, , cpc_ShowTileMap.asm:120
loop_ancho_map_sbuffer          = $05EE ; addr, local, , cpc_ShowTileMap, , cpc_ShowTileMap.asm:121
loop_alto_2                     = $05FE ; addr, local, , cpc_ShowTileMap, , cpc_ShowTileMap.asm:147
sig_linea_2                     = $0615 ; addr, local, , cpc_ShowTileMap, , cpc_ShowTileMap.asm:184
_tiles_tocados_ptr              = $064A ; addr, local, , cpc_UpdScr, , cpc_UpdScr.asm:56
main_loop                       = $0635 ; addr, local, , cpc_UpdScr, , cpc_UpdScr.asm:38
process_touched_byte            = $064C ; addr, local, , cpc_UpdScr, , cpc_UpdScr.asm:59
bit0_skip                       = $065D ; addr, local, , cpc_UpdScr, , cpc_UpdScr.asm:71
ucopyTile                       = $06A7 ; addr, local, , cpc_UpdScr, , cpc_UpdScr.asm:134
bit1_skip                       = $0667 ; addr, local, , cpc_UpdScr, , cpc_UpdScr.asm:79
bit2_skip                       = $0671 ; addr, local, , cpc_UpdScr, , cpc_UpdScr.asm:87
bit3_skip                       = $067B ; addr, local, , cpc_UpdScr, , cpc_UpdScr.asm:95
bit4_skip                       = $0685 ; addr, local, , cpc_UpdScr, , cpc_UpdScr.asm:103
bit5_skip                       = $068F ; addr, local, , cpc_UpdScr, , cpc_UpdScr.asm:111
bit6_skip                       = $0699 ; addr, local, , cpc_UpdScr, , cpc_UpdScr.asm:119
bit7_skip                       = $06A3 ; addr, local, , cpc_UpdScr, , cpc_UpdScr.asm:127
transferir_map_sbuffer_grey     = $06B5 ; addr, local, , cpc_UpdScr, , cpc_UpdScr.asm:169
skeep                           = $06F2 ; addr, local, , cpc_UpdScr, , cpc_UpdScr.asm:242
bucle_cpc_ShowTouchedTiles      = $06FE ; addr, local, , cpc_ShowTouchedTiles, , cpc_ShowTouchedTiles.asm:46
process                         = $0708 ; addr, local, , cpc_ShowTouchedTiles, , cpc_ShowTouchedTiles.asm:65
skipall                         = $0734 ; addr, local, , cpc_ShowTouchedTiles, , cpc_ShowTouchedTiles.asm:99
checkbit                        = $0740 ; addr, local, , cpc_ShowTouchedTiles, , cpc_ShowTouchedTiles.asm:113
noincd                          = $073C ; addr, local, , cpc_ShowTouchedTiles, , cpc_ShowTouchedTiles.asm:107
checkbit_done                   = $079C ; addr, local, , cpc_ShowTouchedTiles, , cpc_ShowTouchedTiles.asm:373
copyTile                        = $0743 ; addr, local, , cpc_ShowTouchedTiles, , cpc_ShowTouchedTiles.asm:116
posicionar_superbuffer          = $0745 ; addr, local, , cpc_ShowTouchedTiles, , cpc_ShowTouchedTiles.asm:122
posicionar_pantalla             = $074E ; addr, local, , cpc_ShowTouchedTiles, , cpc_ShowTouchedTiles.asm:135
transf_bloque_sb_pantalla       = $075C ; addr, local, , cpc_ShowTouchedTiles, , cpc_ShowTouchedTiles.asm:151
copycell_done                   = $079A ; addr, local, , cpc_ShowTouchedTiles, , cpc_ShowTouchedTiles.asm:368
do_update                       = $07BA ; addr, local, , cpc_PutSpTileMap4x8, , cpc_PutSpTileMap4x8.asm:49
origin_next_row                 = $07DA ; addr, local, , cpc_PutSpTileMap4x8, , cpc_PutSpTileMap4x8.asm:79
fin                             = $07EC ; addr, local, , cpc_PutSpTileMap4x8, , cpc_PutSpTileMap4x8.asm:96
do_update                       = $0807 ; addr, local, , cpc_PutSpTileMap16x16PxM1, , cpc_PutSpTileMap16x16PxM1.asm:50
origin_next_row                 = $082E ; addr, local, , cpc_PutSpTileMap16x16PxM1, , cpc_PutSpTileMap16x16PxM1.asm:86
origin_last_row                 = $0841 ; addr, local, , cpc_PutSpTileMap16x16PxM1, , cpc_PutSpTileMap16x16PxM1.asm:106
fin                             = $0858 ; addr, local, , cpc_PutSpTileMap16x16PxM1, , cpc_PutSpTileMap16x16PxM1.asm:131
pulsado                         = $0870 ; addr, local, , cpc_TestKey, , cpc_TestKey.asm:34
bucle_deteccion_tecla           = $0899 ; addr, local, , cpc_AnyKeyPressed, , cpc_AnyKeyPressed.asm:13
tecla_pulsada                   = $08AC ; addr, local, , cpc_AnyKeyPressed, , cpc_AnyKeyPressed.asm:25
CHURRERA_CLIPPING               = $0001 ; const, local, , cpc_UpdTileTable, , CPCconfig.def:16
pasa_bloque_a_sbuffer           = $0906 ; addr, local, , cpc_PutTrSp4x8TileMap2b, , cpc_PutTrSp4x8TileMap2b.asm:30
transferir_sprite               = $0906 ; addr, local, , cpc_PutTrSp4x8TileMap2b, , cpc_PutTrSp4x8TileMap2b.asm:32
sp_buffer_mask                  = $091D ; addr, local, , cpc_PutTrSp4x8TileMap2b, , cpc_PutTrSp4x8TileMap2b.asm:52
loop_alto_map_sbuffer           = $0923 ; addr, local, , cpc_PutTrSp4x8TileMap2b, , cpc_PutTrSp4x8TileMap2b.asm:58
pasa_bloque_a_sbuffer           = $0950 ; addr, local, , cpc_PutTrSp16x16TileMap2bPxM1, , cpc_PutTrSp16x16TileMap2bPxM1.asm:33
transferir_sprite               = $0950 ; addr, local, , cpc_PutTrSp16x16TileMap2bPxM1, , cpc_PutTrSp16x16TileMap2bPxM1.asm:35
sp_buffer_mask                  = $0966 ; addr, local, , cpc_PutTrSp16x16TileMap2bPxM1, , cpc_PutTrSp16x16TileMap2bPxM1.asm:55
loop_alto_map_sbuffer           = $097C ; addr, local, , cpc_PutTrSp16x16TileMap2bPxM1, , cpc_PutTrSp16x16TileMap2bPxM1.asm:72
loop_alto_map_sbuffer_shift1    = $09A9 ; addr, local, , cpc_PutTrSp16x16TileMap2bPxM1, , cpc_PutTrSp16x16TileMap2bPxM1.asm:125
loop_alto_map_sbuffer_shift2    = $0A2F ; addr, local, , cpc_PutTrSp16x16TileMap2bPxM1, , cpc_PutTrSp16x16TileMap2bPxM1.asm:283
loop_alto_map_sbuffer_shift3    = $0AB9 ; addr, local, , cpc_PutTrSp16x16TileMap2bPxM1, , cpc_PutTrSp16x16TileMap2bPxM1.asm:442
keymap0                         = $0B3F ; addr, local, , cpc_KeysData, , cpc_KeysData.asm:16
tecla_0                         = $0B49 ; addr, local, , cpc_KeysData, , cpc_KeysData.asm:18
tabla_teclas0                   = $0B4B ; addr, local, , cpc_KeysData, , cpc_KeysData.asm:20
noinc                           = $0B71 ; addr, local, , cpc_TblLookup, , cpc_TblLookup.asm:17
cpc_InvalidateRect_P            = $0B7B ; addr, local, , cpc_InvalidateRect, , cpc_InvalidateRect.asm:42
noinc1                          = $0BA1 ; addr, local, , cpc_InvalidateRect, , cpc_InvalidateRect.asm:86
invcollp                        = $0BA5 ; addr, local, , cpc_InvalidateRect, , cpc_InvalidateRect.asm:92
invfullchar                     = $0BB8 ; addr, local, , cpc_InvalidateRect, , cpc_InvalidateRect.asm:109
noinc2                          = $0BB4 ; addr, local, , cpc_InvalidateRect, , cpc_InvalidateRect.asm:103
invrowlp                        = $0BBA ; addr, local, , cpc_InvalidateRect, , cpc_InvalidateRect.asm:113
noinc3                          = $0BC5 ; addr, local, , cpc_InvalidateRect, , cpc_InvalidateRect.asm:124
__CLIB_OPT_IMATH                = $0000 ; const, local, , l_divu_16_16x16, , ../config_private.inc:27
divide_zero                     = $465E ; addr, local, , l_small_divu_16_16x16, code_math, ../_DEVELOPMENT/math/integer/small/l_small_divu_16_16x16.asm:141
divisor_sixteen_bit             = $4630 ; addr, local, , l_small_divu_16_16x16, code_math, ../_DEVELOPMENT/math/integer/small/l_small_divu_16_16x16.asm:50
loop_16_0                       = $4636 ; addr, local, , l_small_divu_16_16x16, code_math, ../_DEVELOPMENT/math/integer/small/l_small_divu_16_16x16.asm:60
loop_16_1                       = $463E ; addr, local, , l_small_divu_16_16x16, code_math, ../_DEVELOPMENT/math/integer/small/l_small_divu_16_16x16.asm:69
loop_8_0                        = $4650 ; addr, local, , l_small_divu_16_16x16, code_math, ../_DEVELOPMENT/math/integer/small/l_small_divu_16_16x16.asm:118
loop_8_2                        = $4657 ; addr, local, , l_small_divu_16_16x16, code_math, ../_DEVELOPMENT/math/integer/small/l_small_divu_16_16x16.asm:127
loop_8_1                        = $4659 ; addr, local, , l_small_divu_16_16x16, code_math, ../_DEVELOPMENT/math/integer/small/l_small_divu_16_16x16.asm:132
l_sxt                           = $45C7 ; addr, local, , l_gchar, code_crt0_sccz80, sccz80/crt0_z80/l_gchar.asm:12
__CLIB_OPT_IMATH                = $0000 ; const, local, , l_mulu_16_16x16, , ../config_private.inc:27
eight_bit_1                     = $4671 ; addr, local, , l_small_mul_16_16x16, code_math, ../_DEVELOPMENT/math/integer/small/l_small_mul_16_16x16.asm:40
eight_bit_0                     = $4670 ; addr, local, , l_small_mul_16_16x16, code_math, ../_DEVELOPMENT/math/integer/small/l_small_mul_16_16x16.asm:36
rejoin                          = $4674 ; addr, local, , l_small_mul_16_16x16, code_math, ../_DEVELOPMENT/math/integer/small/l_small_mul_16_16x16.asm:57
loop_0                          = $4677 ; addr, local, , l_small_mul_16_16x16, code_math, ../_DEVELOPMENT/math/integer/small/l_small_mul_16_16x16.asm:61
loop_1                          = $467E ; addr, local, , l_small_mul_16_16x16, code_math, ../_DEVELOPMENT/math/integer/small/l_small_mul_16_16x16.asm:75
TileMapConf                     = $0406 ; addr, public, , tilemap_conf_asm, , tilemap_conf.asm:75
_nametable                      = $0100 ; const, public, , tilemap_conf_asm, , tilemap_conf.asm:60
pantalla_juego                  = $0100 ; const, public, , tilemap_conf_asm, , tilemap_conf.asm:61
tiles_tocados                   = $CE00 ; const, public, , tilemap_conf_asm, , tilemap_conf.asm:58
posiciones_pantalla             = $0406 ; addr, public, , tilemap_conf_asm, , tilemap_conf.asm:77
posiciones_super_buffer         = $0436 ; addr, public, , tilemap_conf_asm, , tilemap_conf.asm:106
posicion_inicial_area_visible   = $C000 ; const, public, , tilemap_conf_asm, , tilemap_conf.asm:63
posicion_inicial_superbuffer    = $9000 ; const, public, , tilemap_conf_asm, , tilemap_conf.asm:64
ancho_pantalla_bytes            = $0040 ; const, public, , tilemap_conf_asm, , tilemap_conf.asm:69
alto_pantalla_bytes             = $00C0 ; const, public, , tilemap_conf_asm, , tilemap_conf.asm:70
ancho_pantalla_bytes_visible    = $0040 ; const, public, , tilemap_conf_asm, , tilemap_conf.asm:71
mascara1                        = $0000 ; const, public, , tilemap_conf_asm, , tilemap_conf.asm:53
mascara2                        = $0000 ; const, public, , tilemap_conf_asm, , tilemap_conf.asm:54
behindtilemasks                 = $0466 ; addr, public, , tilemap_conf_asm, , tilemap_conf.asm:139
viewport_x                      = $0001 ; const, public, , mk1_c, code_compiler, autodefs.h:8
viewport_y                      = $0002 ; const, public, , mk1_c, code_compiler, autodefs.h:8
tiles                           = $1182 ; addr, public, , mk1_c, code_compiler, assets/tileset.h::show_buffer_and_tiles::0::3:5
_def_keys                       = $0566 ; addr, public, , mk1_c, , my/config.h:256
_behs                           = $0BE3 ; addr, public, , mk1_c, data_compiler, my/config.h:380
_enems_load                     = $336D ; addr, public, , mk1_c, code_compiler, engine/enengine.h::enems_load::0::76:79
_enems_kill                     = $353E ; addr, public, , mk1_c, code_compiler, engine/enengine.h::enems_kill::0::83:235
_enems_move                     = $354F ; addr, public, , mk1_c, code_compiler, engine/enengine.h::enems_move::0::84:265
_collide                        = $28DE ; addr, public, , mk1_c, code_compiler, engine/general.h::collide::0::22:14
_cm_two_points                  = $2910 ; addr, public, , mk1_c, code_compiler, engine/general.h::cm_two_points::0::23:63
_rand                           = $296D ; addr, public, , mk1_c, code_compiler, engine/general.h::rand::0::24:138
_abs                            = $2996 ; addr, public, , mk1_c, code_compiler, engine/general.h::abs::0::25:182
_hotspots_init                  = $3756 ; addr, public, , mk1_c, code_compiler, engine/hotspots.h::hotspots_init::0::91:7
_hotspots_do                    = $3765 ; addr, public, , mk1_c, code_compiler, engine/hotspots.h::hotspots_do::0::92:30
_player_init                    = $2C8B ; addr, public, , mk1_c, code_compiler, engine/player.h::player_init::0::38:13
_player_calc_bounding_box       = $2CF7 ; addr, public, , mk1_c, code_compiler, engine/player.h::player_calc_bounding_box::0::39:73
_player_move                    = $2D38 ; addr, public, , mk1_c, code_compiler, engine/player.h::player_move::0::40:247
_player_deplete                 = $3313 ; addr, public, , mk1_c, code_compiler, engine/player.h::player_deplete::0::74:1488
_player_kill                    = $333E ; addr, public, , mk1_c, code_compiler, engine/player.h::player_kill::0::75:1492
_draw_hud                       = $40EA ; addr, public, , mk1_c, code_compiler, mainloop/hud.h::draw_hud::0::104:6
_unpack                         = $0EFD ; addr, public, , mk1_c, code_compiler, aplib.h::unpack::0::0:155
_game_ending                    = $29AD ; addr, public, , mk1_c, code_compiler, my/fixed_screens.h::game_ending::0::26:4
_game_over                      = $29D5 ; addr, public, , mk1_c, code_compiler, my/fixed_screens.h::game_over::0::27:19
_pause_screen                   = $2A1F ; addr, public, , mk1_c, code_compiler, my/fixed_screens.h::pause_screen::0::28:40
_addsign                        = $2A61 ; addr, public, , mk1_c, code_compiler, engine.h::addsign::0::29:20
_espera_activa                  = $2A7B ; addr, public, , mk1_c, code_compiler, engine.h::espera_activa::0::30:28
_process_tile                   = $2A9C ; addr, public, , mk1_c, code_compiler, engine.h::process_tile::0::32:85
_draw_scr_background            = $2A9D ; addr, public, , mk1_c, code_compiler, engine.h::draw_scr_background::0::33:352
_draw_scr                       = $2B38 ; addr, public, , mk1_c, code_compiler, engine.h::draw_scr::0::35:524
_mons_col_sc_x                  = $2BBF ; addr, public, , mk1_c, code_compiler, engine.h::mons_col_sc_x::0::36:768
_mons_col_sc_y                  = $2C2D ; addr, public, , mk1_c, code_compiler, engine.h::mons_col_sc_y::0::37:849
_blackout                       = $1156 ; addr, public, , mk1_c, code_compiler, pantallas.h::blackout::0::1:32
_attr                           = $266A ; addr, public, , mk1_c, code_compiler, printer.h::attr::0::3:6
_qtile                          = $269A ; addr, public, , mk1_c, code_compiler, printer.h::qtile::0::4:61
_draw_coloured_tile             = $26D0 ; addr, public, , mk1_c, code_compiler, printer.h::draw_coloured_tile::0::6:167
_invalidate_tile                = $26EB ; addr, public, , mk1_c, code_compiler, printer.h::invalidate_tile::0::7:450
_invalidate_viewport            = $2704 ; addr, public, , mk1_c, code_compiler, printer.h::invalidate_viewport::0::8:470
_draw_invalidate_coloured_tile_gamearea = $2710 ; addr, public, , mk1_c, code_compiler, printer.h::draw_invalidate_coloured_tile_gamearea::0::9:482
_draw_coloured_tile_gamearea    = $2717 ; addr, public, , mk1_c, code_compiler, printer.h::draw_coloured_tile_gamearea::0::10:487
_draw_decorations               = $2734 ; addr, public, , mk1_c, code_compiler, printer.h::draw_decorations::0::11:491
_update_tile                    = $2767 ; addr, public, , mk1_c, code_compiler, printer.h::update_tile::0::12:536
_print_number2                  = $2798 ; addr, public, , mk1_c, code_compiler, printer.h::print_number2::0::13:578
_draw_objs                      = $27DF ; addr, public, , mk1_c, code_compiler, printer.h::draw_objs::0::14:600
_print_str                      = $27E0 ; addr, public, , mk1_c, code_compiler, printer.h::print_str::0::15:663
_clear_sprites                  = $280F ; addr, public, , mk1_c, code_compiler, printer.h::clear_sprites::0::16:717
_cpc_UpdateNow                  = $286B ; addr, public, , mk1_c, code_compiler, engine/update.h::cpc_UpdateNow::0::19:9
_wyz_init                       = $39CD ; addr, public, , mk1_c, code_compiler, wyz_player.h::wyz_init::0::96:9
_wyz_play_music                 = $39D8 ; addr, public, , mk1_c, code_compiler, wyz_player.h::wyz_play_music::0::97:18
_wyz_play_sound                 = $3A00 ; addr, public, , mk1_c, code_compiler, wyz_player.h::wyz_play_sound::0::98:30
_wyz_stop_sound                 = $3A09 ; addr, public, , mk1_c, code_compiler, wyz_player.h::wyz_stop_sound::0::99:41
_pad0                           = $4507 ; addr, public, , mk1_c, bss_compiler, mk1.c::main::0::128:118
_enoffs                         = $4508 ; addr, public, , mk1_c, bss_compiler, mk1.c::main::0::128:118
_asm_number                     = $450A ; addr, public, , mk1_c, bss_compiler, mk1.c::main::0::128:118
_asm_int                        = $450B ; addr, public, , mk1_c, bss_compiler, mk1.c::main::0::128:118
_asm_int_2                      = $450D ; addr, public, , mk1_c, bss_compiler, mk1.c::main::0::128:118
_seed                           = $450F ; addr, public, , mk1_c, bss_compiler, mk1.c::main::0::128:118
_half_life                      = $4511 ; addr, public, , mk1_c, bss_compiler, mk1.c::main::0::128:118
_p_x                            = $4512 ; addr, public, , mk1_c, bss_compiler, mk1.c::main::0::128:118
_p_y                            = $4514 ; addr, public, , mk1_c, bss_compiler, mk1.c::main::0::128:118
_p_vx                           = $4516 ; addr, public, , mk1_c, bss_compiler, mk1.c::main::0::128:118
_p_vy                           = $4518 ; addr, public, , mk1_c, bss_compiler, mk1.c::main::0::128:118
_p_saltando                     = $451A ; addr, public, , mk1_c, bss_compiler, mk1.c::main::0::128:118
_p_cont_salto                   = $451B ; addr, public, , mk1_c, bss_compiler, mk1.c::main::0::128:118
_p_frame                        = $451C ; addr, public, , mk1_c, bss_compiler, mk1.c::main::0::128:118
_p_subframe                     = $451D ; addr, public, , mk1_c, bss_compiler, mk1.c::main::0::128:118
_p_facing                       = $451E ; addr, public, , mk1_c, bss_compiler, mk1.c::main::0::128:118
_p_estado                       = $451F ; addr, public, , mk1_c, bss_compiler, mk1.c::main::0::128:118
_p_ct_estado                    = $4520 ; addr, public, , mk1_c, bss_compiler, mk1.c::main::0::128:118
_p_gotten                       = $4521 ; addr, public, , mk1_c, bss_compiler, mk1.c::main::0::128:118
_pregotten                      = $4522 ; addr, public, , mk1_c, bss_compiler, mk1.c::main::0::128:118
_p_life                         = $4523 ; addr, public, , mk1_c, bss_compiler, mk1.c::main::0::128:118
_p_objs                         = $4524 ; addr, public, , mk1_c, bss_compiler, mk1.c::main::0::128:118
_p_keys                         = $4525 ; addr, public, , mk1_c, bss_compiler, mk1.c::main::0::128:118
_p_fuel                         = $4526 ; addr, public, , mk1_c, bss_compiler, mk1.c::main::0::128:118
_p_killed                       = $4527 ; addr, public, , mk1_c, bss_compiler, mk1.c::main::0::128:118
_p_disparando                   = $4528 ; addr, public, , mk1_c, bss_compiler, mk1.c::main::0::128:118
_p_facing_v                     = $4529 ; addr, public, , mk1_c, bss_compiler, mk1.c::main::0::128:118
_p_facing_h                     = $452A ; addr, public, , mk1_c, bss_compiler, mk1.c::main::0::128:118
_p_ammo                         = $452B ; addr, public, , mk1_c, bss_compiler, mk1.c::main::0::128:118
_p_killme                       = $452C ; addr, public, , mk1_c, bss_compiler, mk1.c::main::0::128:118
_p_kill_amt                     = $452D ; addr, public, , mk1_c, bss_compiler, mk1.c::main::0::128:118
_p_tx                           = $452E ; addr, public, , mk1_c, bss_compiler, mk1.c::main::0::128:118
_p_ty                           = $452F ; addr, public, , mk1_c, bss_compiler, mk1.c::main::0::128:118
_ptgmx                          = $4530 ; addr, public, , mk1_c, bss_compiler, mk1.c::main::0::128:118
_ptgmy                          = $4532 ; addr, public, , mk1_c, bss_compiler, mk1.c::main::0::128:118
_spacer                         = $0C13 ; addr, public, , mk1_c, data_compiler, definitions.h:127
_enit                           = $4534 ; addr, public, , mk1_c, bss_compiler, mk1.c::main::0::128:118
_enspit                         = $4535 ; addr, public, , mk1_c, bss_compiler, mk1.c::main::0::128:118
__en_x                          = $4536 ; addr, public, , mk1_c, bss_compiler, mk1.c::main::0::128:118
__en_y                          = $4537 ; addr, public, , mk1_c, bss_compiler, mk1.c::main::0::128:118
__en_x1                         = $4538 ; addr, public, , mk1_c, bss_compiler, mk1.c::main::0::128:118
__en_y1                         = $4539 ; addr, public, , mk1_c, bss_compiler, mk1.c::main::0::128:118
__en_x2                         = $453A ; addr, public, , mk1_c, bss_compiler, mk1.c::main::0::128:118
__en_y2                         = $453B ; addr, public, , mk1_c, bss_compiler, mk1.c::main::0::128:118
__en_mx                         = $453C ; addr, public, , mk1_c, bss_compiler, mk1.c::main::0::128:118
__en_my                         = $453D ; addr, public, , mk1_c, bss_compiler, mk1.c::main::0::128:118
__en_t                          = $453E ; addr, public, , mk1_c, bss_compiler, mk1.c::main::0::128:118
__en_life                       = $453F ; addr, public, , mk1_c, bss_compiler, mk1.c::main::0::128:118
__baddies_pointer               = $4540 ; addr, public, , mk1_c, bss_compiler, mk1.c::main::0::128:118
_hotspot_x                      = $4542 ; addr, public, , mk1_c, bss_compiler, mk1.c::main::0::128:118
_hotspot_y                      = $4543 ; addr, public, , mk1_c, bss_compiler, mk1.c::main::0::128:118
_hotspot_destroy                = $4544 ; addr, public, , mk1_c, bss_compiler, mk1.c::main::0::128:118
_orig_tile                      = $4545 ; addr, public, , mk1_c, bss_compiler, mk1.c::main::0::128:118
_flags                          = $4546 ; addr, public, , mk1_c, bss_compiler, mk1.c::main::0::128:118
_o_pant                         = $4566 ; addr, public, , mk1_c, bss_compiler, mk1.c::main::0::128:118
_n_pant                         = $4567 ; addr, public, , mk1_c, bss_compiler, mk1.c::main::0::128:118
_is_rendering                   = $4568 ; addr, public, , mk1_c, bss_compiler, mk1.c::main::0::128:118
_level                          = $4569 ; addr, public, , mk1_c, bss_compiler, mk1.c::main::0::128:118
_slevel                         = $456A ; addr, public, , mk1_c, bss_compiler, mk1.c::main::0::128:118
_warp_to_level                  = $0C15 ; addr, public, , mk1_c, data_compiler, definitions.h:209
_maincounter                    = $456B ; addr, public, , mk1_c, bss_compiler, mk1.c::main::0::128:118
_gpx                            = $456C ; addr, public, , mk1_c, bss_compiler, mk1.c::main::0::128:118
_gpox                           = $456D ; addr, public, , mk1_c, bss_compiler, mk1.c::main::0::128:118
_gpy                            = $456E ; addr, public, , mk1_c, bss_compiler, mk1.c::main::0::128:118
_gpd                            = $456F ; addr, public, , mk1_c, bss_compiler, mk1.c::main::0::128:118
_gpc                            = $4570 ; addr, public, , mk1_c, bss_compiler, mk1.c::main::0::128:118
_gpt                            = $4571 ; addr, public, , mk1_c, bss_compiler, mk1.c::main::0::128:118
_gpxx                           = $4572 ; addr, public, , mk1_c, bss_compiler, mk1.c::main::0::128:118
_gpyy                           = $4573 ; addr, public, , mk1_c, bss_compiler, mk1.c::main::0::128:118
_gpcx                           = $4574 ; addr, public, , mk1_c, bss_compiler, mk1.c::main::0::128:118
_gpcy                           = $4575 ; addr, public, , mk1_c, bss_compiler, mk1.c::main::0::128:118
_possee                         = $4576 ; addr, public, , mk1_c, bss_compiler, mk1.c::main::0::128:118
_hit_v                          = $4577 ; addr, public, , mk1_c, bss_compiler, mk1.c::main::0::128:118
_hit_h                          = $4578 ; addr, public, , mk1_c, bss_compiler, mk1.c::main::0::128:118
_hit                            = $4579 ; addr, public, , mk1_c, bss_compiler, mk1.c::main::0::128:118
_wall_h                         = $457A ; addr, public, , mk1_c, bss_compiler, mk1.c::main::0::128:118
_wall_v                         = $457B ; addr, public, , mk1_c, bss_compiler, mk1.c::main::0::128:118
_gpen_x                         = $457C ; addr, public, , mk1_c, bss_compiler, mk1.c::main::0::128:118
_gpen_y                         = $457D ; addr, public, , mk1_c, bss_compiler, mk1.c::main::0::128:118
_gpen_cx                        = $457E ; addr, public, , mk1_c, bss_compiler, mk1.c::main::0::128:118
_gpen_cy                        = $457F ; addr, public, , mk1_c, bss_compiler, mk1.c::main::0::128:118
_gpaux                          = $4580 ; addr, public, , mk1_c, bss_compiler, mk1.c::main::0::128:118
_tocado                         = $4581 ; addr, public, , mk1_c, bss_compiler, mk1.c::main::0::128:118
_active                         = $4582 ; addr, public, , mk1_c, bss_compiler, mk1.c::main::0::128:118
_gpit                           = $4583 ; addr, public, , mk1_c, bss_compiler, mk1.c::main::0::128:118
_gpjt                           = $4584 ; addr, public, , mk1_c, bss_compiler, mk1.c::main::0::128:118
_enoffsmasi                     = $4585 ; addr, public, , mk1_c, bss_compiler, mk1.c::main::0::128:118
_gpint                          = $4587 ; addr, public, , mk1_c, bss_compiler, mk1.c::main::0::128:118
_map_pointer                    = $4589 ; addr, public, , mk1_c, bss_compiler, mk1.c::main::0::128:118
_rdx                            = $458B ; addr, public, , mk1_c, bss_compiler, mk1.c::main::0::128:118
_rdy                            = $458C ; addr, public, , mk1_c, bss_compiler, mk1.c::main::0::128:118
_rda                            = $458D ; addr, public, , mk1_c, bss_compiler, mk1.c::main::0::128:118
_rdb                            = $458E ; addr, public, , mk1_c, bss_compiler, mk1.c::main::0::128:118
_rdc                            = $458F ; addr, public, , mk1_c, bss_compiler, mk1.c::main::0::128:118
_rdd                            = $4590 ; addr, public, , mk1_c, bss_compiler, mk1.c::main::0::128:118
_rdn                            = $4591 ; addr, public, , mk1_c, bss_compiler, mk1.c::main::0::128:118
_rdt                            = $4592 ; addr, public, , mk1_c, bss_compiler, mk1.c::main::0::128:118
_itj                            = $4593 ; addr, public, , mk1_c, bss_compiler, mk1.c::main::0::128:118
_objs_old                       = $4595 ; addr, public, , mk1_c, bss_compiler, mk1.c::main::0::128:118
_keys_old                       = $4596 ; addr, public, , mk1_c, bss_compiler, mk1.c::main::0::128:118
_life_old                       = $4597 ; addr, public, , mk1_c, bss_compiler, mk1.c::main::0::128:118
_killed_old                     = $4598 ; addr, public, , mk1_c, bss_compiler, mk1.c::main::0::128:118
_gen_pt                         = $4599 ; addr, public, , mk1_c, bss_compiler, mk1.c::main::0::128:118
_playing                        = $459B ; addr, public, , mk1_c, bss_compiler, mk1.c::main::0::128:118
_success                        = $459C ; addr, public, , mk1_c, bss_compiler, mk1.c::main::0::128:118
__x                             = $459D ; addr, public, , mk1_c, bss_compiler, mk1.c::main::0::128:118
__y                             = $459E ; addr, public, , mk1_c, bss_compiler, mk1.c::main::0::128:118
__n                             = $459F ; addr, public, , mk1_c, bss_compiler, mk1.c::main::0::128:118
__t                             = $45A0 ; addr, public, , mk1_c, bss_compiler, mk1.c::main::0::128:118
_cx1                            = $45A1 ; addr, public, , mk1_c, bss_compiler, mk1.c::main::0::128:118
_cy1                            = $45A2 ; addr, public, , mk1_c, bss_compiler, mk1.c::main::0::128:118
_cx2                            = $45A3 ; addr, public, , mk1_c, bss_compiler, mk1.c::main::0::128:118
_cy2                            = $45A4 ; addr, public, , mk1_c, bss_compiler, mk1.c::main::0::128:118
_at1                            = $45A5 ; addr, public, , mk1_c, bss_compiler, mk1.c::main::0::128:118
_at2                            = $45A6 ; addr, public, , mk1_c, bss_compiler, mk1.c::main::0::128:118
_x0                             = $45A7 ; addr, public, , mk1_c, bss_compiler, mk1.c::main::0::128:118
_y0                             = $45A8 ; addr, public, , mk1_c, bss_compiler, mk1.c::main::0::128:118
_x1                             = $45A9 ; addr, public, , mk1_c, bss_compiler, mk1.c::main::0::128:118
_y1                             = $45AA ; addr, public, , mk1_c, bss_compiler, mk1.c::main::0::128:118
_ptx1                           = $45AB ; addr, public, , mk1_c, bss_compiler, mk1.c::main::0::128:118
_pty1                           = $45AC ; addr, public, , mk1_c, bss_compiler, mk1.c::main::0::128:118
_ptx2                           = $45AD ; addr, public, , mk1_c, bss_compiler, mk1.c::main::0::128:118
_pty2                           = $45AE ; addr, public, , mk1_c, bss_compiler, mk1.c::main::0::128:118
_pty2b                          = $45AF ; addr, public, , mk1_c, bss_compiler, mk1.c::main::0::128:118
__gp_gen                        = $45B0 ; addr, public, , mk1_c, bss_compiler, mk1.c::main::0::128:118
_def_keys_joy                   = $0E23 ; addr, public, , mk1_c, code_compiler, definitions.h:327
_isr_player_on                  = $45B2 ; addr, public, , mk1_c, bss_compiler, mk1.c::main::0::128:118
_t_seconds                      = $45B3 ; addr, public, , mk1_c, bss_compiler, mk1.c::main::0::128:118
_is_joystick                    = $45B5 ; addr, public, , mk1_c, bss_compiler, mk1.c::main::0::128:118
_ram_address                    = $45B6 ; addr, public, , mk1_c, bss_compiler, mk1.c::main::0::128:118
_ram_destination                = $45B8 ; addr, public, , mk1_c, bss_compiler, mk1.c::main::0::128:118
_s_title                        = $0F18 ; addr, public, , mk1_c, code_compiler, pantallas.h::unpack::0::1:13
_s_marco                        = $1005 ; addr, public, , mk1_c, code_compiler, pantallas.h::unpack::0::1:13
_s_ending                       = $107F ; addr, public, , mk1_c, code_compiler, pantallas.h::unpack::0::1:25
_show_buffer_and_tiles          = $1175 ; addr, public, , mk1_c, code_compiler, pantallas.h::show_buffer_and_tiles::0::2:55
_my_inks                        = $44D0 ; addr, public, , mk1_c, rodata_compiler, assets/pal.h::show_buffer_and_tiles::0::3:5
_mapa                           = $0C16 ; addr, public, , mk1_c, data_compiler, assets/mapa.h::show_buffer_and_tiles::0::3:5
_cerrojos                       = $45BA ; addr, public, , mk1_c, bss_compiler, mk1.c::main::0::128:118
_tileset                        = $1182 ; addr, public, , mk1_c, code_compiler, assets/tileset.h::show_buffer_and_tiles::0::3:5
_malotes                        = $0D42 ; addr, public, , mk1_c, data_compiler, assets/enems.h::show_buffer_and_tiles::0::3:17
_hotspots                       = $0DAE ; addr, public, , mk1_c, data_compiler, assets/enems.h::show_buffer_and_tiles::0::3:56
_sprites                        = $2182 ; addr, public, , mk1_c, code_compiler, assets/sprites.h::show_buffer_and_tiles::0::3:10
_sprite_18_a                    = $2582 ; addr, public, , mk1_c, code_compiler, assets/extrasprites.h::show_buffer_and_tiles::0::3:29
_sm_cox                         = $0DBA ; addr, public, , mk1_c, data_compiler, assets/spriteset_mappings.h::show_buffer_and_tiles::0::3:9
_sm_coy                         = $0DCA ; addr, public, , mk1_c, data_compiler, assets/spriteset_mappings.h::show_buffer_and_tiles::0::3:14
_sm_invfunc                     = $0DDA ; addr, public, , mk1_c, data_compiler, assets/spriteset_mappings.h::show_buffer_and_tiles::0::3:19
_sm_updfunc                     = $0DFA ; addr, public, , mk1_c, data_compiler, assets/spriteset_mappings.h::show_buffer_and_tiles::0::3:26
_sm_sprptr                      = $25E2 ; addr, public, , mk1_c, code_compiler, assets/spriteset_mappings.h::show_buffer_and_tiles::0::3:34
_trpixlutc                      = $2602 ; addr, public, , mk1_c, code_compiler, assets/trpixlut.h::show_buffer_and_tiles::0::3:6
__tile_address                  = $26B8 ; addr, public, , mk1_c, code_compiler, printer.h::_tile_address::0::5:134
_utaux                          = $0E1A ; addr, public, , mk1_c, data_compiler, printer.h::draw_decorations::0::12:535
_pal_set                        = $283D ; addr, public, , mk1_c, code_compiler, printer.h::pal_set::0::18:727
_wyz_songs                      = $39C9 ; addr, public, , mk1_c, code_compiler, my/wyz/songs.h::hotspots_do::0::96:6
_title_screen                   = $408E ; addr, public, , mk1_c, code_compiler, my/title_screen.h::title_screen::0::100:6
_main                           = $4119 ; addr, public, , mk1_c, code_compiler, mainloop.h::main::0::107:7
cpc_ShowTileMap                 = $057E ; addr, public, , cpc_ShowTileMap, , cpc_ShowTileMap.asm:20
cpc_ResetTouchedTiles           = $0619 ; addr, public, , cpc_ResetTouchedTiles, , cpc_ResetTouchedTiles.asm:18
cpc_UpdScr                      = $0627 ; addr, public, , cpc_UpdScr, , cpc_UpdScr.asm:29
cpc_ShowTouchedTiles            = $06F6 ; addr, public, , cpc_ShowTouchedTiles, , cpc_ShowTouchedTiles.asm:36
cpc_PutSpTileMap4x8             = $07A0 ; addr, public, , cpc_PutSpTileMap4x8, , cpc_PutSpTileMap4x8.asm:25
cpc_PutSpTileMap16x16PxM1       = $07ED ; addr, public, , cpc_PutSpTileMap16x16PxM1, , cpc_PutSpTileMap16x16PxM1.asm:26
cpc_TestKey                     = $0859 ; addr, public, , cpc_TestKey, , cpc_TestKey.asm:14
cpc_TestKeyboard                = $0873 ; addr, public, , cpc_TestKeyboard, , cpc_TestKeyboard.asm:3
cpc_AnyKeyPressed               = $0897 ; addr, public, , cpc_AnyKeyPressed, , cpc_AnyKeyPressed.asm:11
cpc_SetMode                     = $08B1 ; addr, public, , cpc_SetMode, , cpc_SetMode.asm:8
cpc_SetColour                   = $08BB ; addr, public, , cpc_SetColour, , cpc_SetColour.asm:8
cpc_UpdTileTable                = $08DC ; addr, public, , cpc_UpdTileTable, , cpc_UpdTileTable.asm:54
cpc_UpdTileTableClp             = $08CE ; addr, public, , cpc_UpdTileTable, , cpc_UpdTileTable.asm:32
cpc_PutTrSp4x8TileMap2b         = $08FB ; addr, public, , cpc_PutTrSp4x8TileMap2b, , cpc_PutTrSp4x8TileMap2b.asm:19
cpc_PutTrSp16x16TileMap2bPxM1   = $0940 ; addr, public, , cpc_PutTrSp16x16TileMap2bPxM1, , cpc_PutTrSp16x16TileMap2bPxM1.asm:19
cpc_KeysData                    = $0B3F ; addr, public, , cpc_KeysData, , cpc_KeysData.asm:14
tabla_teclas                    = $0B4B ; addr, public, , cpc_KeysData, , cpc_KeysData.asm:40
keymap                          = $0B3F ; addr, public, , cpc_KeysData, , cpc_KeysData.asm:41
cpc_Bit2Mask                    = $0B64 ; addr, public, , cpc_Bit2Mask, , cpc_Bit2Mask.asm:5
cpc_TblLookup                   = $0B6C ; addr, public, , cpc_TblLookup, , cpc_TblLookup.asm:11
cpc_InvalidateRect              = $0B73 ; addr, public, , cpc_InvalidateRect, , cpc_InvalidateRect.asm:29
cpc_bitright2mask               = $0BD3 ; addr, public, , cpc_bitright2mask, , cpc_bitright2mask.asm:4
cpc_bitleft2mask                = $0BDB ; addr, public, , cpc_bitleft2mask, , cpc_bitleft2mask.asm:4
l_div_u                         = $4627 ; addr, public, , l_div_u, code_crt0_sccz80, sccz80/crt0_z80/l_div_u.asm:17
l_divu_16_16x16                 = $4628 ; addr, public, , l_divu_16_16x16, code_math, ../_DEVELOPMENT/math/integer/l_divu_16_16x16.asm:22
l0_divu_16_16x16                = $462C ; addr, public, , l_divu_16_16x16, code_math, ../_DEVELOPMENT/math/integer/l_divu_16_16x16.asm:23
l_small_divu_16_16x16           = $4628 ; addr, public, , l_small_divu_16_16x16, code_math, ../_DEVELOPMENT/math/integer/small/l_small_divu_16_16x16.asm:17
l0_small_divu_16_16x16          = $462C ; addr, public, , l_small_divu_16_16x16, code_math, ../_DEVELOPMENT/math/integer/small/l_small_divu_16_16x16.asm:42
l_small_divu_16_16x8            = $4648 ; addr, public, , l_small_divu_16_16x16, code_math, ../_DEVELOPMENT/math/integer/small/l_small_divu_16_16x16.asm:87
l0_small_divu_16_16x8           = $464C ; addr, public, , l_small_divu_16_16x16, code_math, ../_DEVELOPMENT/math/integer/small/l_small_divu_16_16x16.asm:112
error_divide_by_zero_mc         = $4685 ; addr, public, , error_divide_by_zero_mc, code_error, ../_DEVELOPMENT/error/z80/error_divide_by_zero_mc.asm:12
error_edom_mc                   = $4685 ; addr, public, , error_edom_mc, code_error, ../_DEVELOPMENT/error/z80/error_edom_mc.asm:57
errno_mc                        = $4687 ; addr, public, , errno_mc, code_error, ../_DEVELOPMENT/error/z80/errno_mc.asm:21
_errno                          = $4697 ; addr, public, , _errno, bss_error, ../_DEVELOPMENT/error/z80/_errno.asm:7
error_mc                        = $4692 ; addr, public, , error_mc, code_error, ../_DEVELOPMENT/error/z80/error_mc.asm:11
l_eq                            = $45BC ; addr, public, , l_eq, code_crt0_sccz80, sccz80/crt0_z80/l_eq.asm:17
l_gchar                         = $45C6 ; addr, public, , l_gchar, code_crt0_sccz80, sccz80/crt0_z80/l_gchar.asm:11
l_gint                          = $45CC ; addr, public, , l_gint, code_crt0_sccz80, sccz80/crt0_z80/l_gint.asm:11
l_gintsp                        = $45D1 ; addr, public, , l_gintsp, code_crt0_sccz80, sccz80/crt0_z80/l_gintsp.asm:7
l_gt                            = $45D9 ; addr, public, , l_gt, code_crt0_sccz80, sccz80/crt0_z80/l_gt.asm:15
l_compare_result                = $45E9 ; addr, public, , l_compare_result, code_crt0_sccz80, sccz80/crt0_z80/l_compare_result.asm:4
l_lneg                          = $45EF ; addr, public, , l_lneg, code_crt0_sccz80, sccz80/crt0_z80/l_lneg.asm:14
l_lt                            = $45F8 ; addr, public, , l_lt, code_crt0_sccz80, sccz80/crt0_z80/l_lt.asm:15
l_mult                          = $4662 ; addr, public, , l_mul, code_crt0_sccz80, sccz80/crt0_z80/l_mul.asm:12
l_mulu_16_16x16                 = $4662 ; addr, public, , l_mulu_16_16x16, code_math, ../_DEVELOPMENT/math/integer/l_mulu_16_16x16.asm:36
l_small_mul_16_16x16            = $4662 ; addr, public, , l_small_mul_16_16x16, code_math, ../_DEVELOPMENT/math/integer/small/l_small_mul_16_16x16.asm:10
l_small_mul_16_16x8             = $4671 ; addr, public, , l_small_mul_16_16x16, code_math, ../_DEVELOPMENT/math/integer/small/l_small_mul_16_16x16.asm:42
l_ne                            = $4608 ; addr, public, , l_ne, code_crt0_sccz80, sccz80/crt0_z80/l_ne.asm:16
l_neg                           = $4613 ; addr, public, , l_neg, code_crt0_sccz80, sccz80/crt0_z80/l_neg.asm:13
l_pint                          = $461B ; addr, public, , l_pint, code_crt0_sccz80, sccz80/crt0_z80/l_pint.asm:11
l_pint_pop                      = $4621 ; addr, public, , l_pint_pop, code_crt0_sccz80, sccz80/crt0_z80/l_pint_pop.asm:12
__head                          = $0400 ; const, public, def, , ,
__tail                          = $4699 ; const, public, def, , ,
__size                          = $4299 ; const, public, def, , ,
__data_compiler_head            = $0BE3 ; const, public, def, , ,
__data_compiler_tail            = $0E1B ; const, public, def, , ,
__data_compiler_size            = $0238 ; const, public, def, , ,
__code_compiler_head            = $0E1B ; const, public, def, , ,
__code_compiler_tail            = $44D0 ; const, public, def, , ,
__code_compiler_size            = $36B5 ; const, public, def, , ,
__rodata_compiler_head          = $44D0 ; const, public, def, , ,
__rodata_compiler_tail          = $4507 ; const, public, def, , ,
__rodata_compiler_size          = $0037 ; const, public, def, , ,
__bss_compiler_head             = $4507 ; const, public, def, , ,
__bss_compiler_tail             = $45BC ; const, public, def, , ,
__bss_compiler_size             = $00B5 ; const, public, def, , ,
__code_crt0_sccz80_head         = $45BC ; const, public, def, , ,
__code_crt0_sccz80_tail         = $4627 ; const, public, def, , ,
__code_crt0_sccz80_size         = $006B ; const, public, def, , ,
__code_clib_head                = $4627 ; const, public, def, , ,
__code_clib_tail                = $4627 ; const, public, def, , ,
__code_clib_size                = $0000 ; const, public, def, , ,
__code_math_head                = $4627 ; const, public, def, , ,
__code_math_tail                = $4682 ; const, public, def, , ,
__code_math_size                = $005B ; const, public, def, , ,
__code_error_head               = $4682 ; const, public, def, , ,
__code_error_tail               = $4697 ; const, public, def, , ,
__code_error_size               = $0015 ; const, public, def, , ,
__bss_clib_head                 = $4697 ; const, public, def, , ,
__bss_clib_tail                 = $4697 ; const, public, def, , ,
__bss_clib_size                 = $0000 ; const, public, def, , ,
__bss_error_head                = $4697 ; const, public, def, , ,
__bss_error_tail                = $4699 ; const, public, def, , ,
__bss_error_size                = $0002 ; const, public, def, , ,
